******************************************************************************
               TMS320C6x Linker PC v8.3.12                     
******************************************************************************
>> Linked Sat Apr 30 22:16:47 2022

OUTPUT FILE NAME:   <PRULoader.out>
ENTRY POINT SYMBOL: "_c_int00"  address: 118018c0


MEMORY CONFIGURATION

         name            origin    length      used     unused   attr    fill
----------------------  --------  ---------  --------  --------  ----  --------
  DSPL2RAM              11800000   00040000  0000212c  0003ded4  RWIX
  SHRAM                 80000000   00020000  00000000  00020000  RWIX
  DDR2                  c0000000   08000000  00000000  08000000  RWIX


SEGMENT ALLOCATION MAP

run origin  load origin   length   init length attrs members
----------  ----------- ---------- ----------- ----- -------
11800000    11800000    00001000   00000000    rw-
  11800000    11800000    00001000   00000000    rw- .stack
11801000    11801000    000010cc   000010cc    r-x
  11801000    11801000    00000a20   00000a20    r-x .text
  11801a20    11801a20    000006ac   000006ac    r-- .const
118020cc    118020cc    00000004   00000000    rw-
  118020cc    118020cc    00000004   00000000    rw- .neardata
118020d0    118020d0    0000001c   00000000    rw-
  118020d0    118020d0    0000001c   00000000    rw- .fardata
118020f0    118020f0    00000040   00000040    r--
  118020f0    118020f0    00000040   00000040    r-- .cinit


SECTION ALLOCATION MAP

 output                                  attributes/
section   page    origin      length       input sections
--------  ----  ----------  ----------   ----------------
.stack     0    11800000    00001000     UNINITIALIZED
                  11800000    00000008     rts6740_elf.lib : boot.c.obj (.stack)
                  11800008    00000ff8     --HOLE--

.text      0    11801000    00000a20     
                  11801000    000001e0     Loader.lib : PRULoader.obj (.text)
                  118011e0    00000160     drivers.lib : psc.obj (.text)
                  11801340    00000100     rts6740_elf.lib : copy_decompress_rle.c.obj (.text:__TI_decompress_rle_core)
                  11801440    000000e0                     : exit.c.obj (.text:exit)
                  11801520    000000e0                     : memset.c.obj (.text:memset)
                  11801600    000000c0                     : autoinit.c.obj (.text:__TI_auto_init_nobinit_nopinit:__TI_auto_init_nobinit_nopinit)
                  118016c0    000000c0                     : tls.c.obj (.text:tls:init:__TI_tls_init)
                  11801780    000000a0     main.obj (.text)
                  11801820    000000a0     rts6740_elf.lib : memcpy64.asm.obj (.text:memcpy)
                  118018c0    00000080                     : boot.c.obj (.text:_c_int00)
                  11801940    00000040                     : args_main.c.obj (.text:_args_main)
                  11801980    00000020                     : startup.c.obj (.text:_system_post_cinit)
                  118019a0    00000020                     : pre_init.c.obj (.text:_system_pre_init)
                  118019c0    00000020                     : exit.c.obj (.text:abort)
                  118019e0    00000020                     : copy_decompress_none.c.obj (.text:decompress:none:__TI_decompress_none)
                  11801a00    00000020                     : copy_decompress_rle.c.obj (.text:decompress:rle24:__TI_decompress_rle24)

.const     0    11801a20    000006ac     
                  11801a20    000006ac     main.obj (.const:.string:PRU_Code)

.neardata 
*          0    118020cc    00000004     UNINITIALIZED
                  118020cc    00000004     main.obj (.neardata)

.cinit     0    118020f0    00000040     
                  118020f0    0000001d     (.cinit..fardata.load) [load image, compression = rle]
                  1180210d    0000000a     (.cinit..neardata.load) [load image, compression = rle]
                  11802117    00000001     --HOLE-- [fill = 0]
                  11802118    00000008     (__TI_handler_table)
                  11802120    00000010     (__TI_cinit_table)

.init_array 
*          0    11800000    00000000     UNINITIALIZED

.fardata   0    118020d0    0000001c     UNINITIALIZED
                  118020d0    00000010     main.obj (.fardata:SEGVal)
                  118020e0    0000000c     rts6740_elf.lib : exit.c.obj (.fardata)

.rodata    0    118020d0    00000000     UNINITIALIZED

.bss       0    118020d0    00000000     UNINITIALIZED

MODULE SUMMARY

       Module                       code   ro data   rw data
       ------                       ----   -------   -------
    .\
       main.obj                     160    1708      20     
    +--+----------------------------+------+---------+---------+
       Total:                       160    1708      20     
                                                            
    ../../Library/Loader/Debug/Loader.lib
       PRULoader.obj                480    0         0      
    +--+----------------------------+------+---------+---------+
       Total:                       480    0         0      
                                                            
    ../../Library/StarterWare/Drivers/Debug/drivers.lib
       psc.obj                      352    0         0      
    +--+----------------------------+------+---------+---------+
       Total:                       352    0         0      
                                                            
    C:\ti\ti-cgt-c6000_8.3.12\lib\rts6740_elf.lib
       copy_decompress_rle.c.obj    288    0         0      
       exit.c.obj                   256    0         12     
       memset.c.obj                 224    0         0      
       autoinit.c.obj               192    0         0      
       tls.c.obj                    192    0         0      
       memcpy64.asm.obj             160    0         0      
       boot.c.obj                   128    0         0      
       args_main.c.obj              64     0         0      
       copy_decompress_none.c.obj   32     0         0      
       pre_init.c.obj               32     0         0      
       startup.c.obj                32     0         0      
    +--+----------------------------+------+---------+---------+
       Total:                       1600   0         12     
                                                            
       Stack:                       0      0         4096   
       Linker Generated:            0      63        0      
    +--+----------------------------+------+---------+---------+
       Grand Total:                 2592   1771      4128   


LINKER GENERATED COPY TABLES

__TI_cinit_table @ 11802120 records: 2, size/record: 8, table size: 16
	.fardata: load addr=118020f0, load size=0000001d bytes, run addr=118020d0, run size=0000001c bytes, compression=rle
	.neardata: load addr=1180210d, load size=0000000a bytes, run addr=118020cc, run size=00000004 bytes, compression=rle


LINKER GENERATED HANDLER TABLE

__TI_handler_table @ 11802118 records: 2, size/record: 4, table size: 8
	index: 0, handler: __TI_decompress_rle24
	index: 1, handler: __TI_decompress_none


GLOBAL SYMBOLS: SORTED ALPHABETICALLY BY Name 

address   name                           
-------   ----                           
118019c0  C$$EXIT                        
118020cc  LEDNixieVal                    
11801040  PRUDisable                     
11801000  PRUEnable                      
11801074  PRULoad                        
11801148  PRURun                         
11801178  PRUWaitForHalt                 
118011e0  PSCModuleControl               
118020d0  SEGVal                         
11802120  __TI_CINIT_Base                
11802130  __TI_CINIT_Limit               
11802118  __TI_Handler_Table_Base        
11802120  __TI_Handler_Table_Limit       
11801000  __TI_STACK_END                 
00001000  __TI_STACK_SIZE                
118020cc  __TI_STATIC_BASE               
UNDEFED   __TI_TLS_INIT_Base             
UNDEFED   __TI_TLS_INIT_Limit            
11801600  __TI_auto_init_nobinit_nopinit 
118020e0  __TI_cleanup_ptr               
118019e0  __TI_decompress_none           
11801a00  __TI_decompress_rle24          
118020e4  __TI_dtors_ptr                 
118020e8  __TI_enable_exit_profile_output
ffffffff  __TI_pprof_out_hndl            
ffffffff  __TI_prof_data_size            
ffffffff  __TI_prof_data_start           
118016c0  __TI_tls_init                  
ffffffff  __binit__                      
ffffffff  __c_args__                     
11801940  _args_main                     
118018c0  _c_int00                       
11800000  _stack                         
11801980  _system_post_cinit             
118019a0  _system_pre_init               
118019c0  abort                          
ffffffff  binit                          
11801440  exit                           
11801780  main                           
11801820  memcpy                         
11801520  memset                         


GLOBAL SYMBOLS: SORTED BY Symbol Address 

address   name                           
-------   ----                           
00001000  __TI_STACK_SIZE                
11800000  _stack                         
11801000  PRUEnable                      
11801000  __TI_STACK_END                 
11801040  PRUDisable                     
11801074  PRULoad                        
11801148  PRURun                         
11801178  PRUWaitForHalt                 
118011e0  PSCModuleControl               
11801440  exit                           
11801520  memset                         
11801600  __TI_auto_init_nobinit_nopinit 
118016c0  __TI_tls_init                  
11801780  main                           
11801820  memcpy                         
118018c0  _c_int00                       
11801940  _args_main                     
11801980  _system_post_cinit             
118019a0  _system_pre_init               
118019c0  C$$EXIT                        
118019c0  abort                          
118019e0  __TI_decompress_none           
11801a00  __TI_decompress_rle24          
118020cc  LEDNixieVal                    
118020cc  __TI_STATIC_BASE               
118020d0  SEGVal                         
118020e0  __TI_cleanup_ptr               
118020e4  __TI_dtors_ptr                 
118020e8  __TI_enable_exit_profile_output
11802118  __TI_Handler_Table_Base        
11802120  __TI_CINIT_Base                
11802120  __TI_Handler_Table_Limit       
11802130  __TI_CINIT_Limit               
ffffffff  __TI_pprof_out_hndl            
ffffffff  __TI_prof_data_size            
ffffffff  __TI_prof_data_start           
ffffffff  __binit__                      
ffffffff  __c_args__                     
ffffffff  binit                          
UNDEFED   __TI_TLS_INIT_Base             
UNDEFED   __TI_TLS_INIT_Limit            

[41 symbols]
