******************************************************************************
               TMS320C6x Linker PC v8.3.12                     
******************************************************************************
>> Linked Sun Apr 24 22:52:55 2022

OUTPUT FILE NAME:   <WM8960_LINE_OUT.out>
ENTRY POINT SYMBOL: "_c_int00"  address: 11807400


MEMORY CONFIGURATION

         name            origin    length      used     unused   attr    fill
----------------------  --------  ---------  --------  --------  ----  --------
  DSPL2RAM              11800000   00040000  00033774  0000c88c  RWIX
  SHRAM                 80000000   00020000  00000000  00020000  RWIX
  DDR2                  c0000000   08000000  000702e6  07f8fd1a  RWIX


SEGMENT ALLOCATION MAP

run origin  load origin   length   init length attrs members
----------  ----------- ---------- ----------- ----- -------
11800000    11800000    00007540   00007540    r-x
  11800000    11800000    00007540   00007540    r-x .text
11807540    11807540    00001000   00000000    rw-
  11807540    11807540    00001000   00000000    rw- .stack
11808540    11808540    00000068   00000064    r--
  11808540    11808540    00000040   00000040    r-- .const
  11808580    11808580    00000024   00000024    r-- .switch
  118085a4    118085a4    00000004   00000000    r-- .rodata
118085a8    118085a8    00000004   00000000    rw-
  118085a8    118085a8    00000004   00000000    rw- .bss
118085b0    118085b0    0002b1c8   0002b1c8    r--
  118085b0    118085b0    0002b1c8   0002b1c8    r-- .cinit
c0000000    c0000000    000702ec   00000000    rw-
  c0000000    c0000000    00038262   00000000    rw- .far
  c0038268    c0038268    00038084   00000000    rw- .fardata


SECTION ALLOCATION MAP

 output                                  attributes/
section   page    origin      length       input sections
--------  ----  ----------  ----------   ----------------
.text      0    11800000    00007540     
                  11800000    00001aa0     system_config.lib : interrupt.obj (.text:retain)
                  11801aa0    000017a0     drivers.lib : edma.obj (.text)
                  11803240    000010c0                 : mcasp.obj (.text)
                  11804300    00000b60     utils.lib : uartStdio.obj (.text)
                  11804e60    000005e0     system_config.lib : interrupt.obj (.text)
                  11805440    00000580     drivers.lib : uart.obj (.text)
                  118059c0    000004c0                 : i2c.obj (.text)
                  11805e80    00000400     McASPInit.obj (.text)
                  11806280    00000340     I2C.obj (.text)
                  118065c0    00000220     main.obj (.text)
                  118067e0    00000020     rts6740_elf.lib : startup.c.obj (.text:_system_post_cinit)
                  11806800    00000200     system_config.lib : intvecs.obj (.text)
                  11806a00    00000140     Platform.lib : UARTConsole.obj (.text)
                  11806b40    00000140     WM8960Init.obj (.text)
                  11806c80    00000140     drivers.lib : psc.obj (.text)
                  11806dc0    00000100     rts6740_elf.lib : copy_decompress_rle.c.obj (.text:__TI_decompress_rle_core)
                  11806ec0    000000e0                     : exit.c.obj (.text:exit)
                  11806fa0    000000e0                     : memset.c.obj (.text:memset)
                  11807080    000000c0                     : autoinit.c.obj (.text:__TI_auto_init_nobinit_nopinit:__TI_auto_init_nobinit_nopinit)
                  11807140    000000c0                     : divu.asm.obj (.text:__divu)
                  11807200    000000c0                     : tls.c.obj (.text:tls:init:__TI_tls_init)
                  118072c0    000000a0                     : remu.asm.obj (.text:__remu)
                  11807360    000000a0                     : memcpy64.asm.obj (.text:memcpy)
                  11807400    00000080                     : boot.c.obj (.text:_c_int00)
                  11807480    00000040                     : args_main.c.obj (.text:_args_main)
                  118074c0    00000020                     : pre_init.c.obj (.text:_system_pre_init)
                  118074e0    00000020                     : exit.c.obj (.text:abort)
                  11807500    00000020                     : copy_decompress_none.c.obj (.text:decompress:none:__TI_decompress_none)
                  11807520    00000020                     : copy_decompress_rle.c.obj (.text:decompress:rle24:__TI_decompress_rle24)

.stack     0    11807540    00001000     UNINITIALIZED
                  11807540    00000008     rts6740_elf.lib : boot.c.obj (.stack)
                  11807548    00000ff8     --HOLE--

.const     0    11808540    00000040     
                  11808540    00000024     main.obj (.const:.string)
                  11808564    0000001c     utils.lib : uartStdio.obj (.const:.string)

.switch    0    11808580    00000024     
                  11808580    00000024     utils.lib : uartStdio.obj (.switch:UARTprintf)

.cinit     0    118085b0    0002b1c8     
                  118085b0    0002b180     (.cinit..fardata.load) [load image, compression = rle]
                  11833730    0000000d     (.cinit..far.load) [load image, compression = rle]
                  1183373d    0000000a     (.cinit..rodata.load) [load image, compression = rle]
                  11833747    00000009     (.cinit..bss.load) [load image, compression = rle]
                  11833750    00000008     (__TI_handler_table)
                  11833758    00000020     (__TI_cinit_table)

.init_array 
*          0    11800000    00000000     UNINITIALIZED

.neardata 
*          0    118085a4    00000000     UNINITIALIZED

.rodata    0    118085a4    00000004     UNINITIALIZED
                  118085a4    00000004     utils.lib : uartStdio.obj (.rodata)

.bss       0    118085a8    00000004     UNINITIALIZED
                  118085a8    00000004     drivers.lib : edma.obj (.bss)

.far       0    c0000000    00038262     UNINITIALIZED
                  c0000000    00038014     (.common:toneRaw)
                  c0038014    00000004     --HOLE--
                  c0038018    00000240     system_config.lib : interrupt.obj (.far)
                  c0038258    0000000a     (.common:I2CData)

.fardata   0    c0038268    00038084     UNINITIALIZED
                  c0038268    00038014     toneRaw.obj (.fardata:toneRaw1)
                  c007027c    00000004     --HOLE--
                  c0070280    00000060     main.obj (.fardata:dmaPar)
                  c00702e0    0000000c     rts6740_elf.lib : exit.c.obj (.fardata)

MODULE SUMMARY

       Module                       code    ro data   rw data
       ------                       ----    -------   -------
    .\
       toneRaw.obj                  0       0         458792 
       McASPInit.obj                1024    0         0      
       I2C.obj                      832     0         10     
       main.obj                     544     36        96     
       WM8960Init.obj               320     0         0      
    +--+----------------------------+-------+---------+---------+
       Total:                       2720    36        458898 
                                                             
    ../../Library/StarterWare/Drivers/Debug/drivers.lib
       edma.obj                     6048    0         4      
       mcasp.obj                    4288    0         0      
       uart.obj                     1408    0         0      
       i2c.obj                      1216    0         0      
       psc.obj                      320     0         0      
    +--+----------------------------+-------+---------+---------+
       Total:                       13280   0         4      
                                                             
    ../../Library/StarterWare/Platform/Debug/Platform.lib
       UARTConsole.obj              320     0         0      
    +--+----------------------------+-------+---------+---------+
       Total:                       320     0         0      
                                                             
    ../../Library/StarterWare/SystemConfig/Debug/system_config.lib
       interrupt.obj                8320    0         576    
       intvecs.obj                  512     0         0      
    +--+----------------------------+-------+---------+---------+
       Total:                       8832    0         576    
                                                             
    ../../Library/StarterWare/utils/Debug/utils.lib
       uartStdio.obj                2912    68        0      
    +--+----------------------------+-------+---------+---------+
       Total:                       2912    68        0      
                                                             
    C:\ti\ti-cgt-c6000_8.3.12\lib\rts6740_elf.lib
       copy_decompress_rle.c.obj    288     0         0      
       exit.c.obj                   256     0         12     
       memset.c.obj                 224     0         0      
       autoinit.c.obj               192     0         0      
       divu.asm.obj                 192     0         0      
       tls.c.obj                    192     0         0      
       memcpy64.asm.obj             160     0         0      
       remu.asm.obj                 160     0         0      
       boot.c.obj                   128     0         0      
       args_main.c.obj              64      0         0      
       copy_decompress_none.c.obj   32      0         0      
       pre_init.c.obj               32      0         0      
       startup.c.obj                32      0         0      
    +--+----------------------------+-------+---------+---------+
       Total:                       1952    0         12     
                                                             
       Stack:                       0       0         4096   
       Linker Generated:            0       176584    0      
    +--+----------------------------+-------+---------+---------+
       Grand Total:                 30016   176688    463586 


LINKER GENERATED COPY TABLES

__TI_cinit_table @ 11833758 records: 4, size/record: 8, table size: 32
	.fardata: load addr=118085b0, load size=0002b180 bytes, run addr=c0038268, run size=00038084 bytes, compression=rle
	.far: load addr=11833730, load size=0000000d bytes, run addr=c0000000, run size=00038262 bytes, compression=rle
	.rodata: load addr=1183373d, load size=0000000a bytes, run addr=118085a4, run size=00000004 bytes, compression=rle
	.bss: load addr=11833747, load size=00000009 bytes, run addr=118085a8, run size=00000004 bytes, compression=rle


LINKER GENERATED HANDLER TABLE

__TI_handler_table @ 11833750 records: 2, size/record: 4, table size: 8
	index: 0, handler: __TI_decompress_rle24
	index: 1, handler: __TI_decompress_none


GLOBAL SYMBOLS: SORTED ALPHABETICALLY BY Name 

address   name                           
-------   ----                           
118074e0  C$$EXIT                        
11801e20  EDMA3ChannelToParamMap         
11802bc0  EDMA3ClearErrorBits            
118021c0  EDMA3ClrCCErr                  
11802264  EDMA3ClrEvt                    
11802658  EDMA3ClrIntr                   
118020b4  EDMA3ClrMissEvt                
11803054  EDMA3ContextRestore            
11802e78  EDMA3ContextSave               
11802d58  EDMA3Deinit                    
11801d5c  EDMA3DisableChInShadowReg      
11802370  EDMA3DisableDmaEvt             
118025d0  EDMA3DisableEvtIntr            
11802428  EDMA3DisableQdmaEvt            
11802b30  EDMA3DisableTransfer           
11801c94  EDMA3EnableChInShadowReg       
118022e8  EDMA3EnableDmaEvt              
11802548  EDMA3EnableEvtIntr             
118023f4  EDMA3EnableQdmaEvt             
11802aa8  EDMA3EnableTransfer            
11802500  EDMA3ErrIntrHighStatusGet      
11802a08  EDMA3FreeChannel               
11802458  EDMA3GetCCErrStatus            
118024d8  EDMA3GetErrIntrStatus          
11802480  EDMA3GetIntrStatus             
118026c4  EDMA3GetPaRAM                  
11801aa0  EDMA3Init                      
118024ac  EDMA3IntrStatusHighGet         
11801e44  EDMA3MapChToEvtQ               
11801f8c  EDMA3MapQdmaChToPaRAM          
11801c80  EDMA3PeripheralIdGet           
11802168  EDMA3QdmaClrMissEvt            
11802524  EDMA3QdmaGetErrIntrStatus      
11802720  EDMA3QdmaGetPaRAM              
11802898  EDMA3QdmaGetPaRAMEntry         
118027ec  EDMA3QdmaSetPaRAM              
11802858  EDMA3QdmaSetPaRAMEntry         
118028e4  EDMA3RequestChannel            
118021e0  EDMA3SetEvt                    
11802788  EDMA3SetPaRAM                  
11802078  EDMA3SetQdmaTrigWord           
11801f08  EDMA3UnmapChToEvtQ             
1180672c  EDMAVersionGet                 
118052b8  ExcCombineAdd                  
11805300  ExcCombineRemove               
11805298  ExcGlobalEnable                
11805e44  I2CDMARxEventDisable           
11805df8  I2CDMARxEventEnable            
11805e20  I2CDMATxEventDisable           
11805dd4  I2CDMATxEventEnable            
11805dc0  I2CDMATxRxEventDisable         
c0038258  I2CData                        
11806560  I2CInit                        
11805d88  I2CInterruptVectorGet          
11805be8  I2CMasterBusBusy               
11805c30  I2CMasterControl               
11805d00  I2CMasterDataGet               
11805cd8  I2CMasterDataPut               
11805a98  I2CMasterDisable               
11805a60  I2CMasterEnable                
11805cb0  I2CMasterErr                   
118059c0  I2CMasterInitExpClk            
11805ba4  I2CMasterIntClearEx            
11805b04  I2CMasterIntDisableEx          
11805ab8  I2CMasterIntEnableEx           
11805b4c  I2CMasterIntStatus             
11805c0c  I2CMasterIsBusy                
11805bd0  I2CMasterSlaveAddrSet          
11805c58  I2CMasterStart                 
11805c78  I2CMasterStop                  
11805d70  I2COwnAddressSet               
118063b0  I2CRcvBlocking                 
118064e4  I2CRegRead                     
118064a4  I2CRegWrite                    
118062cc  I2CSendBlocking                
11805d58  I2CSetDataCount                
11805da4  I2CSlaveAddressGet             
11805d40  I2CSlaveDataGet                
11805d18  I2CSlaveDataPut                
11805bb8  I2CSlaveIntClearEx             
11805b28  I2CSlaveIntDisableEx           
11805ae0  I2CSlaveIntEnableEx            
11805b68  I2CSlaveIntStatus              
11805b84  I2CSlaveIntStatusEx            
11805c98  I2CStatusClear                 
118061d0  I2SDataTxRxActivate            
11805e98  InputSample                    
11804e60  IntDSPINTCInit                 
11805210  IntDisable                     
118051e0  IntEnable                      
11804fd8  IntEventClear                  
11805114  IntEventCombineAdd             
11805010  IntEventCombineInit            
118051b8  IntEventCombineRegister        
11805168  IntEventCombineRemove          
11804f1c  IntEventMap                    
11804fa4  IntEventSet                    
1180526c  IntGlobalDisable               
11805258  IntGlobalEnable                
11805280  IntGlobalRestore               
11804ed0  IntRegister                    
11805244  IntReset                       
11804ef4  IntUnRegister                  
118039c8  McASPAMUTEINActivate           
11803918  McASPAMuteDisable              
118038f0  McASPAMuteEnable               
118040cc  McASPContextRestore            
11803e98  McASPContextSave               
11806118  McASPI2SConfigure              
11805eb0  McASPI2SRxConfigure            
11805fe4  McASPI2STxConfigure            
118061a4  McASPIntInit                   
11803888  McASPPinDirInputSet            
11803858  McASPPinDirOutputSet           
11803800  McASPPinGPIOSet                
1180382c  McASPPinMcASPSet               
118032b8  McASPReadFifoEnable            
11803e18  McASPRxBufRead                 
1180352c  McASPRxClkCfg                  
11803984  McASPRxClkCheckConfig          
11803618  McASPRxClkPolaritySet          
11803c48  McASPRxClkStart                
11803d88  McASPRxEnable                  
118033cc  McASPRxFmtI2SSet               
11803318  McASPRxFmtMaskSet              
11803354  McASPRxFmtSet                  
11803454  McASPRxFrameSyncCfg            
118036a0  McASPRxHFClkPolaritySet        
11803a94  McASPRxIntDisable              
11803a40  McASPRxIntEnable               
11803258  McASPRxReset                   
11803b34  McASPRxSerActivate             
11803e80  McASPRxStatusGet               
118038d4  McASPRxTimeSlotSet             
118037d0  McASPSerializerInactivate      
11803778  McASPSerializerRxSet           
11803724  McASPSerializerTxSet           
11803e40  McASPTxBufWrite                
11803484  McASPTxClkCfg                  
11803940  McASPTxClkCheckConfig          
118035d8  McASPTxClkPolaritySet          
11803b90  McASPTxClkStart                
11803cd8  McASPTxEnable                  
11803370  McASPTxFmtI2SSet               
118032f8  McASPTxFmtMaskSet              
11803334  McASPTxFmtSet                  
11803424  McASPTxFrameSyncCfg            
11803660  McASPTxHFClkPolaritySet        
11803a6c  McASPTxIntDisable              
11803a18  McASPTxIntEnable               
11803240  McASPTxReset                   
11803704  McASPTxRxClkSyncDisable        
118036e4  McASPTxRxClkSyncEnable         
11803ac4  McASPTxSerActivate             
11803e64  McASPTxStatusGet               
118038b4  McASPTxTimeSlotSet             
11803274  McASPWriteFifoEnable           
11805e80  OutputSample                   
11806c80  PSCModuleControl               
118058a4  UARTBreakCtl                   
11805794  UARTCharGet                    
11805768  UARTCharGetNonBlocking         
118057d0  UARTCharPut                    
11805728  UARTCharPutNonBlocking         
118056d8  UARTCharsAvail                 
118054d4  UARTConfigGetExpClk            
11805440  UARTConfigSetExpClk            
11806b20  UARTConsoleGetc                
11806a60  UARTConsoleInit                
11806af8  UARTConsolePutc                
118055ac  UARTDMADisable                 
1180558c  UARTDMAEnable                  
11805654  UARTDisable                    
11805638  UARTEnable                     
11805694  UARTFIFODisable                
11805680  UARTFIFOEnable                 
11805568  UARTFIFOLevelSet               
118046b4  UARTGetHexNum                  
118045f4  UARTGetNum                     
11804964  UARTGetc                       
118043a4  UARTGets                       
11805850  UARTIntDisable                 
11805828  UARTIntEnable                  
11805878  UARTIntStatus                  
11805930  UARTModemControlClear          
11805964  UARTModemControlGet            
118058d8  UARTModemControlSet            
11805984  UARTModemStatusGet             
11805614  UARTParityModeGet              
118055cc  UARTParityModeSet              
11804504  UARTPutHexNum                  
11804440  UARTPutNum                     
1180494c  UARTPutc                       
1180430c  UARTPuts                       
11805708  UARTRxErrorGet                 
118056ac  UARTSpaceAvail                 
11804300  UARTStdioInit                  
118049d4  UARTprintf                     
11804970  UARTwrite                      
11806b84  WM8960Init                     
11806b40  WM8960WriteReg                 
11833758  __TI_CINIT_Base                
11833778  __TI_CINIT_Limit               
11833750  __TI_Handler_Table_Base        
11833758  __TI_Handler_Table_Limit       
11808540  __TI_STACK_END                 
00001000  __TI_STACK_SIZE                
118085a4  __TI_STATIC_BASE               
UNDEFED   __TI_TLS_INIT_Base             
UNDEFED   __TI_TLS_INIT_Limit            
11807080  __TI_auto_init_nobinit_nopinit 
c00702e0  __TI_cleanup_ptr               
11807500  __TI_decompress_none           
11807520  __TI_decompress_rle24          
c00702e4  __TI_dtors_ptr                 
c00702e8  __TI_enable_exit_profile_output
ffffffff  __TI_pprof_out_hndl            
ffffffff  __TI_prof_data_size            
ffffffff  __TI_prof_data_start           
11807200  __TI_tls_init                  
ffffffff  __binit__                      
11807140  __c6xabi_divu                  
118072c0  __c6xabi_remu                  
ffffffff  __c_args__                     
11807140  __divu                         
118072c0  __remu                         
11807480  _args_main                     
11800ff8  _c674x_mask_int10_isr          
118011c0  _c674x_mask_int11_isr          
11801384  _c674x_mask_int12_isr          
11801548  _c674x_mask_int13_isr          
11801710  _c674x_mask_int14_isr          
118018d8  _c674x_mask_int15_isr          
11800550  _c674x_mask_int4_isr           
11800718  _c674x_mask_int5_isr           
118008e0  _c674x_mask_int6_isr           
11800aa4  _c674x_mask_int7_isr           
11800c68  _c674x_mask_int8_isr           
11800e30  _c674x_mask_int9_isr           
11800000  _c674x_nmi_isr                 
118001c4  _c674x_rsvd_int2_isr           
11800388  _c674x_rsvd_int3_isr           
11807400  _c_int00                       
11806800  _intcVectorTable               
11807540  _stack                         
118067e0  _system_post_cinit             
118074c0  _system_pre_init               
118074e0  abort                          
ffffffff  binit                          
11806ec0  exit                           
11806734  main                           
11807360  memcpy                         
11806fa0  memset                         
118085a8  regionId                       
c0000000  toneRaw                        
c0038268  toneRaw1                       


GLOBAL SYMBOLS: SORTED BY Symbol Address 

address   name                           
-------   ----                           
00001000  __TI_STACK_SIZE                
11800000  _c674x_nmi_isr                 
118001c4  _c674x_rsvd_int2_isr           
11800388  _c674x_rsvd_int3_isr           
11800550  _c674x_mask_int4_isr           
11800718  _c674x_mask_int5_isr           
118008e0  _c674x_mask_int6_isr           
11800aa4  _c674x_mask_int7_isr           
11800c68  _c674x_mask_int8_isr           
11800e30  _c674x_mask_int9_isr           
11800ff8  _c674x_mask_int10_isr          
118011c0  _c674x_mask_int11_isr          
11801384  _c674x_mask_int12_isr          
11801548  _c674x_mask_int13_isr          
11801710  _c674x_mask_int14_isr          
118018d8  _c674x_mask_int15_isr          
11801aa0  EDMA3Init                      
11801c80  EDMA3PeripheralIdGet           
11801c94  EDMA3EnableChInShadowReg       
11801d5c  EDMA3DisableChInShadowReg      
11801e20  EDMA3ChannelToParamMap         
11801e44  EDMA3MapChToEvtQ               
11801f08  EDMA3UnmapChToEvtQ             
11801f8c  EDMA3MapQdmaChToPaRAM          
11802078  EDMA3SetQdmaTrigWord           
118020b4  EDMA3ClrMissEvt                
11802168  EDMA3QdmaClrMissEvt            
118021c0  EDMA3ClrCCErr                  
118021e0  EDMA3SetEvt                    
11802264  EDMA3ClrEvt                    
118022e8  EDMA3EnableDmaEvt              
11802370  EDMA3DisableDmaEvt             
118023f4  EDMA3EnableQdmaEvt             
11802428  EDMA3DisableQdmaEvt            
11802458  EDMA3GetCCErrStatus            
11802480  EDMA3GetIntrStatus             
118024ac  EDMA3IntrStatusHighGet         
118024d8  EDMA3GetErrIntrStatus          
11802500  EDMA3ErrIntrHighStatusGet      
11802524  EDMA3QdmaGetErrIntrStatus      
11802548  EDMA3EnableEvtIntr             
118025d0  EDMA3DisableEvtIntr            
11802658  EDMA3ClrIntr                   
118026c4  EDMA3GetPaRAM                  
11802720  EDMA3QdmaGetPaRAM              
11802788  EDMA3SetPaRAM                  
118027ec  EDMA3QdmaSetPaRAM              
11802858  EDMA3QdmaSetPaRAMEntry         
11802898  EDMA3QdmaGetPaRAMEntry         
118028e4  EDMA3RequestChannel            
11802a08  EDMA3FreeChannel               
11802aa8  EDMA3EnableTransfer            
11802b30  EDMA3DisableTransfer           
11802bc0  EDMA3ClearErrorBits            
11802d58  EDMA3Deinit                    
11802e78  EDMA3ContextSave               
11803054  EDMA3ContextRestore            
11803240  McASPTxReset                   
11803258  McASPRxReset                   
11803274  McASPWriteFifoEnable           
118032b8  McASPReadFifoEnable            
118032f8  McASPTxFmtMaskSet              
11803318  McASPRxFmtMaskSet              
11803334  McASPTxFmtSet                  
11803354  McASPRxFmtSet                  
11803370  McASPTxFmtI2SSet               
118033cc  McASPRxFmtI2SSet               
11803424  McASPTxFrameSyncCfg            
11803454  McASPRxFrameSyncCfg            
11803484  McASPTxClkCfg                  
1180352c  McASPRxClkCfg                  
118035d8  McASPTxClkPolaritySet          
11803618  McASPRxClkPolaritySet          
11803660  McASPTxHFClkPolaritySet        
118036a0  McASPRxHFClkPolaritySet        
118036e4  McASPTxRxClkSyncEnable         
11803704  McASPTxRxClkSyncDisable        
11803724  McASPSerializerTxSet           
11803778  McASPSerializerRxSet           
118037d0  McASPSerializerInactivate      
11803800  McASPPinGPIOSet                
1180382c  McASPPinMcASPSet               
11803858  McASPPinDirOutputSet           
11803888  McASPPinDirInputSet            
118038b4  McASPTxTimeSlotSet             
118038d4  McASPRxTimeSlotSet             
118038f0  McASPAMuteEnable               
11803918  McASPAMuteDisable              
11803940  McASPTxClkCheckConfig          
11803984  McASPRxClkCheckConfig          
118039c8  McASPAMUTEINActivate           
11803a18  McASPTxIntEnable               
11803a40  McASPRxIntEnable               
11803a6c  McASPTxIntDisable              
11803a94  McASPRxIntDisable              
11803ac4  McASPTxSerActivate             
11803b34  McASPRxSerActivate             
11803b90  McASPTxClkStart                
11803c48  McASPRxClkStart                
11803cd8  McASPTxEnable                  
11803d88  McASPRxEnable                  
11803e18  McASPRxBufRead                 
11803e40  McASPTxBufWrite                
11803e64  McASPTxStatusGet               
11803e80  McASPRxStatusGet               
11803e98  McASPContextSave               
118040cc  McASPContextRestore            
11804300  UARTStdioInit                  
1180430c  UARTPuts                       
118043a4  UARTGets                       
11804440  UARTPutNum                     
11804504  UARTPutHexNum                  
118045f4  UARTGetNum                     
118046b4  UARTGetHexNum                  
1180494c  UARTPutc                       
11804964  UARTGetc                       
11804970  UARTwrite                      
118049d4  UARTprintf                     
11804e60  IntDSPINTCInit                 
11804ed0  IntRegister                    
11804ef4  IntUnRegister                  
11804f1c  IntEventMap                    
11804fa4  IntEventSet                    
11804fd8  IntEventClear                  
11805010  IntEventCombineInit            
11805114  IntEventCombineAdd             
11805168  IntEventCombineRemove          
118051b8  IntEventCombineRegister        
118051e0  IntEnable                      
11805210  IntDisable                     
11805244  IntReset                       
11805258  IntGlobalEnable                
1180526c  IntGlobalDisable               
11805280  IntGlobalRestore               
11805298  ExcGlobalEnable                
118052b8  ExcCombineAdd                  
11805300  ExcCombineRemove               
11805440  UARTConfigSetExpClk            
118054d4  UARTConfigGetExpClk            
11805568  UARTFIFOLevelSet               
1180558c  UARTDMAEnable                  
118055ac  UARTDMADisable                 
118055cc  UARTParityModeSet              
11805614  UARTParityModeGet              
11805638  UARTEnable                     
11805654  UARTDisable                    
11805680  UARTFIFOEnable                 
11805694  UARTFIFODisable                
118056ac  UARTSpaceAvail                 
118056d8  UARTCharsAvail                 
11805708  UARTRxErrorGet                 
11805728  UARTCharPutNonBlocking         
11805768  UARTCharGetNonBlocking         
11805794  UARTCharGet                    
118057d0  UARTCharPut                    
11805828  UARTIntEnable                  
11805850  UARTIntDisable                 
11805878  UARTIntStatus                  
118058a4  UARTBreakCtl                   
118058d8  UARTModemControlSet            
11805930  UARTModemControlClear          
11805964  UARTModemControlGet            
11805984  UARTModemStatusGet             
118059c0  I2CMasterInitExpClk            
11805a60  I2CMasterEnable                
11805a98  I2CMasterDisable               
11805ab8  I2CMasterIntEnableEx           
11805ae0  I2CSlaveIntEnableEx            
11805b04  I2CMasterIntDisableEx          
11805b28  I2CSlaveIntDisableEx           
11805b4c  I2CMasterIntStatus             
11805b68  I2CSlaveIntStatus              
11805b84  I2CSlaveIntStatusEx            
11805ba4  I2CMasterIntClearEx            
11805bb8  I2CSlaveIntClearEx             
11805bd0  I2CMasterSlaveAddrSet          
11805be8  I2CMasterBusBusy               
11805c0c  I2CMasterIsBusy                
11805c30  I2CMasterControl               
11805c58  I2CMasterStart                 
11805c78  I2CMasterStop                  
11805c98  I2CStatusClear                 
11805cb0  I2CMasterErr                   
11805cd8  I2CMasterDataPut               
11805d00  I2CMasterDataGet               
11805d18  I2CSlaveDataPut                
11805d40  I2CSlaveDataGet                
11805d58  I2CSetDataCount                
11805d70  I2COwnAddressSet               
11805d88  I2CInterruptVectorGet          
11805da4  I2CSlaveAddressGet             
11805dc0  I2CDMATxRxEventDisable         
11805dd4  I2CDMATxEventEnable            
11805df8  I2CDMARxEventEnable            
11805e20  I2CDMATxEventDisable           
11805e44  I2CDMARxEventDisable           
11805e80  OutputSample                   
11805e98  InputSample                    
11805eb0  McASPI2SRxConfigure            
11805fe4  McASPI2STxConfigure            
11806118  McASPI2SConfigure              
118061a4  McASPIntInit                   
118061d0  I2SDataTxRxActivate            
118062cc  I2CSendBlocking                
118063b0  I2CRcvBlocking                 
118064a4  I2CRegWrite                    
118064e4  I2CRegRead                     
11806560  I2CInit                        
1180672c  EDMAVersionGet                 
11806734  main                           
118067e0  _system_post_cinit             
11806800  _intcVectorTable               
11806a60  UARTConsoleInit                
11806af8  UARTConsolePutc                
11806b20  UARTConsoleGetc                
11806b40  WM8960WriteReg                 
11806b84  WM8960Init                     
11806c80  PSCModuleControl               
11806ec0  exit                           
11806fa0  memset                         
11807080  __TI_auto_init_nobinit_nopinit 
11807140  __c6xabi_divu                  
11807140  __divu                         
11807200  __TI_tls_init                  
118072c0  __c6xabi_remu                  
118072c0  __remu                         
11807360  memcpy                         
11807400  _c_int00                       
11807480  _args_main                     
118074c0  _system_pre_init               
118074e0  C$$EXIT                        
118074e0  abort                          
11807500  __TI_decompress_none           
11807520  __TI_decompress_rle24          
11807540  _stack                         
11808540  __TI_STACK_END                 
118085a4  __TI_STATIC_BASE               
118085a8  regionId                       
11833750  __TI_Handler_Table_Base        
11833758  __TI_CINIT_Base                
11833758  __TI_Handler_Table_Limit       
11833778  __TI_CINIT_Limit               
c0000000  toneRaw                        
c0038258  I2CData                        
c0038268  toneRaw1                       
c00702e0  __TI_cleanup_ptr               
c00702e4  __TI_dtors_ptr                 
c00702e8  __TI_enable_exit_profile_output
ffffffff  __TI_pprof_out_hndl            
ffffffff  __TI_prof_data_size            
ffffffff  __TI_prof_data_start           
ffffffff  __binit__                      
ffffffff  __c_args__                     
ffffffff  binit                          
UNDEFED   __TI_TLS_INIT_Base             
UNDEFED   __TI_TLS_INIT_Limit            

[256 symbols]
