******************************************************************************
               TMS320C6x Linker PC v8.3.12                     
******************************************************************************
>> Linked Sun Apr 24 17:03:31 2022

OUTPUT FILE NAME:   <I2C_TempSensor.out>
ENTRY POINT SYMBOL: "_c_int00"  address: 00806940


MEMORY CONFIGURATION

         name            origin    length      used     unused   attr    fill
----------------------  --------  ---------  --------  --------  ----  --------
  DSPL2RAM              00800000   00040000  00008052  00037fae  RWIX
  SHRAM                 80000000   00020000  00000000  00020000  RWIX
  DDR2                  c0000000   08000000  00000000  08000000  RWIX


SEGMENT ALLOCATION MAP

run origin  load origin   length   init length attrs members
----------  ----------- ---------- ----------- ----- -------
00800000    00800000    00006e00   00006e00    r-x
  00800000    00800000    00006e00   00006e00    r-x .text
00806e00    00806e00    00001000   00000000    rw-
  00806e00    00806e00    00001000   00000000    rw- .stack
00807e00    00807e00    000001f4   000001f4    r--
  00807e00    00807e00    00000198   00000198    r-- .const
  00807f98    00807f98    0000005c   0000005c    r-- .switch
00807ff4    00807ff4    00000010   00000000    rw-
  00807ff4    00807ff4    00000010   00000000    rw- .fardata
00808004    00808004    00000004   00000000    r--
  00808004    00808004    00000004   00000000    r-- .rodata
00808008    00808008    0000000a   00000000    rw-
  00808008    00808008    0000000a   00000000    rw- .far
00808018    00808018    00000040   00000040    r--
  00808018    00808018    00000040   00000040    r-- .cinit


SECTION ALLOCATION MAP

 output                                  attributes/
section   page    origin      length       input sections
--------  ----  ----------  ----------   ----------------
.text      0    00800000    00006e00     
                  00800000    000020c0     rts6740_elf.lib : _printfi.c.obj (.text:__TI_printfi)
                  008020c0    00000b60     utils.lib : uartStdio.obj (.text)
                  00802c20    00000660     rts6740_elf.lib : _printfi.c.obj (.text:_pconv_a)
                  00803280    00000600                     : divd.c.obj (.text:__c6xabi_divd)
                  00803880    00000580     drivers.lib : uart.obj (.text)
                  00803e00    000004c0                 : i2c.obj (.text)
                  008042c0    00000400     rts6740_elf.lib : _printfi.c.obj (.text:_pconv_g)
                  008046c0    00000340     main.obj (.text)
                  00804a00    000002a0     rts6740_elf.lib : _printfi.c.obj (.text:_pconv_e)
                  00804ca0    000002a0                     : _printfi.c.obj (.text:fcvt)
                  00804f40    00000280     I2C.obj (.text)
                  008051c0    00000260     rts6740_elf.lib : imath64.c.obj (.text:__c6xabi_divull)
                  00805420    00000200                     : _printfi.c.obj (.text:_ltostr)
                  00805620    000001c0                     : imath40.c.obj (.text:__c6xabi_divul)
                  008057e0    000001c0                     : frexp.c.obj (.text:frexp)
                  008059a0    000001c0                     : ldexp.c.obj (.text:ldexp)
                  00805b60    00000140     Platform.lib : UARTConsole.obj (.text)
                  00805ca0    00000140     drivers.lib : psc.obj (.text)
                  00805de0    00000120     rts6740_elf.lib : _printfi.c.obj (.text:_pconv_f)
                  00805f00    00000100                     : copy_decompress_rle.c.obj (.text:__TI_decompress_rle_core)
                  00806000    00000100                     : _printfi.c.obj (.text:_mcpy)
                  00806100    00000100                     : atoi.c.obj (.text:atoi)
                  00806200    000000e0                     : _ltoa.c.obj (.text:__TI_ltoa)
                  008062e0    000000e0                     : exit.c.obj (.text:exit)
                  008063c0    000000e0                     : memset.c.obj (.text:memset)
                  008064a0    000000c0                     : autoinit.c.obj (.text:__TI_auto_init_nobinit_nopinit:__TI_auto_init_nobinit_nopinit)
                  00806560    000000c0                     : divu.asm.obj (.text:__divu)
                  00806620    000000c0                     : tls.c.obj (.text:tls:init:__TI_tls_init)
                  008066e0    000000a0                     : remu.asm.obj (.text:__remu)
                  00806780    000000a0                     : _printfi.c.obj (.text:_ecpy)
                  00806820    000000a0                     : memcpy64.asm.obj (.text:memcpy)
                  008068c0    00000080                     : llshift.c.obj (.text:__c6xabi_llshl)
                  00806940    00000080                     : boot.c.obj (.text:_c_int00)
                  008069c0    00000060                     : llshift.c.obj (.text:__c6xabi_llshru)
                  00806a20    00000060                     : imath64.c.obj (.text:_subcull)
                  00806a80    00000060                     : memccpy.c.obj (.text:memccpy)
                  00806ae0    00000060                     : sprintf.c.obj (.text:sprintf)
                  00806b40    00000040                     : frcmpyd_div.c.obj (.text:__TI_frcmpyd_div)
                  00806b80    00000040                     : isinf.c.obj (.text:__c6xabi_isinf)
                  00806bc0    00000040                     : _printfi.c.obj (.text:__c6xabi_isnan)
                  00806c00    00000040                     : args_main.c.obj (.text:_args_main)
                  00806c40    00000040                     : sprintf.c.obj (.text:_outs)
                  00806c80    00000040                     : wcslen.c.obj (.text:wcslen)
                  00806cc0    00000020                     : errno.c.obj (.text:__c6xabi_errno_addr)
                  00806ce0    00000020                     : push.asm.obj (.text:__pop_rts)
                  00806d00    00000020                     : push.asm.obj (.text:__push_rts)
                  00806d20    00000020                     : sprintf.c.obj (.text:_outc)
                  00806d40    00000020                     : signbit.c.obj (.text:_signbit)
                  00806d60    00000020                     : startup.c.obj (.text:_system_post_cinit)
                  00806d80    00000020                     : pre_init.c.obj (.text:_system_pre_init)
                  00806da0    00000020                     : exit.c.obj (.text:abort)
                  00806dc0    00000020                     : copy_decompress_none.c.obj (.text:decompress:none:__TI_decompress_none)
                  00806de0    00000020                     : copy_decompress_rle.c.obj (.text:decompress:rle24:__TI_decompress_rle24)

.stack     0    00806e00    00001000     UNINITIALIZED
                  00806e00    00000008     rts6740_elf.lib : boot.c.obj (.stack)
                  00806e08    00000ff8     --HOLE--

.const     0    00807e00    00000198     
                  00807e00    00000101     rts6740_elf.lib : ctype.c.obj (.const:.string:_ctypes_)
                  00807f01    00000003     --HOLE-- [fill = 0]
                  00807f04    00000054     main.obj (.const:.string)
                  00807f58    00000024     rts6740_elf.lib : _printfi.c.obj (.const:.string)
                  00807f7c    0000001c     utils.lib : uartStdio.obj (.const:.string)

.switch    0    00807f98    0000005c     
                  00807f98    00000038     rts6740_elf.lib : _printfi.c.obj (.switch:__TI_printfi)
                  00807fd0    00000024     utils.lib : uartStdio.obj (.switch:UARTprintf)

.cinit     0    00808018    00000040     
                  00808018    0000000d     (.cinit..fardata.load) [load image, compression = rle]
                  00808025    0000000a     (.cinit..rodata.load) [load image, compression = rle]
                  0080802f    00000009     (.cinit..far.load) [load image, compression = rle]
                  00808038    00000008     (__TI_handler_table)
                  00808040    00000018     (__TI_cinit_table)

.init_array 
*          0    00800000    00000000     UNINITIALIZED

.fardata   0    00807ff4    00000010     UNINITIALIZED
                  00807ff4    0000000c     rts6740_elf.lib : exit.c.obj (.fardata)
                  00808000    00000004                     : errno.c.obj (.fardata)

.neardata 
*          0    00808004    00000000     UNINITIALIZED

.rodata    0    00808004    00000004     UNINITIALIZED
                  00808004    00000004     utils.lib : uartStdio.obj (.rodata)

.bss       0    00808008    00000000     UNINITIALIZED

.far       0    00808008    0000000a     UNINITIALIZED
                  00808008    0000000a     (.common:I2CData)

MODULE SUMMARY

       Module                       code    ro data   rw data
       ------                       ----    -------   -------
    .\
       main.obj                     832     84        0      
       I2C.obj                      640     0         10     
    +--+----------------------------+-------+---------+---------+
       Total:                       1472    84        10     
                                                             
    ../../Library/StarterWare/Drivers/Debug/drivers.lib
       uart.obj                     1408    0         0      
       i2c.obj                      1216    0         0      
       psc.obj                      320     0         0      
    +--+----------------------------+-------+---------+---------+
       Total:                       2944    0         0      
                                                             
    ../../Library/StarterWare/Platform/Debug/Platform.lib
       UARTConsole.obj              320     0         0      
    +--+----------------------------+-------+---------+---------+
       Total:                       320     0         0      
                                                             
    ../../Library/StarterWare/utils/Debug/utils.lib
       uartStdio.obj                2912    68        0      
    +--+----------------------------+-------+---------+---------+
       Total:                       2912    68        0      
                                                             
    C:\ti\ti-cgt-c6000_8.3.12\lib\rts6740_elf.lib
       _printfi.c.obj               13664   92        0      
       divd.c.obj                   1536    0         0      
       imath64.c.obj                704     0         0      
       frexp.c.obj                  448     0         0      
       imath40.c.obj                448     0         0      
       ldexp.c.obj                  448     0         0      
       copy_decompress_rle.c.obj    288     0         0      
       exit.c.obj                   256     0         12     
       ctype.c.obj                  0       257       0      
       atoi.c.obj                   256     0         0      
       _ltoa.c.obj                  224     0         0      
       llshift.c.obj                224     0         0      
       memset.c.obj                 224     0         0      
       autoinit.c.obj               192     0         0      
       divu.asm.obj                 192     0         0      
       sprintf.c.obj                192     0         0      
       tls.c.obj                    192     0         0      
       memcpy64.asm.obj             160     0         0      
       remu.asm.obj                 160     0         0      
       boot.c.obj                   128     0         0      
       memccpy.c.obj                96      0         0      
       args_main.c.obj              64      0         0      
       frcmpyd_div.c.obj            64      0         0      
       isinf.c.obj                  64      0         0      
       push.asm.obj                 64      0         0      
       wcslen.c.obj                 64      0         0      
       errno.c.obj                  32      0         4      
       copy_decompress_none.c.obj   32      0         0      
       pre_init.c.obj               32      0         0      
       signbit.c.obj                32      0         0      
       startup.c.obj                32      0         0      
    +--+----------------------------+-------+---------+---------+
       Total:                       20512   349       16     
                                                             
       Stack:                       0       0         4096   
       Linker Generated:            0       64        0      
    +--+----------------------------+-------+---------+---------+
       Grand Total:                 28160   565       4122   


LINKER GENERATED COPY TABLES

__TI_cinit_table @ 00808040 records: 3, size/record: 8, table size: 24
	.fardata: load addr=00808018, load size=0000000d bytes, run addr=00807ff4, run size=00000010 bytes, compression=rle
	.rodata: load addr=00808025, load size=0000000a bytes, run addr=00808004, run size=00000004 bytes, compression=rle
	.far: load addr=0080802f, load size=00000009 bytes, run addr=00808008, run size=0000000a bytes, compression=rle


LINKER GENERATED HANDLER TABLE

__TI_handler_table @ 00808038 records: 2, size/record: 4, table size: 8
	index: 0, handler: __TI_decompress_rle24
	index: 1, handler: __TI_decompress_none


GLOBAL SYMBOLS: SORTED ALPHABETICALLY BY Name 

address   name                           
-------   ----                           
00806da0  C$$EXIT                        
008046ec  CRC8                           
00804284  I2CDMARxEventDisable           
00804238  I2CDMARxEventEnable            
00804260  I2CDMATxEventDisable           
00804214  I2CDMATxEventEnable            
00804200  I2CDMATxRxEventDisable         
00808008  I2CData                        
00805164  I2CInit                        
008041c8  I2CInterruptVectorGet          
00804028  I2CMasterBusBusy               
00804070  I2CMasterControl               
00804140  I2CMasterDataGet               
00804118  I2CMasterDataPut               
00803ed8  I2CMasterDisable               
00803ea0  I2CMasterEnable                
008040f0  I2CMasterErr                   
00803e00  I2CMasterInitExpClk            
00803fe4  I2CMasterIntClearEx            
00803f44  I2CMasterIntDisableEx          
00803ef8  I2CMasterIntEnableEx           
00803f8c  I2CMasterIntStatus             
0080404c  I2CMasterIsBusy                
00804010  I2CMasterSlaveAddrSet          
00804098  I2CMasterStart                 
008040b8  I2CMasterStop                  
008041b0  I2COwnAddressSet               
00805070  I2CRcvBlocking                 
00804f8c  I2CSendBlocking                
00804198  I2CSetDataCount                
008041e4  I2CSlaveAddressGet             
00804180  I2CSlaveDataGet                
00804158  I2CSlaveDataPut                
00803ff8  I2CSlaveIntClearEx             
00803f68  I2CSlaveIntDisableEx           
00803f20  I2CSlaveIntEnableEx            
00803fa8  I2CSlaveIntStatus              
00803fc4  I2CSlaveIntStatusEx            
008040d8  I2CStatusClear                 
00805ca0  PSCModuleControl               
008047a0  TempSensorGet                  
008048f8  TempSensorInit                 
00803ce4  UARTBreakCtl                   
00803bd4  UARTCharGet                    
00803ba8  UARTCharGetNonBlocking         
00803c10  UARTCharPut                    
00803b68  UARTCharPutNonBlocking         
00803b18  UARTCharsAvail                 
00803914  UARTConfigGetExpClk            
00803880  UARTConfigSetExpClk            
00805c80  UARTConsoleGetc                
00805bc0  UARTConsoleInit                
00805c58  UARTConsolePutc                
008039ec  UARTDMADisable                 
008039cc  UARTDMAEnable                  
00803a94  UARTDisable                    
00803a78  UARTEnable                     
00803ad4  UARTFIFODisable                
00803ac0  UARTFIFOEnable                 
008039a8  UARTFIFOLevelSet               
00802474  UARTGetHexNum                  
008023b4  UARTGetNum                     
00802724  UARTGetc                       
00802164  UARTGets                       
00803c90  UARTIntDisable                 
00803c68  UARTIntEnable                  
00803cb8  UARTIntStatus                  
00803d70  UARTModemControlClear          
00803da4  UARTModemControlGet            
00803d18  UARTModemControlSet            
00803dc4  UARTModemStatusGet             
00803a54  UARTParityModeGet              
00803a0c  UARTParityModeSet              
008022c4  UARTPutHexNum                  
00802200  UARTPutNum                     
0080270c  UARTPutc                       
008020cc  UARTPuts                       
00803b48  UARTRxErrorGet                 
00803aec  UARTSpaceAvail                 
008020c0  UARTStdioInit                  
00802794  UARTprintf                     
00802730  UARTwrite                      
00808040  __TI_CINIT_Base                
00808058  __TI_CINIT_Limit               
00808038  __TI_Handler_Table_Base        
00808040  __TI_Handler_Table_Limit       
00807e00  __TI_STACK_END                 
00001000  __TI_STACK_SIZE                
00808004  __TI_STATIC_BASE               
UNDEFED   __TI_TLS_INIT_Base             
UNDEFED   __TI_TLS_INIT_Limit            
008064a0  __TI_auto_init_nobinit_nopinit 
00807ff4  __TI_cleanup_ptr               
00806dc0  __TI_decompress_none           
00806de0  __TI_decompress_rle24          
00807ff8  __TI_dtors_ptr                 
00807ffc  __TI_enable_exit_profile_output
00806b40  __TI_frcmpyd_div               
00806200  __TI_ltoa                      
ffffffff  __TI_pprof_out_hndl            
00800000  __TI_printfi                   
ffffffff  __TI_prof_data_size            
ffffffff  __TI_prof_data_start           
00806620  __TI_tls_init                  
ffffffff  __binit__                      
00803280  __c6xabi_divd                  
00806560  __c6xabi_divu                  
00805620  __c6xabi_divul                 
008051c0  __c6xabi_divull                
00806cc0  __c6xabi_errno_addr            
00806b80  __c6xabi_isinf                 
008068c0  __c6xabi_llshl                 
008069c0  __c6xabi_llshru                
00806ce0  __c6xabi_pop_rts               
00806d00  __c6xabi_push_rts              
008066e0  __c6xabi_remu                  
ffffffff  __c_args__                     
00806560  __divu                         
00808000  __errno                        
00806ce0  __pop_rts                      
00806d00  __push_rts                     
008066e0  __remu                         
00806c00  _args_main                     
00806940  _c_int00                       
00807e00  _ctypes_                       
00806d40  _signbit                       
00806e00  _stack                         
00806a20  _subcull                       
00806d60  _system_post_cinit             
00806d80  _system_pre_init               
00806da0  abort                          
00806100  atoi                           
ffffffff  binit                          
00808000  errno                          
008062e0  exit                           
008057e0  frexp                          
008057e0  frexpl                         
008059a0  ldexp                          
008059a0  ldexpl                         
00804938  main                           
00806a80  memccpy                        
00806820  memcpy                         
008063c0  memset                         
008059a0  scalbn                         
008059a0  scalbnl                        
00806ae0  sprintf                        
00806c80  wcslen                         


GLOBAL SYMBOLS: SORTED BY Symbol Address 

address   name                           
-------   ----                           
00001000  __TI_STACK_SIZE                
00800000  __TI_printfi                   
008020c0  UARTStdioInit                  
008020cc  UARTPuts                       
00802164  UARTGets                       
00802200  UARTPutNum                     
008022c4  UARTPutHexNum                  
008023b4  UARTGetNum                     
00802474  UARTGetHexNum                  
0080270c  UARTPutc                       
00802724  UARTGetc                       
00802730  UARTwrite                      
00802794  UARTprintf                     
00803280  __c6xabi_divd                  
00803880  UARTConfigSetExpClk            
00803914  UARTConfigGetExpClk            
008039a8  UARTFIFOLevelSet               
008039cc  UARTDMAEnable                  
008039ec  UARTDMADisable                 
00803a0c  UARTParityModeSet              
00803a54  UARTParityModeGet              
00803a78  UARTEnable                     
00803a94  UARTDisable                    
00803ac0  UARTFIFOEnable                 
00803ad4  UARTFIFODisable                
00803aec  UARTSpaceAvail                 
00803b18  UARTCharsAvail                 
00803b48  UARTRxErrorGet                 
00803b68  UARTCharPutNonBlocking         
00803ba8  UARTCharGetNonBlocking         
00803bd4  UARTCharGet                    
00803c10  UARTCharPut                    
00803c68  UARTIntEnable                  
00803c90  UARTIntDisable                 
00803cb8  UARTIntStatus                  
00803ce4  UARTBreakCtl                   
00803d18  UARTModemControlSet            
00803d70  UARTModemControlClear          
00803da4  UARTModemControlGet            
00803dc4  UARTModemStatusGet             
00803e00  I2CMasterInitExpClk            
00803ea0  I2CMasterEnable                
00803ed8  I2CMasterDisable               
00803ef8  I2CMasterIntEnableEx           
00803f20  I2CSlaveIntEnableEx            
00803f44  I2CMasterIntDisableEx          
00803f68  I2CSlaveIntDisableEx           
00803f8c  I2CMasterIntStatus             
00803fa8  I2CSlaveIntStatus              
00803fc4  I2CSlaveIntStatusEx            
00803fe4  I2CMasterIntClearEx            
00803ff8  I2CSlaveIntClearEx             
00804010  I2CMasterSlaveAddrSet          
00804028  I2CMasterBusBusy               
0080404c  I2CMasterIsBusy                
00804070  I2CMasterControl               
00804098  I2CMasterStart                 
008040b8  I2CMasterStop                  
008040d8  I2CStatusClear                 
008040f0  I2CMasterErr                   
00804118  I2CMasterDataPut               
00804140  I2CMasterDataGet               
00804158  I2CSlaveDataPut                
00804180  I2CSlaveDataGet                
00804198  I2CSetDataCount                
008041b0  I2COwnAddressSet               
008041c8  I2CInterruptVectorGet          
008041e4  I2CSlaveAddressGet             
00804200  I2CDMATxRxEventDisable         
00804214  I2CDMATxEventEnable            
00804238  I2CDMARxEventEnable            
00804260  I2CDMATxEventDisable           
00804284  I2CDMARxEventDisable           
008046ec  CRC8                           
008047a0  TempSensorGet                  
008048f8  TempSensorInit                 
00804938  main                           
00804f8c  I2CSendBlocking                
00805070  I2CRcvBlocking                 
00805164  I2CInit                        
008051c0  __c6xabi_divull                
00805620  __c6xabi_divul                 
008057e0  frexp                          
008057e0  frexpl                         
008059a0  ldexp                          
008059a0  ldexpl                         
008059a0  scalbn                         
008059a0  scalbnl                        
00805bc0  UARTConsoleInit                
00805c58  UARTConsolePutc                
00805c80  UARTConsoleGetc                
00805ca0  PSCModuleControl               
00806100  atoi                           
00806200  __TI_ltoa                      
008062e0  exit                           
008063c0  memset                         
008064a0  __TI_auto_init_nobinit_nopinit 
00806560  __c6xabi_divu                  
00806560  __divu                         
00806620  __TI_tls_init                  
008066e0  __c6xabi_remu                  
008066e0  __remu                         
00806820  memcpy                         
008068c0  __c6xabi_llshl                 
00806940  _c_int00                       
008069c0  __c6xabi_llshru                
00806a20  _subcull                       
00806a80  memccpy                        
00806ae0  sprintf                        
00806b40  __TI_frcmpyd_div               
00806b80  __c6xabi_isinf                 
00806c00  _args_main                     
00806c80  wcslen                         
00806cc0  __c6xabi_errno_addr            
00806ce0  __c6xabi_pop_rts               
00806ce0  __pop_rts                      
00806d00  __c6xabi_push_rts              
00806d00  __push_rts                     
00806d40  _signbit                       
00806d60  _system_post_cinit             
00806d80  _system_pre_init               
00806da0  C$$EXIT                        
00806da0  abort                          
00806dc0  __TI_decompress_none           
00806de0  __TI_decompress_rle24          
00806e00  _stack                         
00807e00  __TI_STACK_END                 
00807e00  _ctypes_                       
00807ff4  __TI_cleanup_ptr               
00807ff8  __TI_dtors_ptr                 
00807ffc  __TI_enable_exit_profile_output
00808000  __errno                        
00808000  errno                          
00808004  __TI_STATIC_BASE               
00808008  I2CData                        
00808038  __TI_Handler_Table_Base        
00808040  __TI_CINIT_Base                
00808040  __TI_Handler_Table_Limit       
00808058  __TI_CINIT_Limit               
ffffffff  __TI_pprof_out_hndl            
ffffffff  __TI_prof_data_size            
ffffffff  __TI_prof_data_start           
ffffffff  __binit__                      
ffffffff  __c_args__                     
ffffffff  binit                          
UNDEFED   __TI_TLS_INIT_Base             
UNDEFED   __TI_TLS_INIT_Limit            

[147 symbols]
