******************************************************************************
               TMS320C6x Linker PC v8.3.12                     
******************************************************************************
>> Linked Sun Apr 24 21:21:43 2022

OUTPUT FILE NAME:   <LED.out>
ENTRY POINT SYMBOL: "_c_int00"  address: 00801d80


MEMORY CONFIGURATION

         name            origin    length      used     unused   attr    fill
----------------------  --------  ---------  --------  --------  ----  --------
  DSPL2RAM              00800000   00040000  00001f1c  0003e0e4  RWIX
  SHRAM                 80000000   00020000  00000000  00020000  RWIX
  DDR2                  c0000000   08000000  00000000  08000000  RWIX


SEGMENT ALLOCATION MAP

run origin  load origin   length   init length attrs members
----------  ----------- ---------- ----------- ----- -------
00800000    00800000    00001000   00000000    rw-
  00800000    00800000    00001000   00000000    rw- .stack
00801000    00801000    00000ef0   00000ef0    r-x
  00801000    00801000    00000ee0   00000ee0    r-x .text
  00801ee0    00801ee0    00000010   00000010    r-- .switch
00801ef0    00801ef0    0000000c   00000000    rw-
  00801ef0    00801ef0    0000000c   00000000    rw- .fardata
00801f00    00801f00    00000020   00000020    r--
  00801f00    00801f00    00000020   00000020    r-- .cinit


SECTION ALLOCATION MAP

 output                                  attributes/
section   page    origin      length       input sections
--------  ----  ----------  ----------   ----------------
.stack     0    00800000    00001000     UNINITIALIZED
                  00800000    00000008     rts6740_elf.lib : boot.c.obj (.stack)
                  00800008    00000ff8     --HOLE--

.text      0    00801000    00000ee0     
                  00801000    00000580     drivers.lib : gpio.obj (.text)
                  00801580    000001e0     main.obj (.text)
                  00801760    00000140     drivers.lib : psc.obj (.text)
                  008018a0    00000100     rts6740_elf.lib : copy_decompress_rle.c.obj (.text:__TI_decompress_rle_core)
                  008019a0    000000e0                     : exit.c.obj (.text:exit)
                  00801a80    000000e0                     : memset.c.obj (.text:memset)
                  00801b60    000000c0                     : autoinit.c.obj (.text:__TI_auto_init_nobinit_nopinit:__TI_auto_init_nobinit_nopinit)
                  00801c20    000000c0                     : tls.c.obj (.text:tls:init:__TI_tls_init)
                  00801ce0    000000a0                     : memcpy64.asm.obj (.text:memcpy)
                  00801d80    00000080                     : boot.c.obj (.text:_c_int00)
                  00801e00    00000040                     : args_main.c.obj (.text:_args_main)
                  00801e40    00000020                     : startup.c.obj (.text:_system_post_cinit)
                  00801e60    00000020                     : pre_init.c.obj (.text:_system_pre_init)
                  00801e80    00000020                     : exit.c.obj (.text:abort)
                  00801ea0    00000020                     : copy_decompress_none.c.obj (.text:decompress:none:__TI_decompress_none)
                  00801ec0    00000020                     : copy_decompress_rle.c.obj (.text:decompress:rle24:__TI_decompress_rle24)

.switch    0    00801ee0    00000010     
                  00801ee0    00000010     drivers.lib : gpio.obj (.switch:GPIOIntTypeSet)

.cinit     0    00801f00    00000020     
                  00801f00    0000000d     (.cinit..fardata.load) [load image, compression = rle]
                  00801f0d    00000003     --HOLE-- [fill = 0]
                  00801f10    00000008     (__TI_handler_table)
                  00801f18    00000008     (__TI_cinit_table)

.init_array 
*          0    00800000    00000000     UNINITIALIZED

.fardata   0    00801ef0    0000000c     UNINITIALIZED
                  00801ef0    0000000c     rts6740_elf.lib : exit.c.obj (.fardata)

MODULE SUMMARY

       Module                       code   ro data   rw data
       ------                       ----   -------   -------
    .\
       main.obj                     480    0         0      
    +--+----------------------------+------+---------+---------+
       Total:                       480    0         0      
                                                            
    ../../Library/StarterWare/Drivers/Debug/drivers.lib
       gpio.obj                     1408   16        0      
       psc.obj                      320    0         0      
    +--+----------------------------+------+---------+---------+
       Total:                       1728   16        0      
                                                            
    C:\ti\ti-cgt-c6000_8.3.12\lib\rts6740_elf.lib
       copy_decompress_rle.c.obj    288    0         0      
       exit.c.obj                   256    0         12     
       memset.c.obj                 224    0         0      
       autoinit.c.obj               192    0         0      
       tls.c.obj                    192    0         0      
       memcpy64.asm.obj             160    0         0      
       boot.c.obj                   128    0         0      
       args_main.c.obj              64     0         0      
       copy_decompress_none.c.obj   32     0         0      
       pre_init.c.obj               32     0         0      
       startup.c.obj                32     0         0      
    +--+----------------------------+------+---------+---------+
       Total:                       1600   0         12     
                                                            
       Stack:                       0      0         4096   
       Linker Generated:            0      29        0      
    +--+----------------------------+------+---------+---------+
       Grand Total:                 3808   45        4108   


LINKER GENERATED COPY TABLES

__TI_cinit_table @ 00801f18 records: 1, size/record: 8, table size: 8
	.fardata: load addr=00801f00, load size=0000000d bytes, run addr=00801ef0, run size=0000000c bytes, compression=rle


LINKER GENERATED HANDLER TABLE

__TI_handler_table @ 00801f10 records: 2, size/record: 4, table size: 8
	index: 0, handler: __TI_decompress_rle24
	index: 1, handler: __TI_decompress_none


GLOBAL SYMBOLS: SORTED ALPHABETICALLY BY Name 

address   name                           
-------   ----                           
00801e80  C$$EXIT                        
008014a4  GPIOBankIntDisable             
00801474  GPIOBankIntEnable              
008014d0  GPIOBankPinsWrite              
00801098  GPIODirModeGet                 
00801000  GPIODirModeSet                 
00801344  GPIOIntTypeGet                 
008011d8  GPIOIntTypeSet                 
0080142c  GPIOPinIntClear                
008013cc  GPIOPinIntStatus               
00801178  GPIOPinRead                    
008010f8  GPIOPinWrite                   
00801760  PSCModuleControl               
00801f18  __TI_CINIT_Base                
00801f20  __TI_CINIT_Limit               
00801f10  __TI_Handler_Table_Base        
00801f18  __TI_Handler_Table_Limit       
00801000  __TI_STACK_END                 
00001000  __TI_STACK_SIZE                
00000000  __TI_STATIC_BASE               
UNDEFED   __TI_TLS_INIT_Base             
UNDEFED   __TI_TLS_INIT_Limit            
00801b60  __TI_auto_init_nobinit_nopinit 
00801ef0  __TI_cleanup_ptr               
00801ea0  __TI_decompress_none           
00801ec0  __TI_decompress_rle24          
00801ef4  __TI_dtors_ptr                 
00801ef8  __TI_enable_exit_profile_output
ffffffff  __TI_pprof_out_hndl            
ffffffff  __TI_prof_data_size            
ffffffff  __TI_prof_data_start           
00801c20  __TI_tls_init                  
ffffffff  __binit__                      
ffffffff  __c_args__                     
00801e00  _args_main                     
00801d80  _c_int00                       
00800000  _stack                         
00801e40  _system_post_cinit             
00801e60  _system_pre_init               
00801e80  abort                          
ffffffff  binit                          
008019a0  exit                           
00801694  main                           
00801ce0  memcpy                         
00801a80  memset                         


GLOBAL SYMBOLS: SORTED BY Symbol Address 

address   name                           
-------   ----                           
00000000  __TI_STATIC_BASE               
00001000  __TI_STACK_SIZE                
00800000  _stack                         
00801000  GPIODirModeSet                 
00801000  __TI_STACK_END                 
00801098  GPIODirModeGet                 
008010f8  GPIOPinWrite                   
00801178  GPIOPinRead                    
008011d8  GPIOIntTypeSet                 
00801344  GPIOIntTypeGet                 
008013cc  GPIOPinIntStatus               
0080142c  GPIOPinIntClear                
00801474  GPIOBankIntEnable              
008014a4  GPIOBankIntDisable             
008014d0  GPIOBankPinsWrite              
00801694  main                           
00801760  PSCModuleControl               
008019a0  exit                           
00801a80  memset                         
00801b60  __TI_auto_init_nobinit_nopinit 
00801c20  __TI_tls_init                  
00801ce0  memcpy                         
00801d80  _c_int00                       
00801e00  _args_main                     
00801e40  _system_post_cinit             
00801e60  _system_pre_init               
00801e80  C$$EXIT                        
00801e80  abort                          
00801ea0  __TI_decompress_none           
00801ec0  __TI_decompress_rle24          
00801ef0  __TI_cleanup_ptr               
00801ef4  __TI_dtors_ptr                 
00801ef8  __TI_enable_exit_profile_output
00801f10  __TI_Handler_Table_Base        
00801f18  __TI_CINIT_Base                
00801f18  __TI_Handler_Table_Limit       
00801f20  __TI_CINIT_Limit               
ffffffff  __TI_pprof_out_hndl            
ffffffff  __TI_prof_data_size            
ffffffff  __TI_prof_data_start           
ffffffff  __binit__                      
ffffffff  __c_args__                     
ffffffff  binit                          
UNDEFED   __TI_TLS_INIT_Base             
UNDEFED   __TI_TLS_INIT_Limit            

[45 symbols]
