******************************************************************************
               TMS320C6x Linker PC v8.3.12                     
******************************************************************************
>> Linked Sun Apr 24 18:58:52 2022

OUTPUT FILE NAME:   <LCD_GRLIB.out>
ENTRY POINT SYMBOL: "_c_int00"  address: 0080dae0


MEMORY CONFIGURATION

         name            origin    length      used     unused   attr    fill
----------------------  --------  ---------  --------  --------  ----  --------
  DSPL2RAM              00800000   00040000  000106e0  0002f920  RWIX
  SHRAM                 80000000   00020000  00000000  00020000  RWIX
  DDR2                  c0000000   08000000  00178080  07e87f80  RWIX


SEGMENT ALLOCATION MAP

run origin  load origin   length   init length attrs members
----------  ----------- ---------- ----------- ----- -------
00800000    00800000    0000e180   0000e180    r-x
  00800000    00800000    0000e180   0000e180    r-x .text
0080e180    0080e180    00002460   00000000    rw-
  0080e180    0080e180    00001000   00000000    rw- .stack
  0080f180    0080f180    00001000   00000000    rw- .sysmem
  00810180    00810180    0000033c   00000000    rw- .fardata
  008104c0    008104c0    00000120   00000000    rw- .cio
008105e0    008105e0    00000048   00000048    r--
  008105e0    008105e0    00000048   00000048    r-- .switch
00810628    00810628    00000014   00000000    rw-
  00810628    00810628    00000014   00000000    rw- .bss
00810640    00810640    000000a8   000000a8    r--
  00810640    00810640    000000a8   000000a8    r-- .cinit
c0000000    c0000000    000bc428   000bc428    r--
  c0000000    c0000000    000bc428   000bc428    r-- .const
c00bc428    c00bc428    000bbc58   00000000    rw-
  c00bc428    c00bc428    000bbc58   00000000    rw- .far


SECTION ALLOCATION MAP

 output                                  attributes/
section   page    origin      length       input sections
--------  ----  ----------  ----------   ----------------
.text      0    00800000    0000e180     
                  00800000    000020c0     rts6740_elf.lib : _printfi.c.obj (.text:__TI_printfi)
                  008020c0    00001aa0     system_config.lib : interrupt.obj (.text:retain)
                  00803b60    00000e60     grlib.lib : string.obj (.text)
                  008049c0    00000e00     drivers.lib : raster.obj (.text)
                  008057c0    00000900     grlib.lib : offscr16bpp.obj (.text)
                  008060c0    00000780     main.obj (.text)
                  00806840    000006c0     grlib.lib : image.obj (.text)
                  00806f00    000006c0               : line.obj (.text)
                  008075c0    00000660     rts6740_elf.lib : _printfi.c.obj (.text:_pconv_a)
                  00807c20    00000600                     : divd.c.obj (.text:__c6xabi_divd)
                  00808220    000005e0     system_config.lib : interrupt.obj (.text)
                  00808800    00000580     drivers.lib : gpio.obj (.text)
                  00808d80    00000520     Touch.obj (.text)
                  008092a0    000004c0     drivers.lib : i2c.obj (.text)
                  00809760    00000440     I2C.obj (.text)
                  00809ba0    00000400     rts6740_elf.lib : _printfi.c.obj (.text:_pconv_g)
                  00809fa0    000003c0                     : memory.c.obj (.text:free)
                  0080a360    000002e0                     : fputs.c.obj (.text:fputs)
                  0080a640    000002a0                     : _printfi.c.obj (.text:_pconv_e)
                  0080a8e0    000002a0                     : _printfi.c.obj (.text:fcvt)
                  0080ab80    00000260                     : imath64.c.obj (.text:__c6xabi_divull)
                  0080ade0    00000200                     : _printfi.c.obj (.text:_ltostr)
                  0080afe0    00000020                     : errno.c.obj (.text:__c6xabi_errno_addr)
                  0080b000    00000200     system_config.lib : intvecs.obj (.text)
                  0080b200    000001c0     rts6740_elf.lib : imath40.c.obj (.text:__c6xabi_divul)
                  0080b3c0    000001c0                     : fputc.c.obj (.text:fputc)
                  0080b580    000001c0                     : frexp.c.obj (.text:frexp)
                  0080b740    000001c0                     : ldexp.c.obj (.text:ldexp)
                  0080b900    000001c0                     : memory.c.obj (.text:malloc)
                  0080bac0    000001c0                     : setvbuf.c.obj (.text:setvbuf)
                  0080bc80    000001a0                     : hostrename.c.obj (.text:HOSTrename)
                  0080be20    000001a0     grlib.lib : context.obj (.text)
                  0080bfc0    00000140     drivers.lib : psc.obj (.text)
                  0080c100    00000120     rts6740_elf.lib : _printfi.c.obj (.text:_pconv_f)
                  0080c220    00000120                     : getdevice.c.obj (.text:getdevice)
                  0080c340    00000100                     : fclose.c.obj (.text:__TI_closefile)
                  0080c440    00000100                     : copy_decompress_rle.c.obj (.text:__TI_decompress_rle_core)
                  0080c540    00000100                     : _printfi.c.obj (.text:_mcpy)
                  0080c640    00000100                     : atoi.c.obj (.text:atoi)
                  0080c740    00000100                     : fseek.c.obj (.text:fseek)
                  0080c840    000000e0                     : hostlseek.c.obj (.text:HOSTlseek)
                  0080c920    000000e0                     : hostopen.c.obj (.text:HOSTopen)
                  0080ca00    000000e0                     : hostwrite.c.obj (.text:HOSTwrite)
                  0080cae0    000000e0                     : _ltoa.c.obj (.text:__TI_ltoa)
                  0080cbc0    000000e0                     : _io_perm.c.obj (.text:__TI_wrt_ok)
                  0080cca0    000000e0                     : divi.asm.obj (.text:__divi)
                  0080cd80    000000e0                     : close.c.obj (.text:close)
                  0080ce60    000000e0                     : exit.c.obj (.text:exit)
                  0080cf40    000000e0                     : memset.c.obj (.text:memset)
                  0080d020    000000e0                     : printf.c.obj (.text:printf)
                  0080d100    000000c0                     : hostread.c.obj (.text:HOSTread)
                  0080d1c0    000000c0                     : hostunlink.c.obj (.text:HOSTunlink)
                  0080d280    000000c0                     : autoinit.c.obj (.text:__TI_auto_init_nobinit_nopinit:__TI_auto_init_nobinit_nopinit)
                  0080d340    000000c0                     : divu.asm.obj (.text:__divu)
                  0080d400    000000c0                     : memory.c.obj (.text:mremove)
                  0080d4c0    000000c0                     : tls.c.obj (.text:tls:init:__TI_tls_init)
                  0080d580    000000a0                     : hostclose.c.obj (.text:HOSTclose)
                  0080d620    000000a0                     : fopen.c.obj (.text:__TI_cleanup)
                  0080d6c0    000000a0                     : fflush.c.obj (.text:__TI_doflush)
                  0080d760    000000a0                     : _printfi.c.obj (.text:_ecpy)
                  0080d800    000000a0                     : getdevice.c.obj (.text:finddevice)
                  0080d8a0    000000a0                     : memcpy64.asm.obj (.text:memcpy)
                  0080d940    000000a0                     : memory.c.obj (.text:minsert)
                  0080d9e0    00000080                     : trgmsg.c.obj (.text:__TI_readmsg)
                  0080da60    00000080                     : llshift.c.obj (.text:__c6xabi_llshl)
                  0080dae0    00000080                     : boot.c.obj (.text:_c_int00)
                  0080db60    00000080                     : unlink.c.obj (.text:unlink)
                  0080dbe0    00000060                     : trgmsg.c.obj (.text:__TI_writemsg)
                  0080dc40    00000060                     : llshift.c.obj (.text:__c6xabi_llshru)
                  0080dca0    00000060                     : imath64.c.obj (.text:_subcull)
                  0080dd00    00000060                     : lseek.c.obj (.text:lseek)
                  0080dd60    00000060                     : memccpy.c.obj (.text:memccpy)
                  0080ddc0    00000060                     : sprintf.c.obj (.text:sprintf)
                  0080de20    00000060                     : write.c.obj (.text:write)
                  0080de80    00000040                     : frcmpyd_div.c.obj (.text:__TI_frcmpyd_div)
                  0080dec0    00000040                     : isinf.c.obj (.text:__c6xabi_isinf)
                  0080df00    00000040                     : _printfi.c.obj (.text:__c6xabi_isnan)
                  0080df40    00000040                     : args_main.c.obj (.text:_args_main)
                  0080df80    00000040                     : sprintf.c.obj (.text:_outs)
                  0080dfc0    00000040                     : wcslen.c.obj (.text:wcslen)
                  0080e000    00000020                     : push.asm.obj (.text:__pop_rts)
                  0080e020    00000020                     : push.asm.obj (.text:__push_rts)
                  0080e040    00000020                     : _lock.c.obj (.text:_nop)
                  0080e060    00000020                     : printf.c.obj (.text:_outc)
                  0080e080    00000020                     : sprintf.c.obj (.text:_outc)
                  0080e0a0    00000020                     : printf.c.obj (.text:_outs)
                  0080e0c0    00000020                     : signbit.c.obj (.text:_signbit)
                  0080e0e0    00000020                     : startup.c.obj (.text:_system_post_cinit)
                  0080e100    00000020                     : pre_init.c.obj (.text:_system_pre_init)
                  0080e120    00000020                     : exit.c.obj (.text:abort)
                  0080e140    00000020                     : copy_decompress_none.c.obj (.text:decompress:none:__TI_decompress_none)
                  0080e160    00000020                     : copy_decompress_rle.c.obj (.text:decompress:rle24:__TI_decompress_rle24)

.stack     0    0080e180    00001000     UNINITIALIZED
                  0080e180    00000008     rts6740_elf.lib : boot.c.obj (.stack)
                  0080e188    00000ff8     --HOLE--

.cio       0    008104c0    00000120     UNINITIALIZED
                  008104c0    00000120     rts6740_elf.lib : trgmsg.c.obj (.cio)

.const     0    c0000000    000bc428     
                  c0000000    000bb805     main.obj (.const:.string:LOGO)
                  c00bb805    00000003     --HOLE-- [fill = 0]
                  c00bb808    0000091e     grlib.lib : fontcmss22b.obj (.const:.string:g_pucCmss22bData)
                  c00bc126    00000002     --HOLE-- [fill = 0]
                  c00bc128    00000101     rts6740_elf.lib : ctype.c.obj (.const:.string:_ctypes_)
                  c00bc229    00000003     --HOLE-- [fill = 0]
                  c00bc22c    000000c8     grlib.lib : fontcmss22b.obj (.const)
                  c00bc2f4    00000094     Touch.obj (.const:.string)
                  c00bc388    0000007c     main.obj (.const:.string)
                  c00bc404    00000024     rts6740_elf.lib : _printfi.c.obj (.const:.string)

.sysmem    0    0080f180    00001000     UNINITIALIZED
                  0080f180    00000008     rts6740_elf.lib : memory.c.obj (.sysmem)
                  0080f188    00000ff8     --HOLE--

.switch    0    008105e0    00000048     
                  008105e0    00000038     rts6740_elf.lib : _printfi.c.obj (.switch:__TI_printfi)
                  00810618    00000010     drivers.lib : gpio.obj (.switch:GPIOIntTypeSet)

.cinit     0    00810640    000000a8     
                  00810640    0000006e     (.cinit..fardata.load) [load image, compression = rle]
                  008106ae    0000000d     (.cinit..far.load) [load image, compression = rle]
                  008106bb    00000009     (.cinit..bss.load) [load image, compression = rle]
                  008106c4    00000008     (__TI_handler_table)
                  008106cc    00000004     --HOLE-- [fill = 0]
                  008106d0    00000018     (__TI_cinit_table)

.init_array 
*          0    00800000    00000000     UNINITIALIZED

.fardata   0    00810180    0000033c     UNINITIALIZED
                  00810180    000001e0     rts6740_elf.lib : defs.c.obj (.fardata:_ftable)
                  00810360    000000a0                     : write.c.obj (.fardata:_stream)
                  00810400    00000078                     : write.c.obj (.fardata:_device)
                  00810478    00000020     main.obj (.fardata:palette_32b)
                  00810498    0000000c     rts6740_elf.lib : exit.c.obj (.fardata)
                  008104a4    00000008                     : memory.c.obj (.fardata)
                  008104ac    00000004                     : _lock.c.obj (.fardata:_lock)
                  008104b0    00000004                     : _lock.c.obj (.fardata:_unlock)
                  008104b4    00000004                     : defs.c.obj (.fardata)
                  008104b8    00000004                     : errno.c.obj (.fardata)

.neardata 
*          0    00810628    00000000     UNINITIALIZED

.rodata    0    00810628    00000000     UNINITIALIZED

.bss       0    00810628    00000014     UNINITIALIZED
                  00810628    00000012     grlib.lib : string.obj (.bss)
                  0081063a    00000002               : offscr16bpp.obj (.bss)

.far       0    c00bc428    000bbc58     UNINITIALIZED
                  c00bc428    000bb824     (.common:g_pucBuffer)
                  c0177c4c    00000004     --HOLE--
                  c0177c50    00000240     system_config.lib : interrupt.obj (.far)
                  c0177e90    00000140     (.common:__TI_tmpnams)
                  c0177fd0    0000002a     (.common:TouchInfo)
                  c0177ffa    00000002     --HOLE--
                  c0177ffc    00000028     (.common:g_s800x480x16Display)
                  c0178024    00000004     --HOLE--
                  c0178028    00000020     grlib.lib : image.obj (.far)
                  c0178048    0000001c     (.common:g_sContext)
                  c0178064    00000004     --HOLE--
                  c0178068    0000000a     (.common:I2CData)
                  c0178072    00000006     --HOLE--
                  c0178078    00000008     (.common:parmbuf)

MODULE SUMMARY

       Module                       code    ro data   rw data
       ------                       ----    -------   -------
    .\
       main.obj                     1920    768129    768136 
       Touch.obj                    1312    148       42     
       I2C.obj                      1088    0         10     
    +--+----------------------------+-------+---------+---------+
       Total:                       4320    768277    768188 
                                                             
    ../../Library/StarterWare/Drivers/Debug/drivers.lib
       raster.obj                   3584    0         0      
       gpio.obj                     1408    16        0      
       i2c.obj                      1216    0         0      
       psc.obj                      320     0         0      
    +--+----------------------------+-------+---------+---------+
       Total:                       6528    16        0      
                                                             
    ../../Library/StarterWare/SystemConfig/Debug/system_config.lib
       interrupt.obj                8320    0         576    
       intvecs.obj                  512     0         0      
    +--+----------------------------+-------+---------+---------+
       Total:                       8832    0         576    
                                                             
    ../../Library/StarterWare/grlib/Debug/grlib.lib
       string.obj                   3680    0         18     
       fontcmss22b.obj              0       2534      0      
       offscr16bpp.obj              2304    0         2      
       image.obj                    1728    0         32     
       line.obj                     1728    0         0      
       context.obj                  416     0         0      
    +--+----------------------------+-------+---------+---------+
       Total:                       9856    2534      52     
                                                             
    C:\ti\ti-cgt-c6000_8.3.12\lib\rts6740_elf.lib
       _printfi.c.obj               13664   92        0      
       memory.c.obj                 1760    0         8      
       divd.c.obj                   1536    0         0      
       defs.c.obj                   0       0         804    
       fputs.c.obj                  736     0         0      
       imath64.c.obj                704     0         0      
       trgmsg.c.obj                 224     0         288    
       fputc.c.obj                  448     0         0      
       frexp.c.obj                  448     0         0      
       getdevice.c.obj              448     0         0      
       imath40.c.obj                448     0         0      
       ldexp.c.obj                  448     0         0      
       setvbuf.c.obj                448     0         0      
       hostrename.c.obj             416     0         0      
       write.c.obj                  96      0         280    
       copy_decompress_rle.c.obj    288     0         0      
       printf.c.obj                 288     0         0      
       exit.c.obj                   256     0         12     
       ctype.c.obj                  0       257       0      
       atoi.c.obj                   256     0         0      
       fclose.c.obj                 256     0         0      
       fseek.c.obj                  256     0         0      
       hostopen.c.obj               224     0         8      
       _io_perm.c.obj               224     0         0      
       _ltoa.c.obj                  224     0         0      
       close.c.obj                  224     0         0      
       divi.asm.obj                 224     0         0      
       hostlseek.c.obj              224     0         0      
       hostwrite.c.obj              224     0         0      
       llshift.c.obj                224     0         0      
       memset.c.obj                 224     0         0      
       autoinit.c.obj               192     0         0      
       divu.asm.obj                 192     0         0      
       hostread.c.obj               192     0         0      
       hostunlink.c.obj             192     0         0      
       sprintf.c.obj                192     0         0      
       tls.c.obj                    192     0         0      
       fflush.c.obj                 160     0         0      
       fopen.c.obj                  160     0         0      
       hostclose.c.obj              160     0         0      
       memcpy64.asm.obj             160     0         0      
       boot.c.obj                   128     0         0      
       unlink.c.obj                 128     0         0      
       lseek.c.obj                  96      0         0      
       memccpy.c.obj                96      0         0      
       args_main.c.obj              64      0         0      
       frcmpyd_div.c.obj            64      0         0      
       isinf.c.obj                  64      0         0      
       push.asm.obj                 64      0         0      
       wcslen.c.obj                 64      0         0      
       _lock.c.obj                  32      0         8      
       errno.c.obj                  32      0         4      
       copy_decompress_none.c.obj   32      0         0      
       pre_init.c.obj               32      0         0      
       signbit.c.obj                32      0         0      
       startup.c.obj                32      0         0      
    +--+----------------------------+-------+---------+---------+
       Total:                       28192   349       1412   
                                                             
       Heap:                        0       0         4096   
       Stack:                       0       0         4096   
       Linker Generated:            0       164       0      
    +--+----------------------------+-------+---------+---------+
       Grand Total:                 57728   771340    778420 


LINKER GENERATED COPY TABLES

__TI_cinit_table @ 008106d0 records: 3, size/record: 8, table size: 24
	.fardata: load addr=00810640, load size=0000006e bytes, run addr=00810180, run size=0000033c bytes, compression=rle
	.far: load addr=008106ae, load size=0000000d bytes, run addr=c00bc428, run size=000bbc58 bytes, compression=rle
	.bss: load addr=008106bb, load size=00000009 bytes, run addr=00810628, run size=00000014 bytes, compression=rle


LINKER GENERATED HANDLER TABLE

__TI_handler_table @ 008106c4 records: 2, size/record: 4, table size: 8
	index: 0, handler: __TI_decompress_rle24
	index: 1, handler: __TI_decompress_none


GLOBAL SYMBOLS: SORTED ALPHABETICALLY BY Name 

address   name                             
-------   ----                             
0080e120  C$$EXIT                          
0080dc38  C$$IO$$                          
00808678  ExcCombineAdd                    
008086c0  ExcCombineRemove                 
00808658  ExcGlobalEnable                  
00808ca4  GPIOBankIntDisable               
00808c74  GPIOBankIntEnable                
00808cd0  GPIOBankPinsWrite                
00808898  GPIODirModeGet                   
00808800  GPIODirModeSet                   
00808b44  GPIOIntTypeGet                   
008089d8  GPIOIntTypeSet                   
00808c2c  GPIOPinIntClear                  
00808bcc  GPIOPinIntStatus                 
00808978  GPIOPinRead                      
008088f8  GPIOPinWrite                     
0080beac  GrContextClipRegionSet           
0080be20  GrContextInit                    
00806840  GrImageDraw                      
00807390  GrLineDraw                       
00806f00  GrLineDrawH                      
00806fd8  GrLineDrawV                      
00805fc4  GrOffScreen16BPPInit             
00803cb8  GrStringDraw                     
00804418  GrStringGet                      
00804394  GrStringLanguageSet              
0080432c  GrStringTableSet                 
00803bc4  GrStringWidthGet                 
0080d580  HOSTclose                        
0080c840  HOSTlseek                        
0080c920  HOSTopen                         
0080d100  HOSTread                         
0080bc80  HOSTrename                       
0080d1c0  HOSTunlink                       
0080ca00  HOSTwrite                        
00809724  I2CDMARxEventDisable             
008096d8  I2CDMARxEventEnable              
00809700  I2CDMATxEventDisable             
008096b4  I2CDMATxEventEnable              
008096a0  I2CDMATxRxEventDisable           
c0178068  I2CData                          
00809a98  I2CHWRegRead                     
008099c4  I2CHWRegWrite                    
00809b2c  I2CInit                          
00809668  I2CInterruptVectorGet            
008094c8  I2CMasterBusBusy                 
00809510  I2CMasterControl                 
008095e0  I2CMasterDataGet                 
008095b8  I2CMasterDataPut                 
00809378  I2CMasterDisable                 
00809340  I2CMasterEnable                  
00809590  I2CMasterErr                     
008092a0  I2CMasterInitExpClk              
00809484  I2CMasterIntClearEx              
008093e4  I2CMasterIntDisableEx            
00809398  I2CMasterIntEnableEx             
0080942c  I2CMasterIntStatus               
008094ec  I2CMasterIsBusy                  
008094b0  I2CMasterSlaveAddrSet            
00809538  I2CMasterStart                   
00809558  I2CMasterStop                    
00809650  I2COwnAddressSet                 
00809890  I2CRcvBlocking                   
00809a20  I2CRegRead                       
00809984  I2CRegWrite                      
008097ac  I2CSendBlocking                  
00809638  I2CSetDataCount                  
00809684  I2CSlaveAddressGet               
00809620  I2CSlaveDataGet                  
008095f8  I2CSlaveDataPut                  
00809498  I2CSlaveIntClearEx               
00809408  I2CSlaveIntDisableEx             
008093c0  I2CSlaveIntEnableEx              
00809448  I2CSlaveIntStatus                
00809464  I2CSlaveIntStatusEx              
00809578  I2CStatusClear                   
00808220  IntDSPINTCInit                   
008085d0  IntDisable                       
008085a0  IntEnable                        
00808398  IntEventClear                    
008084d4  IntEventCombineAdd               
008083d0  IntEventCombineInit              
00808578  IntEventCombineRegister          
00808528  IntEventCombineRemove            
008082dc  IntEventMap                      
00808364  IntEventSet                      
0080862c  IntGlobalDisable                 
00808618  IntGlobalEnable                  
00808640  IntGlobalRestore                 
00808290  IntRegister                      
00808604  IntReset                         
008082b4  IntUnRegister                    
00806268  InterruptInit                    
008061e0  LCDBacklightDisable              
008061b4  LCDBacklightEnable               
008062a0  LCDInit                          
0080620c  LCDIsr                           
00806474  LCDVersionGet                    
c0000000  LOGO                             
00803b60  NumLeadingZeros                  
0080bfc0  PSCModuleControl                 
008057c0  RGB16                            
00804a34  RasterAutoUnderFlowDisable       
00804a14  RasterAutoUnderFlowEnable        
00804f68  RasterByteSwapDisable            
00804f44  RasterByteSwapEnable             
008050f4  RasterClearGetIntStatus          
008049c0  RasterClkConfig                  
00805354  RasterClocksEnable               
008056ac  RasterContextRestore             
008055c4  RasterContextSave                
00804f08  RasterDMAConfig                  
008050ac  RasterDMAFBConfig                
008053e0  RasterDMASoftWareClkDisable      
008053b8  RasterDMASoftWareClkEnable       
00804a78  RasterDisable                    
008054e8  RasterDmaMasterPrioritySet       
00804a54  RasterEnable                     
00804fb0  RasterEndOfFrameIntDisable       
00804f8c  RasterEndOfFrameIntEnable        
00804c80  RasterFIFODMADelayConfig         
00804cc8  RasterHparamConfig               
00804a00  RasterIdGet                      
00805578  RasterIdleModeConfig             
00804be8  RasterIntDisable                 
00804b80  RasterIntEnable                  
00805034  RasterIntRawStatus               
00805080  RasterIntRawStatusSet            
00804fd4  RasterIntStatus                  
00804b40  RasterLSBDataOrderSelect         
00804b60  RasterMSBDataOrderSelect         
00804aa0  RasterModeConfig                 
00804c60  RasterNibbleModeDisable          
00804c40  RasterNibbleModeEnable           
00805394  RasterSoftWareClkDisable         
00805370  RasterSoftWareClkEnable          
00805474  RasterSoftWareResetControlDisable
00805404  RasterSoftWareResetControlEnable 
00805530  RasterStandbyModeConfig          
008051b0  RasterSubPanelConfig             
0080518c  RasterSubPanelDisable            
0080516c  RasterSubPanelEnable             
00804e94  RasterTiming2Configure           
00804da4  RasterVparamConfig               
c0177fd0  TouchInfo                        
0080910c  TouchInit                        
00809084  TouchIsr                         
00808ec8  TouchXYGet                       
008104c0  __CIOBUF_                        
008106d0  __TI_CINIT_Base                  
008106e8  __TI_CINIT_Limit                 
008106c4  __TI_Handler_Table_Base          
008106cc  __TI_Handler_Table_Limit         
0080f180  __TI_STACK_END                   
00001000  __TI_STACK_SIZE                  
00810628  __TI_STATIC_BASE                 
00001000  __TI_SYSMEM_SIZE                 
UNDEFED   __TI_TLS_INIT_Base               
UNDEFED   __TI_TLS_INIT_Limit              
0080d280  __TI_auto_init_nobinit_nopinit   
0080d620  __TI_cleanup                     
00810498  __TI_cleanup_ptr                 
0080c340  __TI_closefile                   
0080e140  __TI_decompress_none             
0080e160  __TI_decompress_rle24            
0080d6c0  __TI_doflush                     
0081049c  __TI_dtors_ptr                   
008104a0  __TI_enable_exit_profile_output  
0080de80  __TI_frcmpyd_div                 
008104b4  __TI_ft_end                      
0080cae0  __TI_ltoa                        
ffffffff  __TI_pprof_out_hndl              
00800000  __TI_printfi                     
ffffffff  __TI_prof_data_size              
ffffffff  __TI_prof_data_start             
0080d9e0  __TI_readmsg                     
0080d4c0  __TI_tls_init                    
c0177e90  __TI_tmpnams                     
0080dbe0  __TI_writemsg                    
0080cbc0  __TI_wrt_ok                      
ffffffff  __binit__                        
00807c20  __c6xabi_divd                    
0080cca0  __c6xabi_divi                    
0080d340  __c6xabi_divu                    
0080b200  __c6xabi_divul                   
0080ab80  __c6xabi_divull                  
0080afe0  __c6xabi_errno_addr              
0080dec0  __c6xabi_isinf                   
0080da60  __c6xabi_llshl                   
0080dc40  __c6xabi_llshru                  
0080e000  __c6xabi_pop_rts                 
0080e020  __c6xabi_push_rts                
ffffffff  __c_args__                       
0080cca0  __divi                           
0080d340  __divu                           
008104b8  __errno                          
0080e000  __pop_rts                        
0080e020  __push_rts                       
0080df40  _args_main                       
008030b8  _c674x_mask_int10_isr            
00803280  _c674x_mask_int11_isr            
00803444  _c674x_mask_int12_isr            
00803608  _c674x_mask_int13_isr            
008037d0  _c674x_mask_int14_isr            
00803998  _c674x_mask_int15_isr            
00802610  _c674x_mask_int4_isr             
008027d8  _c674x_mask_int5_isr             
008029a0  _c674x_mask_int6_isr             
00802b64  _c674x_mask_int7_isr             
00802d28  _c674x_mask_int8_isr             
00802ef0  _c674x_mask_int9_isr             
008020c0  _c674x_nmi_isr                   
00802284  _c674x_rsvd_int2_isr             
00802448  _c674x_rsvd_int3_isr             
0080dae0  _c_int00                         
c00bc128  _ctypes_                         
00810400  _device                          
00810180  _ftable                          
0080b000  _intcVectorTable                 
008104ac  _lock                            
0080e040  _nop                             
0080e0c0  _signbit                         
0080e180  _stack                           
00810360  _stream                          
0080dca0  _subcull                         
0080f180  _sys_memory                      
0080e0e0  _system_post_cinit               
0080e100  _system_pre_init                 
008104b0  _unlock                          
0080e120  abort                            
0080c640  atoi                             
ffffffff  binit                            
0080cd80  close                            
008104b8  errno                            
0080ce60  exit                             
0080d800  finddevice                       
0080b3c0  fputc                            
0080a360  fputs                            
00809fa0  free                             
0080b580  frexp                            
0080b580  frexpl                           
0080c740  fseek                            
c00bc428  g_pucBuffer                      
c0177ffc  g_s800x480x16Display             
c0178048  g_sContext                       
c00bc22c  g_sFontCmss22b                   
0080c220  getdevice                        
0080b740  ldexp                            
0080b740  ldexpl                           
0080dd00  lseek                            
00806480  main                             
0080b900  malloc                           
0080dd60  memccpy                          
0080d8a0  memcpy                           
0080cf40  memset                           
0081063a  offset                           
00810478  palette_32b                      
c0178078  parmbuf                          
0080d020  printf                           
0080b3c0  putc                             
0080db60  remove                           
0080b740  scalbn                           
0080b740  scalbnl                          
0080bac0  setvbuf                          
0080ddc0  sprintf                          
0080db60  unlink                           
0080dfc0  wcslen                           
0080de20  write                            


GLOBAL SYMBOLS: SORTED BY Symbol Address 

address   name                             
-------   ----                             
00001000  __TI_STACK_SIZE                  
00001000  __TI_SYSMEM_SIZE                 
00800000  __TI_printfi                     
008020c0  _c674x_nmi_isr                   
00802284  _c674x_rsvd_int2_isr             
00802448  _c674x_rsvd_int3_isr             
00802610  _c674x_mask_int4_isr             
008027d8  _c674x_mask_int5_isr             
008029a0  _c674x_mask_int6_isr             
00802b64  _c674x_mask_int7_isr             
00802d28  _c674x_mask_int8_isr             
00802ef0  _c674x_mask_int9_isr             
008030b8  _c674x_mask_int10_isr            
00803280  _c674x_mask_int11_isr            
00803444  _c674x_mask_int12_isr            
00803608  _c674x_mask_int13_isr            
008037d0  _c674x_mask_int14_isr            
00803998  _c674x_mask_int15_isr            
00803b60  NumLeadingZeros                  
00803bc4  GrStringWidthGet                 
00803cb8  GrStringDraw                     
0080432c  GrStringTableSet                 
00804394  GrStringLanguageSet              
00804418  GrStringGet                      
008049c0  RasterClkConfig                  
00804a00  RasterIdGet                      
00804a14  RasterAutoUnderFlowEnable        
00804a34  RasterAutoUnderFlowDisable       
00804a54  RasterEnable                     
00804a78  RasterDisable                    
00804aa0  RasterModeConfig                 
00804b40  RasterLSBDataOrderSelect         
00804b60  RasterMSBDataOrderSelect         
00804b80  RasterIntEnable                  
00804be8  RasterIntDisable                 
00804c40  RasterNibbleModeEnable           
00804c60  RasterNibbleModeDisable          
00804c80  RasterFIFODMADelayConfig         
00804cc8  RasterHparamConfig               
00804da4  RasterVparamConfig               
00804e94  RasterTiming2Configure           
00804f08  RasterDMAConfig                  
00804f44  RasterByteSwapEnable             
00804f68  RasterByteSwapDisable            
00804f8c  RasterEndOfFrameIntEnable        
00804fb0  RasterEndOfFrameIntDisable       
00804fd4  RasterIntStatus                  
00805034  RasterIntRawStatus               
00805080  RasterIntRawStatusSet            
008050ac  RasterDMAFBConfig                
008050f4  RasterClearGetIntStatus          
0080516c  RasterSubPanelEnable             
0080518c  RasterSubPanelDisable            
008051b0  RasterSubPanelConfig             
00805354  RasterClocksEnable               
00805370  RasterSoftWareClkEnable          
00805394  RasterSoftWareClkDisable         
008053b8  RasterDMASoftWareClkEnable       
008053e0  RasterDMASoftWareClkDisable      
00805404  RasterSoftWareResetControlEnable 
00805474  RasterSoftWareResetControlDisable
008054e8  RasterDmaMasterPrioritySet       
00805530  RasterStandbyModeConfig          
00805578  RasterIdleModeConfig             
008055c4  RasterContextSave                
008056ac  RasterContextRestore             
008057c0  RGB16                            
00805fc4  GrOffScreen16BPPInit             
008061b4  LCDBacklightEnable               
008061e0  LCDBacklightDisable              
0080620c  LCDIsr                           
00806268  InterruptInit                    
008062a0  LCDInit                          
00806474  LCDVersionGet                    
00806480  main                             
00806840  GrImageDraw                      
00806f00  GrLineDrawH                      
00806fd8  GrLineDrawV                      
00807390  GrLineDraw                       
00807c20  __c6xabi_divd                    
00808220  IntDSPINTCInit                   
00808290  IntRegister                      
008082b4  IntUnRegister                    
008082dc  IntEventMap                      
00808364  IntEventSet                      
00808398  IntEventClear                    
008083d0  IntEventCombineInit              
008084d4  IntEventCombineAdd               
00808528  IntEventCombineRemove            
00808578  IntEventCombineRegister          
008085a0  IntEnable                        
008085d0  IntDisable                       
00808604  IntReset                         
00808618  IntGlobalEnable                  
0080862c  IntGlobalDisable                 
00808640  IntGlobalRestore                 
00808658  ExcGlobalEnable                  
00808678  ExcCombineAdd                    
008086c0  ExcCombineRemove                 
00808800  GPIODirModeSet                   
00808898  GPIODirModeGet                   
008088f8  GPIOPinWrite                     
00808978  GPIOPinRead                      
008089d8  GPIOIntTypeSet                   
00808b44  GPIOIntTypeGet                   
00808bcc  GPIOPinIntStatus                 
00808c2c  GPIOPinIntClear                  
00808c74  GPIOBankIntEnable                
00808ca4  GPIOBankIntDisable               
00808cd0  GPIOBankPinsWrite                
00808ec8  TouchXYGet                       
00809084  TouchIsr                         
0080910c  TouchInit                        
008092a0  I2CMasterInitExpClk              
00809340  I2CMasterEnable                  
00809378  I2CMasterDisable                 
00809398  I2CMasterIntEnableEx             
008093c0  I2CSlaveIntEnableEx              
008093e4  I2CMasterIntDisableEx            
00809408  I2CSlaveIntDisableEx             
0080942c  I2CMasterIntStatus               
00809448  I2CSlaveIntStatus                
00809464  I2CSlaveIntStatusEx              
00809484  I2CMasterIntClearEx              
00809498  I2CSlaveIntClearEx               
008094b0  I2CMasterSlaveAddrSet            
008094c8  I2CMasterBusBusy                 
008094ec  I2CMasterIsBusy                  
00809510  I2CMasterControl                 
00809538  I2CMasterStart                   
00809558  I2CMasterStop                    
00809578  I2CStatusClear                   
00809590  I2CMasterErr                     
008095b8  I2CMasterDataPut                 
008095e0  I2CMasterDataGet                 
008095f8  I2CSlaveDataPut                  
00809620  I2CSlaveDataGet                  
00809638  I2CSetDataCount                  
00809650  I2COwnAddressSet                 
00809668  I2CInterruptVectorGet            
00809684  I2CSlaveAddressGet               
008096a0  I2CDMATxRxEventDisable           
008096b4  I2CDMATxEventEnable              
008096d8  I2CDMARxEventEnable              
00809700  I2CDMATxEventDisable             
00809724  I2CDMARxEventDisable             
008097ac  I2CSendBlocking                  
00809890  I2CRcvBlocking                   
00809984  I2CRegWrite                      
008099c4  I2CHWRegWrite                    
00809a20  I2CRegRead                       
00809a98  I2CHWRegRead                     
00809b2c  I2CInit                          
00809fa0  free                             
0080a360  fputs                            
0080ab80  __c6xabi_divull                  
0080afe0  __c6xabi_errno_addr              
0080b000  _intcVectorTable                 
0080b200  __c6xabi_divul                   
0080b3c0  fputc                            
0080b3c0  putc                             
0080b580  frexp                            
0080b580  frexpl                           
0080b740  ldexp                            
0080b740  ldexpl                           
0080b740  scalbn                           
0080b740  scalbnl                          
0080b900  malloc                           
0080bac0  setvbuf                          
0080bc80  HOSTrename                       
0080be20  GrContextInit                    
0080beac  GrContextClipRegionSet           
0080bfc0  PSCModuleControl                 
0080c220  getdevice                        
0080c340  __TI_closefile                   
0080c640  atoi                             
0080c740  fseek                            
0080c840  HOSTlseek                        
0080c920  HOSTopen                         
0080ca00  HOSTwrite                        
0080cae0  __TI_ltoa                        
0080cbc0  __TI_wrt_ok                      
0080cca0  __c6xabi_divi                    
0080cca0  __divi                           
0080cd80  close                            
0080ce60  exit                             
0080cf40  memset                           
0080d020  printf                           
0080d100  HOSTread                         
0080d1c0  HOSTunlink                       
0080d280  __TI_auto_init_nobinit_nopinit   
0080d340  __c6xabi_divu                    
0080d340  __divu                           
0080d4c0  __TI_tls_init                    
0080d580  HOSTclose                        
0080d620  __TI_cleanup                     
0080d6c0  __TI_doflush                     
0080d800  finddevice                       
0080d8a0  memcpy                           
0080d9e0  __TI_readmsg                     
0080da60  __c6xabi_llshl                   
0080dae0  _c_int00                         
0080db60  remove                           
0080db60  unlink                           
0080dbe0  __TI_writemsg                    
0080dc38  C$$IO$$                          
0080dc40  __c6xabi_llshru                  
0080dca0  _subcull                         
0080dd00  lseek                            
0080dd60  memccpy                          
0080ddc0  sprintf                          
0080de20  write                            
0080de80  __TI_frcmpyd_div                 
0080dec0  __c6xabi_isinf                   
0080df40  _args_main                       
0080dfc0  wcslen                           
0080e000  __c6xabi_pop_rts                 
0080e000  __pop_rts                        
0080e020  __c6xabi_push_rts                
0080e020  __push_rts                       
0080e040  _nop                             
0080e0c0  _signbit                         
0080e0e0  _system_post_cinit               
0080e100  _system_pre_init                 
0080e120  C$$EXIT                          
0080e120  abort                            
0080e140  __TI_decompress_none             
0080e160  __TI_decompress_rle24            
0080e180  _stack                           
0080f180  __TI_STACK_END                   
0080f180  _sys_memory                      
00810180  _ftable                          
00810360  _stream                          
00810400  _device                          
00810478  palette_32b                      
00810498  __TI_cleanup_ptr                 
0081049c  __TI_dtors_ptr                   
008104a0  __TI_enable_exit_profile_output  
008104ac  _lock                            
008104b0  _unlock                          
008104b4  __TI_ft_end                      
008104b8  __errno                          
008104b8  errno                            
008104c0  __CIOBUF_                        
00810628  __TI_STATIC_BASE                 
0081063a  offset                           
008106c4  __TI_Handler_Table_Base          
008106cc  __TI_Handler_Table_Limit         
008106d0  __TI_CINIT_Base                  
008106e8  __TI_CINIT_Limit                 
c0000000  LOGO                             
c00bc128  _ctypes_                         
c00bc22c  g_sFontCmss22b                   
c00bc428  g_pucBuffer                      
c0177e90  __TI_tmpnams                     
c0177fd0  TouchInfo                        
c0177ffc  g_s800x480x16Display             
c0178048  g_sContext                       
c0178068  I2CData                          
c0178078  parmbuf                          
ffffffff  __TI_pprof_out_hndl              
ffffffff  __TI_prof_data_size              
ffffffff  __TI_prof_data_start             
ffffffff  __binit__                        
ffffffff  __c_args__                       
ffffffff  binit                            
UNDEFED   __TI_TLS_INIT_Base               
UNDEFED   __TI_TLS_INIT_Limit              

[268 symbols]
