******************************************************************************
               TMS320C6x Linker PC v8.3.12                     
******************************************************************************
>> Linked Mon Apr 25 09:45:17 2022

OUTPUT FILE NAME:   <AD9833.out>
ENTRY POINT SYMBOL: "_c_int00"  address: 00801580


MEMORY CONFIGURATION

         name            origin    length      used     unused   attr    fill
----------------------  --------  ---------  --------  --------  ----  --------
  DSPL2RAM              00800000   00040000  000027bc  0003d844  RWIX
  SHRAM                 80000000   00020000  00000000  00020000  RWIX
  DDR2                  c0000000   08000000  00000000  08000000  RWIX


SEGMENT ALLOCATION MAP

run origin  load origin   length   init length attrs members
----------  ----------- ---------- ----------- ----- -------
00800000    00800000    00001780   00001780    r-x
  00800000    00800000    00001780   00001780    r-x .text
00801780    00801780    00001000   00000000    rw-
  00801780    00801780    00001000   00000000    rw- .stack
00802780    00802780    00000010   00000010    r--
  00802780    00802780    00000010   00000010    r-- .switch
00802790    00802790    0000000c   00000000    rw-
  00802790    00802790    0000000c   00000000    rw- .fardata
008027a0    008027a0    00000020   00000020    r--
  008027a0    008027a0    00000020   00000020    r-- .cinit


SECTION ALLOCATION MAP

 output                                  attributes/
section   page    origin      length       input sections
--------  ----  ----------  ----------   ----------------
.text      0    00800000    00001780     
                  00800000    00000600     rts6740_elf.lib : divd.c.obj (.text:__c6xabi_divd)
                  00800600    00000580     drivers.lib : gpio.obj (.text)
                  00800b80    00000340     main.obj (.text)
                  00800ec0    00000140     drivers.lib : psc.obj (.text)
                  00801000    00000100     rts6740_elf.lib : copy_decompress_rle.c.obj (.text:__TI_decompress_rle_core)
                  00801100    000000e0                     : exit.c.obj (.text:exit)
                  008011e0    000000e0                     : memset.c.obj (.text:memset)
                  008012c0    000000c0                     : autoinit.c.obj (.text:__TI_auto_init_nobinit_nopinit:__TI_auto_init_nobinit_nopinit)
                  00801380    000000c0                     : tls.c.obj (.text:tls:init:__TI_tls_init)
                  00801440    000000a0                     : fixfu.c.obj (.text:__c6xabi_fixfu)
                  008014e0    000000a0                     : memcpy64.asm.obj (.text:memcpy)
                  00801580    00000080                     : boot.c.obj (.text:_c_int00)
                  00801600    00000060                     : llshift.c.obj (.text:__c6xabi_llshru)
                  00801660    00000040                     : frcmpyd_div.c.obj (.text:__TI_frcmpyd_div)
                  008016a0    00000040                     : args_main.c.obj (.text:_args_main)
                  008016e0    00000020                     : startup.c.obj (.text:_system_post_cinit)
                  00801700    00000020                     : pre_init.c.obj (.text:_system_pre_init)
                  00801720    00000020                     : exit.c.obj (.text:abort)
                  00801740    00000020                     : copy_decompress_none.c.obj (.text:decompress:none:__TI_decompress_none)
                  00801760    00000020                     : copy_decompress_rle.c.obj (.text:decompress:rle24:__TI_decompress_rle24)

.stack     0    00801780    00001000     UNINITIALIZED
                  00801780    00000008     rts6740_elf.lib : boot.c.obj (.stack)
                  00801788    00000ff8     --HOLE--

.switch    0    00802780    00000010     
                  00802780    00000010     drivers.lib : gpio.obj (.switch:GPIOIntTypeSet)

.cinit     0    008027a0    00000020     
                  008027a0    0000000d     (.cinit..fardata.load) [load image, compression = rle]
                  008027ad    00000003     --HOLE-- [fill = 0]
                  008027b0    00000008     (__TI_handler_table)
                  008027b8    00000008     (__TI_cinit_table)

.init_array 
*          0    00800000    00000000     UNINITIALIZED

.fardata   0    00802790    0000000c     UNINITIALIZED
                  00802790    0000000c     rts6740_elf.lib : exit.c.obj (.fardata)

MODULE SUMMARY

       Module                       code   ro data   rw data
       ------                       ----   -------   -------
    .\
       main.obj                     832    0         0      
    +--+----------------------------+------+---------+---------+
       Total:                       832    0         0      
                                                            
    ../../Library/StarterWare/Drivers/Debug/drivers.lib
       gpio.obj                     1408   16        0      
       psc.obj                      320    0         0      
    +--+----------------------------+------+---------+---------+
       Total:                       1728   16        0      
                                                            
    C:\ti\ti-cgt-c6000_8.3.12\lib\rts6740_elf.lib
       divd.c.obj                   1536   0         0      
       copy_decompress_rle.c.obj    288    0         0      
       exit.c.obj                   256    0         12     
       memset.c.obj                 224    0         0      
       autoinit.c.obj               192    0         0      
       tls.c.obj                    192    0         0      
       fixfu.c.obj                  160    0         0      
       memcpy64.asm.obj             160    0         0      
       boot.c.obj                   128    0         0      
       llshift.c.obj                96     0         0      
       args_main.c.obj              64     0         0      
       frcmpyd_div.c.obj            64     0         0      
       copy_decompress_none.c.obj   32     0         0      
       pre_init.c.obj               32     0         0      
       startup.c.obj                32     0         0      
    +--+----------------------------+------+---------+---------+
       Total:                       3456   0         12     
                                                            
       Stack:                       0      0         4096   
       Linker Generated:            0      29        0      
    +--+----------------------------+------+---------+---------+
       Grand Total:                 6016   45        4108   


LINKER GENERATED COPY TABLES

__TI_cinit_table @ 008027b8 records: 1, size/record: 8, table size: 8
	.fardata: load addr=008027a0, load size=0000000d bytes, run addr=00802790, run size=0000000c bytes, compression=rle


LINKER GENERATED HANDLER TABLE

__TI_handler_table @ 008027b0 records: 2, size/record: 4, table size: 8
	index: 0, handler: __TI_decompress_rle24
	index: 1, handler: __TI_decompress_none


GLOBAL SYMBOLS: SORTED ALPHABETICALLY BY Name 

address   name                           
-------   ----                           
00800d30  AD9833Output                   
00801720  C$$EXIT                        
00800aa4  GPIOBankIntDisable             
00800a74  GPIOBankIntEnable              
00800ad0  GPIOBankPinsWrite              
00800698  GPIODirModeGet                 
00800600  GPIODirModeSet                 
00800944  GPIOIntTypeGet                 
008007d8  GPIOIntTypeSet                 
00800a2c  GPIOPinIntClear                
008009cc  GPIOPinIntStatus               
00800778  GPIOPinRead                    
008006f8  GPIOPinWrite                   
00800ec0  PSCModuleControl               
00800c24  SoftSPIWrite                   
008027b8  __TI_CINIT_Base                
008027c0  __TI_CINIT_Limit               
008027b0  __TI_Handler_Table_Base        
008027b8  __TI_Handler_Table_Limit       
00802780  __TI_STACK_END                 
00001000  __TI_STACK_SIZE                
00000000  __TI_STATIC_BASE               
UNDEFED   __TI_TLS_INIT_Base             
UNDEFED   __TI_TLS_INIT_Limit            
008012c0  __TI_auto_init_nobinit_nopinit 
00802790  __TI_cleanup_ptr               
00801740  __TI_decompress_none           
00801760  __TI_decompress_rle24          
00802794  __TI_dtors_ptr                 
00802798  __TI_enable_exit_profile_output
00801660  __TI_frcmpyd_div               
ffffffff  __TI_pprof_out_hndl            
ffffffff  __TI_prof_data_size            
ffffffff  __TI_prof_data_start           
00801380  __TI_tls_init                  
ffffffff  __binit__                      
00800000  __c6xabi_divd                  
00801440  __c6xabi_fixfu                 
00801600  __c6xabi_llshru                
ffffffff  __c_args__                     
008016a0  _args_main                     
00801580  _c_int00                       
00801780  _stack                         
008016e0  _system_post_cinit             
00801700  _system_pre_init               
00801720  abort                          
ffffffff  binit                          
00801100  exit                           
00800e80  main                           
008014e0  memcpy                         
008011e0  memset                         


GLOBAL SYMBOLS: SORTED BY Symbol Address 

address   name                           
-------   ----                           
00000000  __TI_STATIC_BASE               
00001000  __TI_STACK_SIZE                
00800000  __c6xabi_divd                  
00800600  GPIODirModeSet                 
00800698  GPIODirModeGet                 
008006f8  GPIOPinWrite                   
00800778  GPIOPinRead                    
008007d8  GPIOIntTypeSet                 
00800944  GPIOIntTypeGet                 
008009cc  GPIOPinIntStatus               
00800a2c  GPIOPinIntClear                
00800a74  GPIOBankIntEnable              
00800aa4  GPIOBankIntDisable             
00800ad0  GPIOBankPinsWrite              
00800c24  SoftSPIWrite                   
00800d30  AD9833Output                   
00800e80  main                           
00800ec0  PSCModuleControl               
00801100  exit                           
008011e0  memset                         
008012c0  __TI_auto_init_nobinit_nopinit 
00801380  __TI_tls_init                  
00801440  __c6xabi_fixfu                 
008014e0  memcpy                         
00801580  _c_int00                       
00801600  __c6xabi_llshru                
00801660  __TI_frcmpyd_div               
008016a0  _args_main                     
008016e0  _system_post_cinit             
00801700  _system_pre_init               
00801720  C$$EXIT                        
00801720  abort                          
00801740  __TI_decompress_none           
00801760  __TI_decompress_rle24          
00801780  _stack                         
00802780  __TI_STACK_END                 
00802790  __TI_cleanup_ptr               
00802794  __TI_dtors_ptr                 
00802798  __TI_enable_exit_profile_output
008027b0  __TI_Handler_Table_Base        
008027b8  __TI_CINIT_Base                
008027b8  __TI_Handler_Table_Limit       
008027c0  __TI_CINIT_Limit               
ffffffff  __TI_pprof_out_hndl            
ffffffff  __TI_prof_data_size            
ffffffff  __TI_prof_data_start           
ffffffff  __binit__                      
ffffffff  __c_args__                     
ffffffff  binit                          
UNDEFED   __TI_TLS_INIT_Base             
UNDEFED   __TI_TLS_INIT_Limit            

[51 symbols]
