******************************************************************************
               TMS320C6x Linker PC v8.3.12                     
******************************************************************************
>> Linked Thu Apr  7 19:21:22 2022

OUTPUT FILE NAME:   <LCD_LVGL.out>
ENTRY POINT SYMBOL: "_c_int00"  address: c01ede40


MEMORY CONFIGURATION

         name            origin    length      used     unused   attr    fill
----------------------  --------  ---------  --------  --------  ----  --------
  DSPL2RAM              00800000   00040000  00035e5e  0000a1a2  RWIX
  SHRAM                 80000000   00020000  00000000  00020000  RWIX
  DDR2                  c0000000   08000000  001ee388  07e11c78  RWIX


SEGMENT ALLOCATION MAP

run origin  load origin   length   init length attrs members
----------  ----------- ---------- ----------- ----- -------
00800000    00800000    00030000   00000000    rw-
  00800000    00800000    00020000   00000000    rw- .sysmem
  00820000    00820000    00010000   00000000    rw- .stack
00830000    00830000    00004922   00004922    r--
  00830000    00830000    00004922   00004922    r-- .const
00834928    00834928    000007d0   00000000    rw-
  00834928    00834928    000007d0   00000000    rw- .far
008350f8    008350f8    00000570   00000570    r--
  008350f8    008350f8    00000570   00000570    r-- .switch
00835668    00835668    00000453   00000000    rw-
  00835668    00835668    000003d2   00000000    rw- .fardata
  00835a3c    00835a3c    0000007f   00000000    rw- .neardata
00835abc    00835abc    00000004   00000000    r--
  00835abc    00835abc    00000004   00000000    r-- .rodata
00835ac0    00835ac0    000001d8   00000000    rw-
  00835ac0    00835ac0    000000b6   00000000    rw- .bss
  00835b78    00835b78    00000120   00000000    rw- .cio
00835c98    00835c98    000001d0   000001d0    r--
  00835c98    00835c98    000001d0   000001d0    r-- .cinit
c0000000    c0000000    00177048   00000000    rw-
  c0000000    c0000000    00177048   00000000    rw- .DDR2
c0177400    c0177400    00077340   00077340    r-x
  c0177400    c0177400    00077340   00077340    r-x .text


SECTION ALLOCATION MAP

 output                                  attributes/
section   page    origin      length       input sections
--------  ----  ----------  ----------   ----------------
.sysmem    0    00800000    00020000     UNINITIALIZED
                  00800000    00000008     rts6740_elf.lib : memory.c.obj (.sysmem)
                  00800008    0001fff8     --HOLE--

.stack     0    00820000    00010000     UNINITIALIZED
                  00820000    00000008     rts6740_elf.lib : boot.c.obj (.stack)
                  00820008    0000fff8     --HOLE--

.cio       0    00835b78    00000120     UNINITIALIZED
                  00835b78    00000120     rts6740_elf.lib : trgmsg.c.obj (.cio)

.text      0    c0177400    00077340     
                  c0177400    00005120     lv_theme_default.obj (.text)
                  c017c520    00004fc0     lv_chart.obj (.text)
                  c01814e0    00004580     lv_draw_mask.obj (.text)
                  c0185a60    00004100     lv_draw_sw_rect.obj (.text)
                  c0189b60    00003180     lv_obj_pos.obj (.text)
                  c018cce0    00002dc0     lv_btnmatrix.obj (.text)
                  c018faa0    00002cc0     lv_table.obj (.text)
                  c0192760    00002a60     lv_img_buf.obj (.text)
                  c01951c0    000029e0     lv_label.obj (.text)
                  c0197ba0    000029a0     lv_obj_scroll.obj (.text)
                  c019a540    000029a0     lv_textarea.obj (.text)
                  c019cee0    000027e0     lv_obj_style.obj (.text)
                  c019f6c0    000024e0     lv_indev.obj (.text)
                  c01a1ba0    000024e0     lv_refr.obj (.text)
                  c01a4080    00002440     lv_dropdown.obj (.text)
                  c01a64c0    00002140     lv_obj.obj (.text)
                  c01a8600    00002120     lv_arc.obj (.text)
                  c01aa720    00002100     lv_draw_sw_blend.obj (.text)
                  c01ac820    000020c0     rts6740_elf.lib : _printfi.c.obj (.text:__TI_printfi)
                  c01ae8e0    00001f20     lv_img.obj (.text)
                  c01b0800    00001f20     lv_meter.obj (.text)
                  c01b2720    00001e60     lv_grid.obj (.text)
                  c01b4580    00001d80     lv_tlsf.obj (.text)
                  c01b6300    00001d40     lv_flex.obj (.text)
                  c01b8040    00001d00     lv_draw_sw_arc.obj (.text)
                  c01b9d40    00001b20     lv_indev_scroll.obj (.text)
                  c01bb860    00001aa0     system_config.lib : interrupt.obj (.text:retain)
                  c01bd300    00001a60     lv_colorwheel.obj (.text)
                  c01bed60    000019e0     lv_roller.obj (.text)
                  c01c0740    000017a0     lv_bar.obj (.text)
                  c01c1ee0    00001780     lv_img_decoder.obj (.text)
                  c01c3660    00001680     lv_hal_disp.obj (.text)
                  c01c4ce0    00001600     lv_obj_draw.obj (.text)
                  c01c62e0    000015c0     lv_slider.obj (.text)
                  c01c78a0    00001420     lv_txt.obj (.text)
                  c01c8cc0    000013a0     lv_printf.obj (.text)
                  c01ca060    00001220     lv_menu.obj (.text)
                  c01cb280    000011a0     lv_draw_sw_line.obj (.text)
                  c01cc420    00001140     lv_mem.obj (.text)
                  c01cd560    000010c0     lv_area.obj (.text)
                  c01ce620    000010a0     lv_event.obj (.text)
                  c01cf6c0    00000fe0     lv_obj_style_gen.obj (.text)
                  c01d06a0    00000f20     lv_fs.obj (.text)
                  c01d15c0    00000f20     lv_spinbox.obj (.text)
                  c01d24e0    00000f00     lv_draw_label.obj (.text)
                  c01d33e0    00000e40     lv_style_gen.obj (.text)
                  c01d4220    00000e00     drivers.lib : raster.obj (.text)
                  c01d5020    00000da0     lv_disp.obj (.text)
                  c01d5dc0    00000d80     lv_group.obj (.text)
                  c01d6b40    00000d60     lv_anim.obj (.text)
                  c01d78a0    00000d40     lv_calendar.obj (.text)
                  c01d85e0    00000ca0     lv_obj_tree.obj (.text)
                  c01d9280    00000c60     lv_draw_sw_img.obj (.text)
                  c01d9ee0    00000b60     utils.lib : uartStdio.obj (.text)
                  c01daa40    00000b20     lv_draw_arc.obj (.text)
                  c01db560    00000ac0     lv_tabview.obj (.text)
                  c01dc020    00000aa0     lv_style.obj (.text)
                  c01dcac0    00000a40     lv_color.obj (.text)
                  c01dd500    00000a20     lv_draw_sw_gradient.obj (.text)
                  c01ddf20    000009a0     lv_draw_sw_letter.obj (.text)
                  c01de8c0    00000940     lv_checkbox.obj (.text)
                  c01df200    00000920     lv_font_fmt_txt.obj (.text)
                  c01dfb20    00000900     lv_switch.obj (.text)
                  c01e0420    00000880     lv_draw_img.obj (.text)
                  c01e0ca0    00000820     drivers.lib : timer.obj (.text)
                  c01e14c0    00000820     lv_keyboard.obj (.text)
                  c01e1ce0    00000800     lv_draw_sw_polygon.obj (.text)
                  c01e24e0    000006e0     lv_math.obj (.text)
                  c01e2bc0    000006a0     lv_led.obj (.text)
                  c01e3260    00000660     rts6740_elf.lib : _printfi.c.obj (.text:_pconv_a)
                  c01e38c0    00000600                     : divd.c.obj (.text:__c6xabi_divd)
                  c01e3ec0    00000600     lv_ll.obj (.text)
                  c01e44c0    000005e0     lv_line.obj (.text)
                  c01e4aa0    000005e0     system_config.lib : interrupt.obj (.text)
                  c01e5080    000005c0     Touch.obj (.text)
                  c01e5640    00000580     drivers.lib : gpio.obj (.text)
                  c01e5bc0    00000580                 : uart.obj (.text)
                  c01e6140    00000540     I2C.obj (.text)
                  c01e6680    00000520     lv_timer.obj (.text)
                  c01e6ba0    00000500     lv_tileview.obj (.text)
                  c01e70a0    000004e0     lv_obj_class.obj (.text)
                  c01e7580    000004c0     drivers.lib : i2c.obj (.text)
                  c01e7a40    00000400     rts6740_elf.lib : _printfi.c.obj (.text:_pconv_g)
                  c01e7e40    000003c0                     : memory.c.obj (.text:free)
                  c01e8200    00000380     LCD.obj (.text)
                  c01e8580    00000360     lv_calendar_header_arrow.obj (.text)
                  c01e88e0    00000340     lv_hal_indev.obj (.text)
                  c01e8c20    000002e0     rts6740_elf.lib : fputs.c.obj (.text:fputs)
                  c01e8f00    000002a0                     : _printfi.c.obj (.text:_pconv_e)
                  c01e91a0    000002a0                     : _printfi.c.obj (.text:fcvt)
                  c01e9440    00000260                     : imath64.c.obj (.text:__c6xabi_divull)
                  c01e96a0    00000260     lv_calendar_header_dropdown.obj (.text)
                  c01e9900    00000260     lv_draw_sw.obj (.text)
                  c01e9b60    00000240     lv_spinner.obj (.text)
                  c01e9da0    00000220     lv_draw_rect.obj (.text)
                  c01e9fc0    00000220     lv_font.obj (.text)
                  c01ea1e0    00000200     rts6740_elf.lib : _printfi.c.obj (.text:_ltostr)
                  c01ea3e0    00000200     lv_theme.obj (.text)
                  c01ea5e0    000001e0     lv_win.obj (.text)
                  c01ea7c0    00000040     rts6740_elf.lib : frcmpyd_div.c.obj (.text:__TI_frcmpyd_div)
                  c01ea800    00000200     system_config.lib : intvecs.obj (.text)
                  c01eaa00    000001c0     rts6740_elf.lib : imath40.c.obj (.text:__c6xabi_divul)
                  c01eabc0    000001c0                     : fputc.c.obj (.text:fputc)
                  c01ead80    000001c0                     : frexp.c.obj (.text:frexp)
                  c01eaf40    000001c0                     : ldexp.c.obj (.text:ldexp)
                  c01eb100    000001c0                     : memory.c.obj (.text:malloc)
                  c01eb2c0    000001c0                     : setvbuf.c.obj (.text:setvbuf)
                  c01eb480    000001a0                     : hostrename.c.obj (.text:HOSTrename)
                  c01eb620    00000140     Platform.lib : UARTConsole.obj (.text)
                  c01eb760    00000140     drivers.lib : psc.obj (.text)
                  c01eb8a0    00000140     lv_gc.obj (.text)
                  c01eb9e0    00000120     rts6740_elf.lib : _printfi.c.obj (.text:_pconv_f)
                  c01ebb00    00000120                     : getdevice.c.obj (.text:getdevice)
                  c01ebc20    00000120     lv_draw_line.obj (.text)
                  c01ebd40    00000120     lv_example_get_started_1.obj (.text)
                  c01ebe60    00000120     lv_port_indev_c674x.obj (.text)
                  c01ebf80    00000100     Timer.obj (.text)
                  c01ec080    00000100     rts6740_elf.lib : fclose.c.obj (.text:__TI_closefile)
                  c01ec180    00000100                     : copy_decompress_rle.c.obj (.text:__TI_decompress_rle_core)
                  c01ec280    00000100                     : _printfi.c.obj (.text:_mcpy)
                  c01ec380    00000100                     : atoi.c.obj (.text:atoi)
                  c01ec480    00000100                     : fseek.c.obj (.text:fseek)
                  c01ec580    00000100     lv_img_cache.obj (.text)
                  c01ec680    00000100     lv_port_disp_c674x.obj (.text)
                  c01ec780    000000e0     rts6740_elf.lib : hostlseek.c.obj (.text:HOSTlseek)
                  c01ec860    000000e0                     : hostopen.c.obj (.text:HOSTopen)
                  c01ec940    000000e0                     : hostwrite.c.obj (.text:HOSTwrite)
                  c01eca20    000000e0                     : _ltoa.c.obj (.text:__TI_ltoa)
                  c01ecb00    000000e0                     : _io_perm.c.obj (.text:__TI_wrt_ok)
                  c01ecbe0    000000e0                     : divi.asm.obj (.text:__divi)
                  c01eccc0    000000e0                     : close.c.obj (.text:close)
                  c01ecda0    000000e0                     : exit.c.obj (.text:exit)
                  c01ece80    000000e0                     : memset.c.obj (.text:memset)
                  c01ecf60    000000e0                     : printf.c.obj (.text:printf)
                  c01ed040    000000c0                     : hostread.c.obj (.text:HOSTread)
                  c01ed100    000000c0                     : hostunlink.c.obj (.text:HOSTunlink)
                  c01ed1c0    000000c0                     : autoinit.c.obj (.text:__TI_auto_init_nobinit_nopinit:__TI_auto_init_nobinit_nopinit)
                  c01ed280    000000c0                     : divu.asm.obj (.text:__divu)
                  c01ed340    000000c0                     : remi.asm.obj (.text:__remi)
                  c01ed400    000000c0     lv_async.obj (.text)
                  c01ed4c0    000000c0     lv_utils.obj (.text)
                  c01ed580    000000c0     rts6740_elf.lib : memory.c.obj (.text:mremove)
                  c01ed640    000000c0                     : tls.c.obj (.text:tls:init:__TI_tls_init)
                  c01ed700    000000a0                     : hostclose.c.obj (.text:HOSTclose)
                  c01ed7a0    000000a0                     : fopen.c.obj (.text:__TI_cleanup)
                  c01ed840    000000a0                     : fflush.c.obj (.text:__TI_doflush)
                  c01ed8e0    000000a0                     : remu.asm.obj (.text:__remu)
                  c01ed980    000000a0                     : _printfi.c.obj (.text:_ecpy)
                  c01eda20    000000a0                     : getdevice.c.obj (.text:finddevice)
                  c01edac0    000000a0     lv_hal_tick.obj (.text)
                  c01edb60    000000a0     main.obj (.text)
                  c01edc00    000000a0     rts6740_elf.lib : memcpy64.asm.obj (.text:memcpy)
                  c01edca0    000000a0                     : memory.c.obj (.text:minsert)
                  c01edd40    00000080                     : trgmsg.c.obj (.text:__TI_readmsg)
                  c01eddc0    00000080                     : llshift.c.obj (.text:__c6xabi_llshl)
                  c01ede40    00000080                     : boot.c.obj (.text:_c_int00)
                  c01edec0    00000080                     : strcat.c.obj (.text:strcat)
                  c01edf40    00000080                     : unlink.c.obj (.text:unlink)
                  c01edfc0    00000060                     : trgmsg.c.obj (.text:__TI_writemsg)
                  c01ee020    00000060                     : llshift.c.obj (.text:__c6xabi_llshru)
                  c01ee080    00000060                     : imath64.c.obj (.text:__c6xabi_remull)
                  c01ee0e0    00000060                     : imath64.c.obj (.text:_subcull)
                  c01ee140    00000060                     : lseek.c.obj (.text:lseek)
                  c01ee1a0    00000060     lv_btn.obj (.text)
                  c01ee200    00000060     rts6740_elf.lib : memccpy.c.obj (.text:memccpy)
                  c01ee260    00000060                     : sprintf.c.obj (.text:sprintf)
                  c01ee2c0    00000060                     : strcmp.c.obj (.text:strcmp)
                  c01ee320    00000060                     : strcpy.c.obj (.text:strcpy)
                  c01ee380    00000060                     : write.c.obj (.text:write)
                  c01ee3e0    00000040                     : isinf.c.obj (.text:__c6xabi_isinf)
                  c01ee420    00000040                     : _printfi.c.obj (.text:__c6xabi_isnan)
                  c01ee460    00000040                     : args_main.c.obj (.text:_args_main)
                  c01ee4a0    00000040                     : sprintf.c.obj (.text:_outs)
                  c01ee4e0    00000040                     : strlen.c.obj (.text:strlen)
                  c01ee520    00000040                     : wcslen.c.obj (.text:wcslen)
                  c01ee560    00000020                     : errno.c.obj (.text:__c6xabi_errno_addr)
                  c01ee580    00000020                     : push.asm.obj (.text:__pop_rts)
                  c01ee5a0    00000020                     : push.asm.obj (.text:__push_rts)
                  c01ee5c0    00000020                     : _lock.c.obj (.text:_nop)
                  c01ee5e0    00000020                     : printf.c.obj (.text:_outc)
                  c01ee600    00000020                     : sprintf.c.obj (.text:_outc)
                  c01ee620    00000020                     : printf.c.obj (.text:_outs)
                  c01ee640    00000020                     : signbit.c.obj (.text:_signbit)
                  c01ee660    00000020                     : startup.c.obj (.text:_system_post_cinit)
                  c01ee680    00000020                     : pre_init.c.obj (.text:_system_pre_init)
                  c01ee6a0    00000020                     : exit.c.obj (.text:abort)
                  c01ee6c0    00000020                     : copy_decompress_none.c.obj (.text:decompress:none:__TI_decompress_none)
                  c01ee6e0    00000020                     : copy_decompress_rle.c.obj (.text:decompress:rle24:__TI_decompress_rle24)
                  c01ee700    00000020     lv_draw.obj (.text)
                  c01ee720    00000020     lv_extra.obj (.text)

.const     0    00830000    00004922     
                  00830000    00002280     lv_font_montserrat_14.obj (.const:.string:glyph_bitmap)
                  00832280    00000bad     lv_font_montserrat_14.obj (.const:.string:kern_class_values)
                  00832e2d    00000003     --HOLE-- [fill = 0]
                  00832e30    000004f0     lv_font_montserrat_14.obj (.const:glyph_dsc)
                  00833320    0000028c     lv_calendar_header_dropdown.obj (.const:.string)
                  008335ac    00000004     lv_obj_scroll.obj (.const:$P$T0$1)
                  008335b0    00000101     rts6740_elf.lib : ctype.c.obj (.const:.string:_ctypes_)
                  008336b1    00000001     --HOLE-- [fill = 0]
                  008336b2    00000004     lv_obj_pos.obj (.const:$P$T0$2)
                  008336b6    00000002     --HOLE-- [fill = 0]
                  008336b8    00000100     lv_draw_sw_letter.obj (.const:.string:_lv_bpp8_opa_table)
                  008337b8    000000e8     lv_keyboard.obj (.const:.string)
                  008338a0    000000be     lv_color.obj (.const:colors$2)
                  0083395e    00000002     --HOLE-- [fill = 0]
                  00833960    000000b6     lv_math.obj (.const:sin0_90_table)
                  00833a16    00000002     --HOLE-- [fill = 0]
                  00833a18    000000b0     lv_keyboard.obj (.const:default_kb_map_lc)
                  00833ac8    000000b0     lv_keyboard.obj (.const:default_kb_map_spec)
                  00833b78    000000b0     lv_keyboard.obj (.const:default_kb_map_uc)
                  00833c28    0000009e     lv_font_montserrat_14.obj (.const:.string:kern_left_class_mapping)
                  00833cc6    00000002     --HOLE-- [fill = 0]
                  00833cc8    0000009e     lv_font_montserrat_14.obj (.const:.string:kern_right_class_mapping)
                  00833d66    00000002     --HOLE-- [fill = 0]
                  00833d68    00000098     lv_color.obj (.const:colors$3)
                  00833e00    00000094     Touch.obj (.const:.string)
                  00833e94    00000004     lv_obj_scroll.obj (.const:$P$T1$2)
                  00833e98    0000007c     lv_font_montserrat_14.obj (.const:unicode_list_1)
                  00833f14    00000004     lv_obj_pos.obj (.const:$P$T1$3)
                  00833f18    00000070     lv_style.obj (.const:.string:_lv_style_builtin_prop_flag_lookup_table)
                  00833f88    00000064     lv_calendar_header_arrow.obj (.const:.string)
                  00833fec    00000004     lv_chart.obj (.const:.string)
                  00833ff0    00000054     lv_keyboard.obj (.const:default_kb_map_num)
                  00834044    00000004     lv_draw_label.obj (.const:.string)
                  00834048    00000050     lv_keyboard.obj (.const:default_kb_ctrl_lc_map)
                  00834098    00000050     lv_keyboard.obj (.const:default_kb_ctrl_spec_map)
                  008340e8    00000050     lv_keyboard.obj (.const:default_kb_ctrl_uc_map)
                  00834138    00000034     lv_refr.obj (.const:.string)
                  0083416c    00000030     lv_roller.obj (.const:.string)
                  0083419c    00000004     lv_fs.obj (.const:.string)
                  008341a0    0000002c     lv_theme_default.obj (.const:trans_props$1)
                  008341cc    00000004     lv_img_decoder.obj (.const:.string)
                  008341d0    00000028     lv_font_montserrat_14.obj (.const:cmaps)
                  008341f8    00000026     lv_color.obj (.const:colors$1)
                  0083421e    00000002     --HOLE-- [fill = 0]
                  00834220    00000024     lv_dropdown.obj (.const:.string)
                  00834244    00000024     rts6740_elf.lib : _printfi.c.obj (.const:.string)
                  00834268    00000022     lv_keyboard.obj (.const:default_kb_ctrl_num_map)
                  0083428a    00000002     --HOLE-- [fill = 0]
                  0083428c    00000004     lv_menu.obj (.const:.string)
                  00834290    00000021     lv_draw_sw_line.obj (.const:.string:wcorr$1)
                  008342b1    00000003     --HOLE-- [fill = 0]
                  008342b4    0000001c     lv_draw_sw_rect.obj (.const:$P$T0$1)
                  008342d0    0000001c     lv_btnmatrix.obj (.const:.string)
                  008342ec    0000001c     lv_calendar.obj (.const:.string)
                  00834308    0000001c     utils.lib : uartStdio.obj (.const:.string)
                  00834324    0000001c     lv_arc.obj (.const:lv_arc_class)
                  00834340    0000001c     lv_bar.obj (.const:lv_bar_class)
                  0083435c    0000001c     lv_btn.obj (.const:lv_btn_class)
                  00834378    0000001c     lv_btnmatrix.obj (.const:lv_btnmatrix_class)
                  00834394    0000001c     lv_calendar.obj (.const:lv_calendar_class)
                  008343b0    0000001c     lv_calendar_header_arrow.obj (.const:lv_calendar_header_arrow_class)
                  008343cc    0000001c     lv_calendar_header_dropdown.obj (.const:lv_calendar_header_dropdown_class)
                  008343e8    0000001c     lv_chart.obj (.const:lv_chart_class)
                  00834404    0000001c     lv_checkbox.obj (.const:lv_checkbox_class)
                  00834420    0000001c     lv_colorwheel.obj (.const:lv_colorwheel_class)
                  0083443c    0000001c     lv_dropdown.obj (.const:lv_dropdown_class)
                  00834458    0000001c     lv_dropdown.obj (.const:lv_dropdownlist_class)
                  00834474    0000001c     lv_font_montserrat_14.obj (.const:lv_font_montserrat_14)
                  00834490    0000001c     lv_img.obj (.const:lv_img_class)
                  008344ac    0000001c     lv_keyboard.obj (.const:lv_keyboard_class)
                  008344c8    0000001c     lv_label.obj (.const:lv_label_class)
                  008344e4    0000001c     lv_led.obj (.const:lv_led_class)
                  00834500    0000001c     lv_line.obj (.const:lv_line_class)
                  0083451c    0000001c     lv_list.obj (.const:lv_list_btn_class)
                  00834538    0000001c     lv_list.obj (.const:lv_list_class)
                  00834554    0000001c     lv_list.obj (.const:lv_list_text_class)
                  00834570    0000001c     lv_menu.obj (.const:lv_menu_class)
                  0083458c    0000001c     lv_menu.obj (.const:lv_menu_cont_class)
                  008345a8    0000001c     lv_menu.obj (.const:lv_menu_main_cont_class)
                  008345c4    0000001c     lv_menu.obj (.const:lv_menu_main_header_cont_class)
                  008345e0    0000001c     lv_menu.obj (.const:lv_menu_page_class)
                  008345fc    0000001c     lv_menu.obj (.const:lv_menu_section_class)
                  00834618    0000001c     lv_menu.obj (.const:lv_menu_separator_class)
                  00834634    0000001c     lv_menu.obj (.const:lv_menu_sidebar_cont_class)
                  00834650    0000001c     lv_menu.obj (.const:lv_menu_sidebar_header_cont_class)
                  0083466c    0000001c     lv_meter.obj (.const:lv_meter_class)
                  00834688    0000001c     lv_msgbox.obj (.const:lv_msgbox_backdrop_class)
                  008346a4    0000001c     lv_msgbox.obj (.const:lv_msgbox_class)
                  008346c0    0000001c     lv_obj.obj (.const:lv_obj_class)
                  008346dc    0000001c     lv_roller.obj (.const:lv_roller_class)
                  008346f8    0000001c     lv_roller.obj (.const:lv_roller_label_class)
                  00834714    0000001c     lv_slider.obj (.const:lv_slider_class)
                  00834730    0000001c     lv_spinbox.obj (.const:lv_spinbox_class)
                  0083474c    0000001c     lv_spinner.obj (.const:lv_spinner_class)
                  00834768    0000001c     lv_switch.obj (.const:lv_switch_class)
                  00834784    0000001c     lv_table.obj (.const:lv_table_class)
                  008347a0    0000001c     lv_tabview.obj (.const:lv_tabview_class)
                  008347bc    0000001c     lv_textarea.obj (.const:lv_textarea_class)
                  008347d8    0000001c     lv_tileview.obj (.const:lv_tileview_class)
                  008347f4    0000001c     lv_tileview.obj (.const:lv_tileview_tile_class)
                  00834810    0000001c     lv_win.obj (.const:lv_win_class)
                  0083482c    00000018     lv_font_montserrat_14.obj (.const:font_dsc)
                  00834844    00000014     lv_example_get_started_1.obj (.const:.string)
                  00834858    00000010     lv_img_buf.obj (.const:.string:$P$T2$2)
                  00834868    00000010     lv_img_decoder.obj (.const:.string:$P$T3$3)
                  00834878    00000010     lv_draw_sw_letter.obj (.const:.string:_lv_bpp4_opa_table)
                  00834888    00000010     main.obj (.const:.string)
                  00834898    00000010     lv_font_montserrat_14.obj (.const:kern_classes)
                  008348a8    0000000c     lv_checkbox.obj (.const:.string)
                  008348b4    0000000c     lv_txt.obj (.const:.string)
                  008348c0    00000008     lv_draw_sw_polygon.obj (.const:$P$T0$1)
                  008348c8    00000008     lv_tlsf.obj (.const:$P$T0$1)
                  008348d0    00000008     lv_draw_img.obj (.const:.string)
                  008348d8    00000008     lv_label.obj (.const:.string)
                  008348e0    00000008     lv_textarea.obj (.const:.string)
                  008348e8    00000004     lv_img_buf.obj (.const:.string:$P$T1$1)
                  008348ec    00000004     lv_meter.obj (.const:.string)
                  008348f0    00000004     lv_img_decoder.obj (.const:.string:$P$T2$2)
                  008348f4    00000004     lv_obj.obj (.const:.string)
                  008348f8    00000004     lv_draw_sw_letter.obj (.const:.string:_lv_bpp2_opa_table)
                  008348fc    00000004     lv_spinbox.obj (.const:.string)
                  00834900    00000004     lv_table.obj (.const:.string)
                  00834904    00000004     lv_tabview.obj (.const:.string)
                  00834908    00000004     lv_theme_default.obj (.const:.string)
                  0083490c    00000004     --HOLE-- [fill = 0]
                  00834910    00000002     lv_textarea.obj (.const:.string:$P$T0$1)
                  00834912    00000006     --HOLE-- [fill = 0]
                  00834918    00000002     lv_img_decoder.obj (.const:.string:$P$T1$1)
                  0083491a    00000006     --HOLE-- [fill = 0]
                  00834920    00000002     lv_draw_sw_letter.obj (.const:.string:_lv_bpp1_opa_table)

.switch    0    008350f8    00000570     
                  008350f8    000000dc     lv_style.obj (.switch:lv_style_prop_get_default)
                  008351d4    00000070     lv_event.obj (.switch:event_is_bubbled)
                  00835244    0000005c     lv_printf.obj (.switch:_vsnprintf)
                  008352a0    00000054     lv_area.obj (.switch:lv_area_align)
                  008352f4    00000054     lv_obj_pos.obj (.switch:lv_obj_align_to)
                  00835348    00000044     lv_obj_pos.obj (.switch:calc_content_width)
                  0083538c    00000040     lv_tabview.obj (.switch:lv_tabview_constructor)
                  008353cc    0000003c     lv_draw_img.obj (.switch:lv_img_cf_get_px_size)
                  00835408    0000003c     lv_disp.obj (.switch:lv_scr_load_anim)
                  00835444    00000038     rts6740_elf.lib : _printfi.c.obj (.switch:__TI_printfi)
                  0083547c    00000034     lv_draw_img.obj (.switch:lv_img_cf_has_alpha)
                  008354b0    0000002c     lv_img_buf.obj (.switch:lv_img_buf_get_img_size)
                  008354dc    00000028     lv_hal_disp.obj (.switch:lv_disp_drv_use_generic_set_px_cb)
                  00835504    00000024     utils.lib : uartStdio.obj (.switch:UARTprintf)
                  00835528    00000020     lv_draw_sw_letter.obj (.switch:draw_letter_normal)
                  00835548    00000020     lv_grid.obj (.switch:item_repos)
                  00835568    00000020     lv_obj_pos.obj (.switch:lv_obj_refr_pos)
                  00835588    0000001c     lv_grid.obj (.switch:grid_align)
                  008355a4    0000001c     lv_obj_style.obj (.switch:trans_anim_cb)
                  008355c0    00000018     lv_draw_label.obj (.switch:hex_char_to_num)
                  008355d8    00000014     lv_chart.obj (.switch:get_tick_gsc)
                  008355ec    00000014     lv_chart.obj (.switch:lv_chart_set_range)
                  00835600    00000014     lv_color.obj (.switch:lv_color_hsv_to_rgb)
                  00835614    00000014     lv_flex.obj (.switch:place_content)
                  00835628    00000010     drivers.lib : gpio.obj (.switch:GPIOIntTypeSet)
                  00835638    00000010     lv_obj_pos.obj (.switch:calc_content_height)
                  00835648    00000010     lv_img_decoder.obj (.switch:lv_img_decoder_built_in_line_alpha)
                  00835658    00000010     lv_img_decoder.obj (.switch:lv_img_decoder_built_in_line_indexed)

.cinit     0    00835c98    000001d0     
                  00835c98    0000011c     (.cinit..fardata.load) [load image, compression = rle]
                  00835db4    0000004a     (.cinit..neardata.load) [load image, compression = rle]
                  00835dfe    0000000d     (.cinit..DDR2.load) [load image, compression = rle]
                  00835e0b    0000000b     (.cinit..far.load) [load image, compression = rle]
                  00835e16    0000000a     (.cinit..rodata.load) [load image, compression = rle]
                  00835e20    00000009     (.cinit..bss.load) [load image, compression = rle]
                  00835e29    00000003     --HOLE-- [fill = 0]
                  00835e2c    00000008     (__TI_handler_table)
                  00835e34    00000004     --HOLE-- [fill = 0]
                  00835e38    00000030     (__TI_cinit_table)

.init_array 
*          0    00800000    00000000     UNINITIALIZED

.far       0    00834928    000007d0     UNINITIALIZED
                  00834928    00000240     system_config.lib : interrupt.obj (.far)
                  00834b68    00000140     (.common:__TI_tmpnams)
                  00834ca8    00000100     lv_draw_sw_letter.obj (.far:opa_table$1)
                  00834da8    00000080     (.common:_lv_draw_mask_list)
                  00834e28    00000080     (.common:lv_mem_buf)
                  00834ea8    00000070     (.common:_lv_circle_cache)
                  00834f18    0000004c     (.common:disp_drv)
                  00834f64    0000002c     (.common:_lv_img_cache_single)
                  00834f90    0000002a     (.common:TouchInfo)
                  00834fba    00000002     lv_theme_default.obj (.far:color_card)
                  00834fbc    00000024     lv_theme_default.obj (.far:theme)
                  00834fe0    00000020     lv_port_indev_c674x.obj (.far:indev_drv$1)
                  00835000    0000001c     lv_port_disp_c674x.obj (.far:draw_buf_dsc$1)
                  0083501c    00000018     lv_refr.obj (.far:perf_monitor)
                  00835034    00000014     lv_theme_default.obj (.far:trans_delayed$2)
                  00835048    00000014     lv_theme_default.obj (.far:trans_normal$3)
                  0083505c    0000000c     (.common:_lv_anim_ll)
                  00835068    0000000c     (.common:_lv_disp_ll)
                  00835074    0000000c     (.common:_lv_fsdrv_ll)
                  00835080    0000000c     (.common:_lv_group_ll)
                  0083508c    0000000c     (.common:_lv_img_decoder_ll)
                  00835098    0000000c     (.common:_lv_indev_ll)
                  008350a4    0000000c     (.common:_lv_obj_style_trans_ll)
                  008350b0    0000000c     (.common:_lv_timer_ll)
                  008350bc    00000002     lv_theme_default.obj (.far:color_grey)
                  008350be    00000002     lv_theme_default.obj (.far:color_scr)
                  008350c0    0000000a     (.common:I2CData)
                  008350ca    00000002     lv_theme_default.obj (.far:color_text)
                  008350cc    00000004     --HOLE--
                  008350d0    00000008     (.common:parmbuf)
                  008350d8    00000008     lv_font_montserrat_14.obj (.far:cache)
                  008350e0    00000008     lv_theme_default.obj (.far:dark_filter$4)
                  008350e8    00000008     lv_theme_default.obj (.far:grey_filter$5)
                  008350f0    00000008     lv_refr.obj (.far:mem_monitor)

.fardata   0    00835668    000003d2     UNINITIALIZED
                  00835668    000001e0     rts6740_elf.lib : defs.c.obj (.fardata:_ftable)
                  00835848    000000a0                     : write.c.obj (.fardata:_stream)
                  008358e8    00000078                     : write.c.obj (.fardata:_device)
                  00835960    00000030     lv_calendar_header_arrow.obj (.fardata:month_names_def)
                  00835990    00000024     lv_keyboard.obj (.fardata:kb_ctrl)
                  008359b4    00000004     rts6740_elf.lib : _lock.c.obj (.fardata:_lock)
                  008359b8    00000024     lv_keyboard.obj (.fardata:kb_map)
                  008359dc    00000004     rts6740_elf.lib : _lock.c.obj (.fardata:_unlock)
                  008359e0    0000001c     lv_calendar.obj (.fardata:day_names_def)
                  008359fc    00000004     rts6740_elf.lib : defs.c.obj (.fardata)
                  00835a00    0000001c     lv_btnmatrix.obj (.fardata:lv_btnmatrix_def_map)
                  00835a1c    0000000c     rts6740_elf.lib : exit.c.obj (.fardata)
                  00835a28    00000008                     : memory.c.obj (.fardata)
                  00835a30    00000004                     : errno.c.obj (.fardata)
                  00835a34    00000002     lv_hal_disp.obj (.fardata:bg_color_save$4)
                  00835a36    00000002     lv_hal_disp.obj (.fardata:fg_color_save$3)
                  00835a38    00000002     lv_hal_disp.obj (.fardata:res_color_saved$5)

.neardata 
*          0    00835a3c    0000007f     UNINITIALIZED
                  00835a3c    00000020     lv_txt.obj (.neardata)
                  00835a5c    00000010     lv_timer.obj (.neardata)
                  00835a6c    00000009     lv_draw_sw_gradient.obj (.neardata)
                  00835a75    00000003     lv_hal_disp.obj (.neardata)
                  00835a78    00000008     lv_calendar_header_dropdown.obj (.neardata)
                  00835a80    00000008     lv_draw_sw_letter.obj (.neardata)
                  00835a88    00000008     lv_indev.obj (.neardata)
                  00835a90    00000008     lv_obj.obj (.neardata)
                  00835a98    00000006     lv_style.obj (.neardata)
                  00835a9e    00000005     lv_colorwheel.obj (.neardata)
                  00835aa3    00000001     lv_example_get_started_1.obj (.neardata)
                  00835aa4    00000004     lv_event.obj (.neardata)
                  00835aa8    00000004     lv_hal_tick.obj (.neardata)
                  00835aac    00000004     lv_math.obj (.neardata)
                  00835ab0    00000004     lv_mem.obj (.neardata)
                  00835ab4    00000004     lv_port_indev_c674x.obj (.neardata)
                  00835ab8    00000001     lv_obj_pos.obj (.neardata)
                  00835ab9    00000001     lv_obj_style.obj (.neardata)
                  00835aba    00000001     lv_theme_default.obj (.neardata)

.rodata    0    00835abc    00000004     UNINITIALIZED
                  00835abc    00000004     utils.lib : uartStdio.obj (.rodata)

.bss       0    00835ac0    000000b6     UNINITIALIZED
                  00835ac0    0000000c     lv_anim.obj (.bss)
                  00835acc    0000000c     lv_tileview.obj (.bss)
                  00835ad8    00000008     lv_refr.obj (.bss)
                  00835ae0    00000008     lv_spinner.obj (.bss)
                  00835ae8    00000008     lv_theme_default.obj (.bss)
                  00835af0    00000004     lv_event.obj (.bss)
                  00835af4    00000004     lv_group.obj (.bss)
                  00835af8    00000004     lv_hal_disp.obj (.bss)
                  00835afc    00000004     lv_indev.obj (.bss)
                  00835b00    00000004     lv_mem.obj (.bss)
                  00835b04    00000004     lv_obj_pos.obj (.bss)
                  00835b08    00000004     lv_tabview.obj (.bss)
                  00835b0c    00000004     lv_textarea.obj (.bss)
                  00835b10    00000004     (.common:LV_LAYOUT_FLEX)
                  00835b14    00000004     (.common:LV_LAYOUT_GRID)
                  00835b18    00000004     (.common:LV_STYLE_FLEX_CROSS_PLACE)
                  00835b1c    00000004     (.common:LV_STYLE_FLEX_FLOW)
                  00835b20    00000004     (.common:LV_STYLE_FLEX_GROW)
                  00835b24    00000004     (.common:LV_STYLE_FLEX_MAIN_PLACE)
                  00835b28    00000004     (.common:LV_STYLE_FLEX_TRACK_PLACE)
                  00835b2c    00000004     (.common:LV_STYLE_GRID_CELL_COLUMN_POS)
                  00835b30    00000004     (.common:LV_STYLE_GRID_CELL_COLUMN_SPAN)
                  00835b34    00000004     (.common:LV_STYLE_GRID_CELL_ROW_POS)
                  00835b38    00000004     (.common:LV_STYLE_GRID_CELL_ROW_SPAN)
                  00835b3c    00000004     (.common:LV_STYLE_GRID_CELL_X_ALIGN)
                  00835b40    00000004     (.common:LV_STYLE_GRID_CELL_Y_ALIGN)
                  00835b44    00000004     (.common:LV_STYLE_GRID_COLUMN_ALIGN)
                  00835b48    00000004     (.common:LV_STYLE_GRID_COLUMN_DSC_ARRAY)
                  00835b4c    00000004     (.common:LV_STYLE_GRID_ROW_ALIGN)
                  00835b50    00000004     (.common:LV_STYLE_GRID_ROW_DSC_ARRAY)
                  00835b54    00000004     (.common:_lv_grad_cache_mem)
                  00835b58    00000004     (.common:_lv_layout_list)
                  00835b5c    00000004     (.common:_lv_style_custom_prop_flag_lookup_table)
                  00835b60    00000004     (.common:_lv_theme_basic_styles)
                  00835b64    00000004     (.common:_lv_theme_default_styles)
                  00835b68    00000004     (.common:_lv_timer_act)
                  00835b6c    00000004     (.common:indev_touchpad)
                  00835b70    00000002     lv_timer.obj (.bss)
                  00835b72    00000002     lv_win.obj (.bss)
                  00835b74    00000001     lv_colorwheel.obj (.bss)
                  00835b75    00000001     lv_hal_tick.obj (.bss)

.DDR2      0    c0000000    00177048     UNINITIALIZED
                  c0000000    00177048     LCD.obj (.DDR2)

MODULE SUMMARY

       Module                            code     ro data   rw data
       ------                            ----     -------   -------
    .\
       LCD.obj                           896      0         1536072
       Touch.obj                         1472     148       42     
       I2C.obj                           1344     0         10     
       Timer.obj                         256      0         0      
       main.obj                          160      16        0      
    +--+---------------------------------+--------+---------+---------+
       Total:                            4128     164       1536124
                                                                   
    .\LVGL\examples\get_started\
       lv_example_get_started_1.obj      288      20        1      
    +--+---------------------------------+--------+---------+---------+
       Total:                            288      20        1      
                                                                   
    .\LVGL\porting\
       lv_port_disp_c674x.obj            256      0         104    
       lv_port_indev_c674x.obj           288      0         40     
    +--+---------------------------------+--------+---------+---------+
       Total:                            544      0         144    
                                                                   
    .\LVGL\src\core\
       lv_obj_pos.obj                    12672    208       5      
       lv_obj_scroll.obj                 10656    8         0      
       lv_obj_style.obj                  10208    28        1      
       lv_refr.obj                       9440     52        40     
       lv_indev.obj                      9440     0         12     
       lv_obj.obj                        8512     32        8      
       lv_indev_scroll.obj               6944     0         0      
       lv_obj_draw.obj                   5632     0         0      
       lv_event.obj                      4256     112       8      
       lv_obj_style_gen.obj              4064     0         0      
       lv_disp.obj                       3488     60        0      
       lv_group.obj                      3456     0         4      
       lv_obj_tree.obj                   3232     0         0      
       lv_obj_class.obj                  1248     0         0      
       lv_theme.obj                      512      0         0      
    +--+---------------------------------+--------+---------+---------+
       Total:                            93760    500       78     
                                                                   
    .\LVGL\src\draw\
       lv_draw_mask.obj                  17792    0         0      
       lv_img_buf.obj                    10848    64        0      
       lv_img_decoder.obj                6016     58        0      
       lv_draw_label.obj                 3840     28        0      
       lv_draw_arc.obj                   2848     0         0      
       lv_draw_img.obj                   2176     120       0      
       lv_draw_rect.obj                  544      0         0      
       lv_draw_line.obj                  288      0         0      
       lv_img_cache.obj                  256      0         0      
       lv_draw.obj                       32       0         0      
    +--+---------------------------------+--------+---------+---------+
       Total:                            44640    270       0      
                                                                   
    .\LVGL\src\draw\sw\
       lv_draw_sw_rect.obj               16640    28        0      
       lv_draw_sw_blend.obj              8448     0         0      
       lv_draw_sw_arc.obj                7424     0         0      
       lv_draw_sw_line.obj               4512     33        0      
       lv_draw_sw_img.obj                3168     0         0      
       lv_draw_sw_letter.obj             2464     310       264    
       lv_draw_sw_gradient.obj           2592     0         9      
       lv_draw_sw_polygon.obj            2048     8         0      
       lv_draw_sw.obj                    608      0         0      
    +--+---------------------------------+--------+---------+---------+
       Total:                            47904    379       273    
                                                                   
    .\LVGL\src\extra\
       lv_extra.obj                      32       0         0      
    +--+---------------------------------+--------+---------+---------+
       Total:                            32       0         0      
                                                                   
    .\LVGL\src\extra\layouts\flex\
       lv_flex.obj                       7488     20        24     
    +--+---------------------------------+--------+---------+---------+
       Total:                            7488     20        24     
                                                                   
    .\LVGL\src\extra\layouts\grid\
       lv_grid.obj                       7776     60        44     
    +--+---------------------------------+--------+---------+---------+
       Total:                            7776     60        44     
                                                                   
    .\LVGL\src\extra\themes\default\
       lv_theme_default.obj              20768    48        109    
    +--+---------------------------------+--------+---------+---------+
       Total:                            20768    48        109    
                                                                   
    .\LVGL\src\extra\widgets\calendar\
       lv_calendar.obj                   3392     56        28     
       lv_calendar_header_dropdown.obj   608      680       8      
       lv_calendar_header_arrow.obj      864      128       48     
    +--+---------------------------------+--------+---------+---------+
       Total:                            4864     864       84     
                                                                   
    .\LVGL\src\extra\widgets\chart\
       lv_chart.obj                      20416    72        0      
    +--+---------------------------------+--------+---------+---------+
       Total:                            20416    72        0      
                                                                   
    .\LVGL\src\extra\widgets\colorwheel\
       lv_colorwheel.obj                 6752     28        6      
    +--+---------------------------------+--------+---------+---------+
       Total:                            6752     28        6      
                                                                   
    .\LVGL\src\extra\widgets\keyboard\
       lv_keyboard.obj                   2080     1146      72     
    +--+---------------------------------+--------+---------+---------+
       Total:                            2080     1146      72     
                                                                   
    .\LVGL\src\extra\widgets\led\
       lv_led.obj                        1696     28        0      
    +--+---------------------------------+--------+---------+---------+
       Total:                            1696     28        0      
                                                                   
    .\LVGL\src\extra\widgets\list\
       lv_list.obj                       0        84        0      
    +--+---------------------------------+--------+---------+---------+
       Total:                            0        84        0      
                                                                   
    .\LVGL\src\extra\widgets\menu\
       lv_menu.obj                       4640     256       0      
    +--+---------------------------------+--------+---------+---------+
       Total:                            4640     256       0      
                                                                   
    .\LVGL\src\extra\widgets\meter\
       lv_meter.obj                      7968     32        0      
    +--+---------------------------------+--------+---------+---------+
       Total:                            7968     32        0      
                                                                   
    .\LVGL\src\extra\widgets\msgbox\
       lv_msgbox.obj                     0        56        0      
    +--+---------------------------------+--------+---------+---------+
       Total:                            0        56        0      
                                                                   
    .\LVGL\src\extra\widgets\spinbox\
       lv_spinbox.obj                    3872     32        0      
    +--+---------------------------------+--------+---------+---------+
       Total:                            3872     32        0      
                                                                   
    .\LVGL\src\extra\widgets\spinner\
       lv_spinner.obj                    576      28        8      
    +--+---------------------------------+--------+---------+---------+
       Total:                            576      28        8      
                                                                   
    .\LVGL\src\extra\widgets\tabview\
       lv_tabview.obj                    2752     96        4      
    +--+---------------------------------+--------+---------+---------+
       Total:                            2752     96        4      
                                                                   
    .\LVGL\src\extra\widgets\tileview\
       lv_tileview.obj                   1280     56        12     
    +--+---------------------------------+--------+---------+---------+
       Total:                            1280     56        12     
                                                                   
    .\LVGL\src\extra\widgets\win\
       lv_win.obj                        480      28        2      
    +--+---------------------------------+--------+---------+---------+
       Total:                            480      28        2      
                                                                   
    .\LVGL\src\font\
       lv_font_montserrat_14.obj         0        13633     8      
       lv_font_fmt_txt.obj               2336     0         0      
       lv_font.obj                       544      0         0      
    +--+---------------------------------+--------+---------+---------+
       Total:                            2880     13633     8      
                                                                   
    .\LVGL\src\hal\
       lv_hal_disp.obj                   5760     40        13     
       lv_hal_indev.obj                  832      0         0      
       lv_hal_tick.obj                   160      0         5      
    +--+---------------------------------+--------+---------+---------+
       Total:                            6752     40        18     
                                                                   
    .\LVGL\src\misc\
       lv_tlsf.obj                       7552     8         0      
       lv_txt.obj                        5152     12        32     
       lv_printf.obj                     5024     92        0      
       lv_mem.obj                        4416     0         8      
       lv_area.obj                       4288     84        0      
       lv_fs.obj                         3872     4         0      
       lv_style_gen.obj                  3648     0         0      
       lv_anim.obj                       3424     0         12     
       lv_style.obj                      2720     332       6      
       lv_color.obj                      2624     400       0      
       lv_math.obj                       1760     182       4      
       lv_ll.obj                         1536     0         0      
       lv_timer.obj                      1312     0         18     
       lv_gc.obj                         320      0         532    
       lv_async.obj                      192      0         0      
       lv_utils.obj                      192      0         0      
    +--+---------------------------------+--------+---------+---------+
       Total:                            48032    1114      612    
                                                                   
    .\LVGL\src\widgets\
       lv_btnmatrix.obj                  11712    56        28     
       lv_table.obj                      11456    32        0      
       lv_label.obj                      10720    36        0      
       lv_textarea.obj                   10656    38        4      
       lv_dropdown.obj                   9280     92        0      
       lv_arc.obj                        8480     28        0      
       lv_img.obj                        7968     28        0      
       lv_roller.obj                     6624     104       0      
       lv_bar.obj                        6048     28        0      
       lv_slider.obj                     5568     28        0      
       lv_checkbox.obj                   2368     40        0      
       lv_switch.obj                     2304     28        0      
       lv_line.obj                       1504     28        0      
       lv_btn.obj                        96       28        0      
    +--+---------------------------------+--------+---------+---------+
       Total:                            94784    594       32     
                                                                   
    ../../Library/StarterWare/Drivers/Debug/drivers.lib
       raster.obj                        3584     0         0      
       timer.obj                         2080     0         0      
       gpio.obj                          1408     16        0      
       uart.obj                          1408     0         0      
       i2c.obj                           1216     0         0      
       psc.obj                           320      0         0      
    +--+---------------------------------+--------+---------+---------+
       Total:                            10016    16        0      
                                                                   
    ../../Library/StarterWare/Platform/Debug/Platform.lib
       UARTConsole.obj                   320      0         0      
    +--+---------------------------------+--------+---------+---------+
       Total:                            320      0         0      
                                                                   
    ../../Library/StarterWare/SystemConfig/Debug/system_config.lib
       interrupt.obj                     8320     0         576    
       intvecs.obj                       512      0         0      
    +--+---------------------------------+--------+---------+---------+
       Total:                            8832     0         576    
                                                                   
    ../../Library/StarterWare/utils/Debug/utils.lib
       uartStdio.obj                     2912     68        0      
    +--+---------------------------------+--------+---------+---------+
       Total:                            2912     68        0      
                                                                   
    C:\ti\ti-cgt-c6000_8.3.12\lib\rts6740_elf.lib
       _printfi.c.obj                    13664    92        0      
       memory.c.obj                      1760     0         8      
       divd.c.obj                        1536     0         0      
       defs.c.obj                        0        0         804    
       imath64.c.obj                     800      0         0      
       fputs.c.obj                       736      0         0      
       trgmsg.c.obj                      224      0         288    
       fputc.c.obj                       448      0         0      
       frexp.c.obj                       448      0         0      
       getdevice.c.obj                   448      0         0      
       imath40.c.obj                     448      0         0      
       ldexp.c.obj                       448      0         0      
       setvbuf.c.obj                     448      0         0      
       hostrename.c.obj                  416      0         0      
       write.c.obj                       96       0         280    
       copy_decompress_rle.c.obj         288      0         0      
       printf.c.obj                      288      0         0      
       exit.c.obj                        256      0         12     
       ctype.c.obj                       0        257       0      
       atoi.c.obj                        256      0         0      
       fclose.c.obj                      256      0         0      
       fseek.c.obj                       256      0         0      
       hostopen.c.obj                    224      0         8      
       _io_perm.c.obj                    224      0         0      
       _ltoa.c.obj                       224      0         0      
       close.c.obj                       224      0         0      
       divi.asm.obj                      224      0         0      
       hostlseek.c.obj                   224      0         0      
       hostwrite.c.obj                   224      0         0      
       llshift.c.obj                     224      0         0      
       memset.c.obj                      224      0         0      
       autoinit.c.obj                    192      0         0      
       divu.asm.obj                      192      0         0      
       hostread.c.obj                    192      0         0      
       hostunlink.c.obj                  192      0         0      
       remi.asm.obj                      192      0         0      
       sprintf.c.obj                     192      0         0      
       tls.c.obj                         192      0         0      
       fflush.c.obj                      160      0         0      
       fopen.c.obj                       160      0         0      
       hostclose.c.obj                   160      0         0      
       memcpy64.asm.obj                  160      0         0      
       remu.asm.obj                      160      0         0      
       boot.c.obj                        128      0         0      
       strcat.c.obj                      128      0         0      
       unlink.c.obj                      128      0         0      
       lseek.c.obj                       96       0         0      
       memccpy.c.obj                     96       0         0      
       strcmp.c.obj                      96       0         0      
       strcpy.c.obj                      96       0         0      
       args_main.c.obj                   64       0         0      
       frcmpyd_div.c.obj                 64       0         0      
       isinf.c.obj                       64       0         0      
       push.asm.obj                      64       0         0      
       strlen.c.obj                      64       0         0      
       wcslen.c.obj                      64       0         0      
       _lock.c.obj                       32       0         8      
       errno.c.obj                       32       0         4      
       copy_decompress_none.c.obj        32       0         0      
       pre_init.c.obj                    32       0         0      
       signbit.c.obj                     32       0         0      
       startup.c.obj                     32       0         0      
    +--+---------------------------------+--------+---------+---------+
       Total:                            29024    349       1412   
                                                                   
       Heap:                             0        0         131072 
       Stack:                            0        0         65536  
       Linker Generated:                 0        457       0      
    +--+---------------------------------+--------+---------+---------+
       Grand Total:                      488256   20538     1736251


LINKER GENERATED COPY TABLES

__TI_cinit_table @ 00835e38 records: 6, size/record: 8, table size: 48
	.fardata: load addr=00835c98, load size=0000011c bytes, run addr=00835668, run size=000003d2 bytes, compression=rle
	.neardata: load addr=00835db4, load size=0000004a bytes, run addr=00835a3c, run size=0000007f bytes, compression=rle
	.DDR2: load addr=00835dfe, load size=0000000d bytes, run addr=c0000000, run size=00177048 bytes, compression=rle
	.far: load addr=00835e0b, load size=0000000b bytes, run addr=00834928, run size=000007d0 bytes, compression=rle
	.rodata: load addr=00835e16, load size=0000000a bytes, run addr=00835abc, run size=00000004 bytes, compression=rle
	.bss: load addr=00835e20, load size=00000009 bytes, run addr=00835ac0, run size=000000b6 bytes, compression=rle


LINKER GENERATED HANDLER TABLE

__TI_handler_table @ 00835e2c records: 2, size/record: 4, table size: 8
	index: 0, handler: __TI_decompress_rle24
	index: 1, handler: __TI_decompress_none


GLOBAL SYMBOLS: SORTED ALPHABETICALLY BY Name 

address   name                                        
-------   ----                                        
c01ee6a0  C$$EXIT                                     
c01ee018  C$$IO$$                                     
c01edb60  Delay                                       
c01e4ef8  ExcCombineAdd                               
c01e4f40  ExcCombineRemove                            
c01e4ed8  ExcGlobalEnable                             
c01e5ae4  GPIOBankIntDisable                          
c01e5ab4  GPIOBankIntEnable                           
c01e5b10  GPIOBankPinsWrite                           
c01e56d8  GPIODirModeGet                              
c01e5640  GPIODirModeSet                              
c01e5984  GPIOIntTypeGet                              
c01e5818  GPIOIntTypeSet                              
c01e5a6c  GPIOPinIntClear                             
c01e5a0c  GPIOPinIntStatus                            
c01e57b8  GPIOPinRead                                 
c01e5738  GPIOPinWrite                                
c01ed700  HOSTclose                                   
c01ec780  HOSTlseek                                   
c01ec860  HOSTopen                                    
c01ed040  HOSTread                                    
c01eb480  HOSTrename                                  
c01ed100  HOSTunlink                                  
c01ec940  HOSTwrite                                   
c01e7a04  I2CDMARxEventDisable                        
c01e79b8  I2CDMARxEventEnable                         
c01e79e0  I2CDMATxEventDisable                        
c01e7994  I2CDMATxEventEnable                         
c01e7980  I2CDMATxRxEventDisable                      
008350c0  I2CData                                     
c01e6478  I2CHWRegRead                                
c01e63a4  I2CHWRegWrite                               
c01e660c  I2CInit                                     
c01e7948  I2CInterruptVectorGet                       
c01e77a8  I2CMasterBusBusy                            
c01e77f0  I2CMasterControl                            
c01e78c0  I2CMasterDataGet                            
c01e7898  I2CMasterDataPut                            
c01e7658  I2CMasterDisable                            
c01e7620  I2CMasterEnable                             
c01e7870  I2CMasterErr                                
c01e7580  I2CMasterInitExpClk                         
c01e7764  I2CMasterIntClearEx                         
c01e76c4  I2CMasterIntDisableEx                       
c01e7678  I2CMasterIntEnableEx                        
c01e770c  I2CMasterIntStatus                          
c01e77cc  I2CMasterIsBusy                             
c01e7790  I2CMasterSlaveAddrSet                       
c01e7818  I2CMasterStart                              
c01e7838  I2CMasterStop                               
c01e7930  I2COwnAddressSet                            
c01e6270  I2CRcvBlocking                              
c01e658c  I2CRegBitClr                                
c01e650c  I2CRegBitSet                                
c01e6400  I2CRegRead                                  
c01e6364  I2CRegWrite                                 
c01e618c  I2CSendBlocking                             
c01e7918  I2CSetDataCount                             
c01e7964  I2CSlaveAddressGet                          
c01e7900  I2CSlaveDataGet                             
c01e78d8  I2CSlaveDataPut                             
c01e7778  I2CSlaveIntClearEx                          
c01e76e8  I2CSlaveIntDisableEx                        
c01e76a0  I2CSlaveIntEnableEx                         
c01e7728  I2CSlaveIntStatus                           
c01e7744  I2CSlaveIntStatusEx                         
c01e7858  I2CStatusClear                              
c01e4aa0  IntDSPINTCInit                              
c01e4e50  IntDisable                                  
c01e4e20  IntEnable                                   
c01e4c18  IntEventClear                               
c01e4d54  IntEventCombineAdd                          
c01e4c50  IntEventCombineInit                         
c01e4df8  IntEventCombineRegister                     
c01e4da8  IntEventCombineRemove                       
c01e4b5c  IntEventMap                                 
c01e4be4  IntEventSet                                 
c01e4eac  IntGlobalDisable                            
c01e4e98  IntGlobalEnable                             
c01e4ec0  IntGlobalRestore                            
c01e4b10  IntRegister                                 
c01e4e84  IntReset                                    
c01e4b34  IntUnRegister                               
c01e8320  LCDBacklightDisable                         
c01e82f4  LCDBacklightEnable                          
c01e834c  LCDISR                                      
c01e83d8  LCDInit                                     
c01e83d0  LCDVersionGet                               
00835b10  LV_LAYOUT_FLEX                              
00835b14  LV_LAYOUT_GRID                              
00835b18  LV_STYLE_FLEX_CROSS_PLACE                   
00835b1c  LV_STYLE_FLEX_FLOW                          
00835b20  LV_STYLE_FLEX_GROW                          
00835b24  LV_STYLE_FLEX_MAIN_PLACE                    
00835b28  LV_STYLE_FLEX_TRACK_PLACE                   
00835b2c  LV_STYLE_GRID_CELL_COLUMN_POS               
00835b30  LV_STYLE_GRID_CELL_COLUMN_SPAN              
00835b34  LV_STYLE_GRID_CELL_ROW_POS                  
00835b38  LV_STYLE_GRID_CELL_ROW_SPAN                 
00835b3c  LV_STYLE_GRID_CELL_X_ALIGN                  
00835b40  LV_STYLE_GRID_CELL_Y_ALIGN                  
00835b44  LV_STYLE_GRID_COLUMN_ALIGN                  
00835b48  LV_STYLE_GRID_COLUMN_DSC_ARRAY              
00835b4c  LV_STYLE_GRID_ROW_ALIGN                     
00835b50  LV_STYLE_GRID_ROW_DSC_ARRAY                 
c01eb760  PSCModuleControl                            
c01d4294  RasterAutoUnderFlowDisable                  
c01d4274  RasterAutoUnderFlowEnable                   
c01d47c8  RasterByteSwapDisable                       
c01d47a4  RasterByteSwapEnable                        
c01d4954  RasterClearGetIntStatus                     
c01d4220  RasterClkConfig                             
c01d4bb4  RasterClocksEnable                          
c01d4f0c  RasterContextRestore                        
c01d4e24  RasterContextSave                           
c01d4768  RasterDMAConfig                             
c01d490c  RasterDMAFBConfig                           
c01d4c40  RasterDMASoftWareClkDisable                 
c01d4c18  RasterDMASoftWareClkEnable                  
c01d42d8  RasterDisable                               
c01d4d48  RasterDmaMasterPrioritySet                  
c01d42b4  RasterEnable                                
c01d4810  RasterEndOfFrameIntDisable                  
c01d47ec  RasterEndOfFrameIntEnable                   
c01d44e0  RasterFIFODMADelayConfig                    
c01d4528  RasterHparamConfig                          
c01d4260  RasterIdGet                                 
c01d4dd8  RasterIdleModeConfig                        
c01d4448  RasterIntDisable                            
c01d43e0  RasterIntEnable                             
c01d4894  RasterIntRawStatus                          
c01d48e0  RasterIntRawStatusSet                       
c01d4834  RasterIntStatus                             
c01d43a0  RasterLSBDataOrderSelect                    
c01d43c0  RasterMSBDataOrderSelect                    
c01d4300  RasterModeConfig                            
c01d44c0  RasterNibbleModeDisable                     
c01d44a0  RasterNibbleModeEnable                      
c01d4bf4  RasterSoftWareClkDisable                    
c01d4bd0  RasterSoftWareClkEnable                     
c01d4cd4  RasterSoftWareResetControlDisable           
c01d4c64  RasterSoftWareResetControlEnable            
c01d4d90  RasterStandbyModeConfig                     
c01d4a10  RasterSubPanelConfig                        
c01d49ec  RasterSubPanelDisable                       
c01d49cc  RasterSubPanelEnable                        
c01d46f4  RasterTiming2Configure                      
c01d4604  RasterVparamConfig                          
c01e116c  TimerCaptureConfigure                       
c01e0f68  TimerCaptureGet                             
c01e1314  TimerClockModeSet                           
c01e0fb8  TimerCompareGet                             
c01e0f94  TimerCompareSet                             
c01e0d34  TimerConfigure                              
c01e0ed4  TimerCounterGet                             
c01e0ea0  TimerCounterSet                             
c01e0cfc  TimerDisable                                
c01e1150  TimerDivDwnRatio34Get                       
c01e1104  TimerDivDwnRatio34Set                       
c01e0ca0  TimerEnable                                 
c01ec004  TimerInit                                   
c01e1278  TimerInputGateDisable                       
c01e1240  TimerInputGateEnable                        
c01e1008  TimerIntDisable                             
c01e0fd8  TimerIntEnable                              
c01e1058  TimerIntStatusClear                         
c01e1034  TimerIntStatusGet                           
c01e13f4  TimerInvertINDisable                        
c01e13bc  TimerInvertINEnable                         
c01e146c  TimerInvertOUTDisable                       
c01e1430  TimerInvertOUTEnable                        
c01ebf80  TimerIsr                                    
c01e138c  TimerOUTStatusGet                           
c01e0e70  TimerPeriodGet                              
c01e0e34  TimerPeriodSet                              
c01e10e8  TimerPreScalarCount34Get                    
c01e1094  TimerPreScalarCount34Set                    
c01e1350  TimerPulseModeSet                           
c01e12b0  TimerPulseWidthSet                          
c01e1208  TimerReadResetDisable                       
c01e11cc  TimerReadResetEnable                        
c01e0f38  TimerReloadGet                              
c01e0f04  TimerReloadSet                              
c01e0dac  TimerWatchdogActivate                       
c01e0dec  TimerWatchdogReactivate                     
c01e5364  TouchISR                                    
00834f90  TouchInfo                                   
c01e53ec  TouchInit                                   
c01e51a8  TouchXYGet                                  
c01e6024  UARTBreakCtl                                
c01e5f14  UARTCharGet                                 
c01e5ee8  UARTCharGetNonBlocking                      
c01e5f50  UARTCharPut                                 
c01e5ea8  UARTCharPutNonBlocking                      
c01e5e58  UARTCharsAvail                              
c01e5c54  UARTConfigGetExpClk                         
c01e5bc0  UARTConfigSetExpClk                         
c01eb740  UARTConsoleGetc                             
c01eb680  UARTConsoleInit                             
c01eb718  UARTConsolePutc                             
c01e5d2c  UARTDMADisable                              
c01e5d0c  UARTDMAEnable                               
c01e5dd4  UARTDisable                                 
c01e5db8  UARTEnable                                  
c01e5e14  UARTFIFODisable                             
c01e5e00  UARTFIFOEnable                              
c01e5ce8  UARTFIFOLevelSet                            
c01da294  UARTGetHexNum                               
c01da1d4  UARTGetNum                                  
c01da544  UARTGetc                                    
c01d9f84  UARTGets                                    
c01e5fd0  UARTIntDisable                              
c01e5fa8  UARTIntEnable                               
c01e5ff8  UARTIntStatus                               
c01e60b0  UARTModemControlClear                       
c01e60e4  UARTModemControlGet                         
c01e6058  UARTModemControlSet                         
c01e6104  UARTModemStatusGet                          
c01e5d94  UARTParityModeGet                           
c01e5d4c  UARTParityModeSet                           
c01da0e4  UARTPutHexNum                               
c01da020  UARTPutNum                                  
c01da52c  UARTPutc                                    
c01d9eec  UARTPuts                                    
c01e5e88  UARTRxErrorGet                              
c01e5e2c  UARTSpaceAvail                              
c01d9ee0  UARTStdioInit                               
c01da5b4  UARTprintf                                  
c01da550  UARTwrite                                   
00835b78  __CIOBUF_                                   
00835e38  __TI_CINIT_Base                             
00835e68  __TI_CINIT_Limit                            
00835e2c  __TI_Handler_Table_Base                     
00835e34  __TI_Handler_Table_Limit                    
00830000  __TI_STACK_END                              
00010000  __TI_STACK_SIZE                             
00835a3c  __TI_STATIC_BASE                            
00020000  __TI_SYSMEM_SIZE                            
UNDEFED   __TI_TLS_INIT_Base                          
UNDEFED   __TI_TLS_INIT_Limit                         
c01ed1c0  __TI_auto_init_nobinit_nopinit              
c01ed7a0  __TI_cleanup                                
00835a1c  __TI_cleanup_ptr                            
c01ec080  __TI_closefile                              
c01ee6c0  __TI_decompress_none                        
c01ee6e0  __TI_decompress_rle24                       
c01ed840  __TI_doflush                                
00835a20  __TI_dtors_ptr                              
00835a24  __TI_enable_exit_profile_output             
c01ea7c0  __TI_frcmpyd_div                            
008359fc  __TI_ft_end                                 
c01eca20  __TI_ltoa                                   
ffffffff  __TI_pprof_out_hndl                         
c01ac820  __TI_printfi                                
ffffffff  __TI_prof_data_size                         
ffffffff  __TI_prof_data_start                        
c01edd40  __TI_readmsg                                
c01ed640  __TI_tls_init                               
00834b68  __TI_tmpnams                                
c01edfc0  __TI_writemsg                               
c01ecb00  __TI_wrt_ok                                 
ffffffff  __binit__                                   
c01e38c0  __c6xabi_divd                               
c01ecbe0  __c6xabi_divi                               
c01ed280  __c6xabi_divu                               
c01eaa00  __c6xabi_divul                              
c01e9440  __c6xabi_divull                             
c01ee560  __c6xabi_errno_addr                         
c01ee3e0  __c6xabi_isinf                              
c01eddc0  __c6xabi_llshl                              
c01ee020  __c6xabi_llshru                             
c01ee580  __c6xabi_pop_rts                            
c01ee5a0  __c6xabi_push_rts                           
c01ed340  __c6xabi_remi                               
c01ed8e0  __c6xabi_remu                               
c01ee080  __c6xabi_remull                             
ffffffff  __c_args__                                  
c01ecbe0  __divi                                      
c01ed280  __divu                                      
00835a30  __errno                                     
c01ee580  __pop_rts                                   
c01ee5a0  __push_rts                                  
c01ed340  __remi                                      
c01ed8e0  __remu                                      
c01ee460  _args_main                                  
c01bc858  _c674x_mask_int10_isr                       
c01bca20  _c674x_mask_int11_isr                       
c01bcbe4  _c674x_mask_int12_isr                       
c01bcda8  _c674x_mask_int13_isr                       
c01bcf70  _c674x_mask_int14_isr                       
c01bd138  _c674x_mask_int15_isr                       
c01bbdb0  _c674x_mask_int4_isr                        
c01bbf78  _c674x_mask_int5_isr                        
c01bc140  _c674x_mask_int6_isr                        
c01bc304  _c674x_mask_int7_isr                        
c01bc4c8  _c674x_mask_int8_isr                        
c01bc690  _c674x_mask_int9_isr                        
c01bb860  _c674x_nmi_isr                              
c01bba24  _c674x_rsvd_int2_isr                        
c01bbbe8  _c674x_rsvd_int3_isr                        
c01ede40  _c_int00                                    
008335b0  _ctypes_                                    
008358e8  _device                                     
00835668  _ftable                                     
c01ea800  _intcVectorTable                            
008359b4  _lock                                       
c01d6b40  _lv_anim_core_init                          
0083505c  _lv_anim_ll                                 
c01cd7e0  _lv_area_intersect                          
c01cdf84  _lv_area_is_equal                           
c01cdccc  _lv_area_is_in                              
c01cdc64  _lv_area_is_on                              
c01cde34  _lv_area_is_out                             
c01cd984  _lv_area_is_point_on                        
c01cd8d0  _lv_area_join                               
c01cd664  _lv_area_set_pos                            
00834920  _lv_bpp1_opa_table                          
008348f8  _lv_bpp2_opa_table                          
00834878  _lv_bpp4_opa_table                          
008336b8  _lv_bpp8_opa_table                          
00834ea8  _lv_circle_cache                            
c01d5bd0  _lv_disp_get_refr_timer                     
00835068  _lv_disp_ll                                 
[...]
c01dfcf8  lv_switch_create                            
c01e0568  lv_draw_img_dsc_init                        
c01e05b0  lv_draw_img                                 
c01e0640  lv_img_cf_get_px_size                       
c01e06cc  lv_img_cf_is_chroma_keyed                   
c01e0720  lv_img_cf_has_alpha                         
c01e0788  lv_img_src_get_type                         
c01e0810  lv_draw_img_decoded                         
c01e0ca0  TimerEnable                                 
c01e0cfc  TimerDisable                                
c01e0d34  TimerConfigure                              
c01e0dac  TimerWatchdogActivate                       
c01e0dec  TimerWatchdogReactivate                     
c01e0e34  TimerPeriodSet                              
c01e0e70  TimerPeriodGet                              
c01e0ea0  TimerCounterSet                             
c01e0ed4  TimerCounterGet                             
c01e0f04  TimerReloadSet                              
c01e0f38  TimerReloadGet                              
c01e0f68  TimerCaptureGet                             
c01e0f94  TimerCompareSet                             
c01e0fb8  TimerCompareGet                             
c01e0fd8  TimerIntEnable                              
c01e1008  TimerIntDisable                             
c01e1034  TimerIntStatusGet                           
c01e1058  TimerIntStatusClear                         
c01e1094  TimerPreScalarCount34Set                    
c01e10e8  TimerPreScalarCount34Get                    
c01e1104  TimerDivDwnRatio34Set                       
c01e1150  TimerDivDwnRatio34Get                       
c01e116c  TimerCaptureConfigure                       
c01e11cc  TimerReadResetEnable                        
c01e1208  TimerReadResetDisable                       
c01e1240  TimerInputGateEnable                        
c01e1278  TimerInputGateDisable                       
c01e12b0  TimerPulseWidthSet                          
c01e1314  TimerClockModeSet                           
c01e1350  TimerPulseModeSet                           
c01e138c  TimerOUTStatusGet                           
c01e13bc  TimerInvertINEnable                         
c01e13f4  TimerInvertINDisable                        
c01e1430  TimerInvertOUTEnable                        
c01e146c  TimerInvertOUTDisable                       
c01e14c0  lv_keyboard_create                          
c01e14ec  lv_keyboard_set_textarea                    
c01e1540  lv_keyboard_set_mode                        
c01e1584  lv_keyboard_set_popovers                    
c01e15e8  lv_keyboard_set_map                         
c01e1640  lv_keyboard_get_textarea                    
c01e1660  lv_keyboard_get_mode                        
c01e1680  lv_btnmatrix_get_popovers                   
c01e16ac  lv_keyboard_def_event_cb                    
c01e1ce0  lv_draw_sw_polygon                          
c01e24e0  lv_trigo_sin                                
c01e2634  lv_bezier3                                  
c01e2724  lv_sqrt                                     
c01e2794  lv_atan2                                    
c01e29e8  lv_pow                                      
c01e2a94  lv_map                                      
c01e2b48  lv_rand                                     
c01e2de0  lv_led_create                               
c01e2e0c  lv_led_set_color                            
c01e2e40  lv_led_set_brightness                       
c01e2ec4  lv_led_on                                   
c01e2ed0  lv_led_off                                  
c01e2ee0  lv_led_toggle                               
c01e2f14  lv_led_get_brightness                       
c01e38c0  __c6xabi_divd                               
c01e3ec0  _lv_ll_init                                 
c01e3ef4  _lv_ll_ins_head                             
c01e3f74  _lv_ll_ins_prev                             
c01e4018  _lv_ll_ins_tail                             
c01e4098  _lv_ll_remove                               
c01e4154  _lv_ll_clear                                
c01e41a0  _lv_ll_chg_list                             
c01e4274  _lv_ll_get_head                             
c01e42a0  _lv_ll_get_tail                             
c01e42c4  _lv_ll_get_next                             
c01e42ec  _lv_ll_get_prev                             
c01e430c  _lv_ll_get_len                              
c01e434c  _lv_ll_move_before                          
c01e43ec  _lv_ll_is_empty                             
c01e44e0  lv_line_create                              
c01e450c  lv_line_set_points                          
c01e4554  lv_line_set_y_invert                        
c01e45cc  lv_line_get_y_invert                        
c01e4aa0  IntDSPINTCInit                              
c01e4b10  IntRegister                                 
c01e4b34  IntUnRegister                               
c01e4b5c  IntEventMap                                 
c01e4be4  IntEventSet                                 
c01e4c18  IntEventClear                               
c01e4c50  IntEventCombineInit                         
c01e4d54  IntEventCombineAdd                          
c01e4da8  IntEventCombineRemove                       
c01e4df8  IntEventCombineRegister                     
c01e4e20  IntEnable                                   
c01e4e50  IntDisable                                  
c01e4e84  IntReset                                    
c01e4e98  IntGlobalEnable                             
c01e4eac  IntGlobalDisable                            
c01e4ec0  IntGlobalRestore                            
c01e4ed8  ExcGlobalEnable                             
c01e4ef8  ExcCombineAdd                               
c01e4f40  ExcCombineRemove                            
c01e51a8  TouchXYGet                                  
c01e5364  TouchISR                                    
c01e53ec  TouchInit                                   
c01e5640  GPIODirModeSet                              
c01e56d8  GPIODirModeGet                              
c01e5738  GPIOPinWrite                                
c01e57b8  GPIOPinRead                                 
c01e5818  GPIOIntTypeSet                              
c01e5984  GPIOIntTypeGet                              
c01e5a0c  GPIOPinIntStatus                            
c01e5a6c  GPIOPinIntClear                             
c01e5ab4  GPIOBankIntEnable                           
c01e5ae4  GPIOBankIntDisable                          
c01e5b10  GPIOBankPinsWrite                           
c01e5bc0  UARTConfigSetExpClk                         
c01e5c54  UARTConfigGetExpClk                         
c01e5ce8  UARTFIFOLevelSet                            
c01e5d0c  UARTDMAEnable                               
c01e5d2c  UARTDMADisable                              
c01e5d4c  UARTParityModeSet                           
c01e5d94  UARTParityModeGet                           
c01e5db8  UARTEnable                                  
c01e5dd4  UARTDisable                                 
c01e5e00  UARTFIFOEnable                              
c01e5e14  UARTFIFODisable                             
c01e5e2c  UARTSpaceAvail                              
c01e5e58  UARTCharsAvail                              
c01e5e88  UARTRxErrorGet                              
c01e5ea8  UARTCharPutNonBlocking                      
c01e5ee8  UARTCharGetNonBlocking                      
c01e5f14  UARTCharGet                                 
c01e5f50  UARTCharPut                                 
c01e5fa8  UARTIntEnable                               
c01e5fd0  UARTIntDisable                              
c01e5ff8  UARTIntStatus                               
c01e6024  UARTBreakCtl                                
c01e6058  UARTModemControlSet                         
c01e60b0  UARTModemControlClear                       
c01e60e4  UARTModemControlGet                         
c01e6104  UARTModemStatusGet                          
c01e618c  I2CSendBlocking                             
c01e6270  I2CRcvBlocking                              
c01e6364  I2CRegWrite                                 
c01e63a4  I2CHWRegWrite                               
c01e6400  I2CRegRead                                  
c01e6478  I2CHWRegRead                                
c01e650c  I2CRegBitSet                                
c01e658c  I2CRegBitClr                                
c01e660c  I2CInit                                     
c01e6680  _lv_timer_core_init                         
c01e6698  lv_timer_handler                            
c01e6894  lv_timer_create_basic                       
c01e68ac  lv_timer_create                             
c01e6940  lv_timer_set_cb                             
c01e6958  lv_timer_del                                
c01e6988  lv_timer_pause                              
c01e69ac  lv_timer_resume                             
c01e69d0  lv_timer_set_period                         
c01e69ec  lv_timer_ready                              
c01e6a0c  lv_timer_set_repeat_count                   
c01e6a28  lv_timer_reset                              
c01e6a40  lv_timer_enable                             
c01e6a60  lv_timer_get_idle                           
c01e6a6c  lv_timer_get_next                           
c01e6ba0  lv_tileview_create                          
c01e6bcc  lv_tileview_add_tile                        
c01e6c28  lv_obj_set_tile                             
c01e6c94  lv_obj_set_tile_id                          
c01e6d8c  lv_tileview_get_tile_act                    
c01e70a0  lv_obj_class_create_obj                     
c01e7274  lv_obj_class_init_obj                       
c01e7328  _lv_obj_destruct                            
c01e7390  lv_obj_is_editable                          
c01e7414  lv_obj_is_group_def                         
c01e7580  I2CMasterInitExpClk                         
c01e7620  I2CMasterEnable                             
c01e7658  I2CMasterDisable                            
c01e7678  I2CMasterIntEnableEx                        
c01e76a0  I2CSlaveIntEnableEx                         
c01e76c4  I2CMasterIntDisableEx                       
c01e76e8  I2CSlaveIntDisableEx                        
c01e770c  I2CMasterIntStatus                          
c01e7728  I2CSlaveIntStatus                           
c01e7744  I2CSlaveIntStatusEx                         
c01e7764  I2CMasterIntClearEx                         
c01e7778  I2CSlaveIntClearEx                          
c01e7790  I2CMasterSlaveAddrSet                       
c01e77a8  I2CMasterBusBusy                            
c01e77cc  I2CMasterIsBusy                             
c01e77f0  I2CMasterControl                            
c01e7818  I2CMasterStart                              
c01e7838  I2CMasterStop                               
c01e7858  I2CStatusClear                              
c01e7870  I2CMasterErr                                
c01e7898  I2CMasterDataPut                            
c01e78c0  I2CMasterDataGet                            
c01e78d8  I2CSlaveDataPut                             
c01e7900  I2CSlaveDataGet                             
c01e7918  I2CSetDataCount                             
c01e7930  I2COwnAddressSet                            
c01e7948  I2CInterruptVectorGet                       
c01e7964  I2CSlaveAddressGet                          
c01e7980  I2CDMATxRxEventDisable                      
c01e7994  I2CDMATxEventEnable                         
c01e79b8  I2CDMARxEventEnable                         
c01e79e0  I2CDMATxEventDisable                        
c01e7a04  I2CDMARxEventDisable                        
c01e7e40  free                                        
c01e82f4  LCDBacklightEnable                          
c01e8320  LCDBacklightDisable                         
c01e834c  LCDISR                                      
c01e83d0  LCDVersionGet                               
c01e83d8  LCDInit                                     
c01e85c4  lv_calendar_header_arrow_create             
c01e88e0  lv_indev_drv_init                           
c01e8944  lv_indev_drv_register                       
c01e89e4  lv_indev_drv_update                         
c01e8a98  lv_indev_delete                             
c01e8af8  lv_indev_get_next                           
c01e8b30  _lv_indev_read                              
c01e8c20  fputs                                       
c01e9440  __c6xabi_divull                             
c01e96a0  lv_calendar_header_dropdown_create          
c01e9928  lv_draw_sw_init_ctx                         
c01e9a00  lv_draw_sw_deinit_ctx                       
c01e9a20  lv_draw_sw_wait_for_finish                  
c01e9a30  lv_draw_sw_buffer_copy                      
c01e9c30  lv_spinner_create                           
c01e9ea0  lv_draw_rect_dsc_init                       
c01e9f68  lv_draw_rect                                
c01e9fc0  lv_font_get_glyph_bitmap                    
c01e9fec  lv_font_get_glyph_dsc                       
c01ea198  lv_font_get_glyph_width                     
c01ea3f4  lv_theme_get_from_obj                       
c01ea424  lv_theme_apply                              
c01ea450  lv_theme_set_parent                         
c01ea46c  lv_theme_set_apply_cb                       
c01ea488  lv_theme_get_font_small                     
c01ea4b4  lv_theme_get_font_normal                    
c01ea4e4  lv_theme_get_font_large                     
c01ea510  lv_theme_get_color_primary                  
c01ea548  lv_theme_get_color_secondary                
c01ea5e0  lv_win_create                               
c01ea628  lv_win_add_title                            
c01ea670  lv_win_add_btn                              
c01ea6d4  lv_win_get_header                           
c01ea6e8  lv_win_get_content                          
c01ea7c0  __TI_frcmpyd_div                            
c01ea800  _intcVectorTable                            
c01eaa00  __c6xabi_divul                              
c01eabc0  fputc                                       
c01eabc0  putc                                        
c01ead80  frexp                                       
c01ead80  frexpl                                      
c01eaf40  ldexp                                       
c01eaf40  ldexpl                                      
c01eaf40  scalbn                                      
c01eaf40  scalbnl                                     
c01eb100  malloc                                      
c01eb2c0  setvbuf                                     
c01eb480  HOSTrename                                  
c01eb680  UARTConsoleInit                             
c01eb718  UARTConsolePutc                             
c01eb740  UARTConsoleGetc                             
c01eb760  PSCModuleControl                            
c01eb8a0  _lv_gc_clear_roots                          
c01ebb00  getdevice                                   
c01ebcb4  lv_draw_line_dsc_init                       
c01ebce4  lv_draw_line                                
c01ebdd0  lv_example_get_started_1                    
c01ebe60  lv_port_indev_init                          
c01ebf80  TimerIsr                                    
c01ec004  TimerInit                                   
c01ec080  __TI_closefile                              
c01ec380  atoi                                        
c01ec480  fseek                                       
c01ec580  _lv_img_cache_open                          
c01ec640  lv_img_cache_set_size                       
c01ec654  lv_img_cache_invalidate_src                 
c01ec680  lv_port_disp_init                           
c01ec780  HOSTlseek                                   
c01ec860  HOSTopen                                    
c01ec940  HOSTwrite                                   
c01eca20  __TI_ltoa                                   
c01ecb00  __TI_wrt_ok                                 
c01ecbe0  __c6xabi_divi                               
c01ecbe0  __divi                                      
c01eccc0  close                                       
c01ecda0  exit                                        
c01ece80  memset                                      
c01ecf60  printf                                      
c01ed040  HOSTread                                    
c01ed100  HOSTunlink                                  
c01ed1c0  __TI_auto_init_nobinit_nopinit              
c01ed280  __c6xabi_divu                               
c01ed280  __divu                                      
c01ed340  __c6xabi_remi                               
c01ed340  __remi                                      
c01ed400  lv_async_call                               
c01ed4c0  _lv_utils_bsearch                           
c01ed640  __TI_tls_init                               
c01ed700  HOSTclose                                   
c01ed7a0  __TI_cleanup                                
c01ed840  __TI_doflush                                
c01ed8e0  __c6xabi_remu                               
c01ed8e0  __remu                                      
c01eda20  finddevice                                  
c01edac0  lv_tick_inc                                 
c01edae8  lv_tick_get                                 
c01edb20  lv_tick_elaps                               
c01edb60  Delay                                       
c01edba0  main                                        
c01edc00  memcpy                                      
c01edd40  __TI_readmsg                                
c01eddc0  __c6xabi_llshl                              
c01ede40  _c_int00                                    
c01edec0  strcat                                      
c01edf40  remove                                      
c01edf40  unlink                                      
c01edfc0  __TI_writemsg                               
c01ee018  C$$IO$$                                     
c01ee020  __c6xabi_llshru                             
c01ee080  __c6xabi_remull                             
c01ee0e0  _subcull                                    
c01ee140  lseek                                       
c01ee1a0  lv_btn_create                               
c01ee200  memccpy                                     
c01ee260  sprintf                                     
c01ee2c0  strcmp                                      
c01ee320  strcpy                                      
c01ee380  write                                       
c01ee3e0  __c6xabi_isinf                              
c01ee460  _args_main                                  
c01ee4e0  strlen                                      
c01ee520  wcslen                                      
c01ee560  __c6xabi_errno_addr                         
c01ee580  __c6xabi_pop_rts                            
c01ee580  __pop_rts                                   
c01ee5a0  __c6xabi_push_rts                           
c01ee5a0  __push_rts                                  
c01ee5c0  _nop                                        
c01ee640  _signbit                                    
c01ee660  _system_post_cinit                          
c01ee680  _system_pre_init                            
c01ee6a0  C$$EXIT                                     
c01ee6a0  abort                                       
c01ee6c0  __TI_decompress_none                        
c01ee6e0  __TI_decompress_rle24                       
c01ee700  lv_draw_init                                
c01ee720  lv_extra_init                               
ffffffff  __TI_pprof_out_hndl                         
ffffffff  __TI_prof_data_size                         
ffffffff  __TI_prof_data_start                        
ffffffff  __binit__                                   
ffffffff  __c_args__                                  
ffffffff  binit                                       
UNDEFED   __TI_TLS_INIT_Base                          
UNDEFED   __TI_TLS_INIT_Limit                         

[1467 symbols]
