******************************************************************************
               TMS320C6x Linker PC v8.3.12                     
******************************************************************************
>> Linked Sun Apr 24 21:21:36 2022

OUTPUT FILE NAME:   <LCD_LVGL.out>
ENTRY POINT SYMBOL: "_c_int00"  address: c01338c0


MEMORY CONFIGURATION

         name            origin    length      used     unused   attr    fill
----------------------  --------  ---------  --------  --------  ----  --------
  DSPL2RAM              00800000   00040000  0000700c  00038ff4  RWIX
  SHRAM                 80000000   00020000  00000000  00020000  RWIX
  DDR2                  c0000000   08000000  00133cfe  07ecc302  RWIX


SEGMENT ALLOCATION MAP

run origin  load origin   length   init length attrs members
----------  ----------- ---------- ----------- ----- -------
00800000    00800000    0000477a   0000477a    r--
  00800000    00800000    0000477a   0000477a    r-- .const
00804780    00804780    00002000   00000000    rw-
  00804780    00804780    00001000   00000000    rw- .stack
  00805780    00805780    00001000   00000000    rw- .sysmem
00806780    00806780    00000538   00000538    r--
  00806780    00806780    00000538   00000538    r-- .switch
00806cb8    00806cb8    0000007f   00000000    rw-
  00806cb8    00806cb8    0000007f   00000000    rw- .neardata
00806d38    00806d38    00000004   00000000    r--
  00806d38    00806d38    00000004   00000000    r-- .rodata
00806d3c    00806d3c    000000b6   00000000    rw-
  00806d3c    00806d3c    000000b6   00000000    rw- .bss
00806df8    00806df8    000000c8   00000000    rw-
  00806df8    00806df8    000000c8   00000000    rw- .fardata
00806ec0    00806ec0    00000158   00000158    r--
  00806ec0    00806ec0    00000158   00000158    r-- .cinit
c0000000    c0000000    000c3b9e   00000000    rw-
  c0000000    c0000000    000c3b9e   00000000    rw- .far
c00c3c00    c00c3c00    00070160   00070160    r-x
  c00c3c00    c00c3c00    00070160   00070160    r-x .text


SECTION ALLOCATION MAP

 output                                  attributes/
section   page    origin      length       input sections
--------  ----  ----------  ----------   ----------------
.stack     0    00804780    00001000     UNINITIALIZED
                  00804780    00000008     rts6740_elf.lib : boot.c.obj (.stack)
                  00804788    00000ff8     --HOLE--

.sysmem    0    00805780    00001000     UNINITIALIZED
                  00805780    00000008     rts6740_elf.lib : memory.c.obj (.sysmem)
                  00805788    00000ff8     --HOLE--

.text      0    c00c3c00    00070160     
                  c00c3c00    00005120     lv_theme_default.obj (.text)
                  c00c8d20    00004fc0     lv_chart.obj (.text)
                  c00cdce0    00004580     lv_draw_mask.obj (.text)
                  c00d2260    00004100     lv_draw_sw_rect.obj (.text)
                  c00d6360    00003180     lv_obj_pos.obj (.text)
                  c00d94e0    00002dc0     lv_btnmatrix.obj (.text)
                  c00dc2a0    00002cc0     lv_table.obj (.text)
                  c00def60    00002a60     lv_img_buf.obj (.text)
                  c00e19c0    000029e0     lv_label.obj (.text)
                  c00e43a0    000029a0     lv_obj_scroll.obj (.text)
                  c00e6d40    000029a0     lv_textarea.obj (.text)
                  c00e96e0    000027e0     lv_obj_style.obj (.text)
                  c00ebec0    000024e0     lv_indev.obj (.text)
                  c00ee3a0    000024e0     lv_refr.obj (.text)
                  c00f0880    00002440     lv_dropdown.obj (.text)
                  c00f2cc0    00002140     lv_obj.obj (.text)
                  c00f4e00    00002120     lv_arc.obj (.text)
                  c00f6f20    00002100     lv_draw_sw_blend.obj (.text)
                  c00f9020    00001f20     lv_img.obj (.text)
                  c00faf40    00001f20     lv_meter.obj (.text)
                  c00fce60    00001e60     lv_grid.obj (.text)
                  c00fecc0    00001d80     lv_tlsf.obj (.text)
                  c0100a40    00001d40     lv_flex.obj (.text)
                  c0102780    00001d00     lv_draw_sw_arc.obj (.text)
                  c0104480    00001b20     lv_indev_scroll.obj (.text)
                  c0105fa0    00001aa0     system_config.lib : interrupt.obj (.text:retain)
                  c0107a40    00001a60     lv_colorwheel.obj (.text)
                  c01094a0    000019e0     lv_roller.obj (.text)
                  c010ae80    000017a0     lv_bar.obj (.text)
                  c010c620    00001780     lv_img_decoder.obj (.text)
                  c010dda0    00001680     lv_hal_disp.obj (.text)
                  c010f420    00001600     lv_obj_draw.obj (.text)
                  c0110a20    000015c0     lv_slider.obj (.text)
                  c0111fe0    00001420     lv_txt.obj (.text)
                  c0113400    000013a0     lv_printf.obj (.text)
                  c01147a0    00001220     lv_menu.obj (.text)
                  c01159c0    000011a0     lv_draw_sw_line.obj (.text)
                  c0116b60    00001140     lv_mem.obj (.text)
                  c0117ca0    000010c0     lv_area.obj (.text)
                  c0118d60    000010a0     lv_event.obj (.text)
                  c0119e00    00000fe0     lv_obj_style_gen.obj (.text)
                  c011ade0    00000f20     lv_fs.obj (.text)
                  c011bd00    00000f20     lv_spinbox.obj (.text)
                  c011cc20    00000f00     lv_draw_label.obj (.text)
                  c011db20    00000e40     lv_style_gen.obj (.text)
                  c011e960    00000e00     drivers.lib : raster.obj (.text)
                  c011f760    00000da0     lv_disp.obj (.text)
                  c0120500    00000d80     lv_group.obj (.text)
                  c0121280    00000d60     lv_anim.obj (.text)
                  c0121fe0    00000d40     lv_calendar.obj (.text)
                  c0122d20    00000ca0     lv_obj_tree.obj (.text)
                  c01239c0    00000c60     lv_draw_sw_img.obj (.text)
                  c0124620    00000b60     utils.lib : uartStdio.obj (.text)
                  c0125180    00000b20     lv_draw_arc.obj (.text)
                  c0125ca0    00000ac0     lv_tabview.obj (.text)
                  c0126760    00000aa0     lv_style.obj (.text)
                  c0127200    00000a40     lv_color.obj (.text)
                  c0127c40    00000a20     lv_draw_sw_gradient.obj (.text)
                  c0128660    000009a0     lv_draw_sw_letter.obj (.text)
                  c0129000    00000940     lv_checkbox.obj (.text)
                  c0129940    00000920     lv_font_fmt_txt.obj (.text)
                  c012a260    00000900     lv_switch.obj (.text)
                  c012ab60    00000880     lv_draw_img.obj (.text)
                  c012b3e0    00000820     drivers.lib : timer.obj (.text)
                  c012bc00    00000820     lv_keyboard.obj (.text)
                  c012c420    00000800     lv_draw_sw_polygon.obj (.text)
                  c012cc20    000006e0     lv_math.obj (.text)
                  c012d300    000006a0     lv_led.obj (.text)
                  c012d9a0    00000600     lv_ll.obj (.text)
                  c012dfa0    000005e0     lv_line.obj (.text)
                  c012e580    000005e0     system_config.lib : interrupt.obj (.text)
                  c012eb60    00000580     drivers.lib : gpio.obj (.text)
                  c012f0e0    00000580                 : uart.obj (.text)
                  c012f660    00000520     lv_timer.obj (.text)
                  c012fb80    00000500     lv_tileview.obj (.text)
                  c0130080    000004e0     lv_obj_class.obj (.text)
                  c0130560    00000360     LCD.obj (.text)
                  c01308c0    00000360     lv_calendar_header_arrow.obj (.text)
                  c0130c20    00000340     lv_hal_indev.obj (.text)
                  c0130f60    00000260     rts6740_elf.lib : imath64.c.obj (.text:__c6xabi_divull)
                  c01311c0    00000260     lv_calendar_header_dropdown.obj (.text)
                  c0131420    00000260     lv_draw_sw.obj (.text)
                  c0131680    00000240     lv_spinner.obj (.text)
                  c01318c0    00000220     lv_draw_rect.obj (.text)
                  c0131ae0    00000220     lv_font.obj (.text)
                  c0131d00    00000200     lv_theme.obj (.text)
                  c0131f00    00000100     Timer.obj (.text)
                  c0132000    00000200     system_config.lib : intvecs.obj (.text)
                  c0132200    000001e0     lv_win.obj (.text)
                  c01323e0    000001a0     lv_port_disp_c674x.obj (.text)
                  c0132580    00000140     Platform.lib : UARTConsole.obj (.text)
                  c01326c0    00000140     drivers.lib : psc.obj (.text)
                  c0132800    00000140     lv_gc.obj (.text)
                  c0132940    00000120     lv_draw_line.obj (.text)
                  c0132a60    00000120     lv_example_get_started_1.obj (.text)
                  c0132b80    00000120     lv_port_indev_c674x.obj (.text)
                  c0132ca0    00000100     rts6740_elf.lib : copy_decompress_rle.c.obj (.text:__TI_decompress_rle_core)
                  c0132da0    00000100     lv_img_cache.obj (.text)
                  c0132ea0    000000e0     rts6740_elf.lib : divi.asm.obj (.text:__divi)
                  c0132f80    000000e0                     : exit.c.obj (.text:exit)
                  c0133060    000000e0                     : memset.c.obj (.text:memset)
                  c0133140    000000c0                     : autoinit.c.obj (.text:__TI_auto_init_nobinit_nopinit:__TI_auto_init_nobinit_nopinit)
                  c0133200    000000c0                     : divu.asm.obj (.text:__divu)
                  c01332c0    000000c0                     : remi.asm.obj (.text:__remi)
                  c0133380    000000c0     lv_async.obj (.text)
                  c0133440    000000c0     lv_utils.obj (.text)
                  c0133500    000000c0     rts6740_elf.lib : tls.c.obj (.text:tls:init:__TI_tls_init)
                  c01335c0    000000a0                     : remu.asm.obj (.text:__remu)
                  c0133660    000000a0     lv_hal_tick.obj (.text)
                  c0133700    000000a0     main.obj (.text)
                  c01337a0    000000a0     rts6740_elf.lib : memcpy64.asm.obj (.text:memcpy)
                  c0133840    00000080                     : llshift.c.obj (.text:__c6xabi_llshl)
                  c01338c0    00000080                     : boot.c.obj (.text:_c_int00)
                  c0133940    00000080                     : strcat.c.obj (.text:strcat)
                  c01339c0    00000060                     : llshift.c.obj (.text:__c6xabi_llshru)
                  c0133a20    00000060                     : imath64.c.obj (.text:__c6xabi_remull)
                  c0133a80    00000060                     : imath64.c.obj (.text:_subcull)
                  c0133ae0    00000060     lv_btn.obj (.text)
                  c0133b40    00000060     rts6740_elf.lib : strcmp.c.obj (.text:strcmp)
                  c0133ba0    00000060                     : strcpy.c.obj (.text:strcpy)
                  c0133c00    00000040                     : args_main.c.obj (.text:_args_main)
                  c0133c40    00000040                     : strlen.c.obj (.text:strlen)
                  c0133c80    00000020                     : startup.c.obj (.text:_system_post_cinit)
                  c0133ca0    00000020                     : pre_init.c.obj (.text:_system_pre_init)
                  c0133cc0    00000020                     : exit.c.obj (.text:abort)
                  c0133ce0    00000020                     : copy_decompress_none.c.obj (.text:decompress:none:__TI_decompress_none)
                  c0133d00    00000020                     : copy_decompress_rle.c.obj (.text:decompress:rle24:__TI_decompress_rle24)
                  c0133d20    00000020     lv_draw.obj (.text)
                  c0133d40    00000020     lv_extra.obj (.text)

.const     0    00800000    0000477a     
                  00800000    00002280     lv_font_montserrat_14.obj (.const:.string:glyph_bitmap)
                  00802280    00000bad     lv_font_montserrat_14.obj (.const:.string:kern_class_values)
                  00802e2d    00000003     --HOLE-- [fill = 0]
                  00802e30    000004f0     lv_font_montserrat_14.obj (.const:glyph_dsc)
                  00803320    0000028c     lv_calendar_header_dropdown.obj (.const:.string)
                  008035ac    00000004     lv_obj_scroll.obj (.const:$P$T0$1)
                  008035b0    00000100     lv_draw_sw_letter.obj (.const:.string:_lv_bpp8_opa_table)
                  008036b0    000000e8     lv_keyboard.obj (.const:.string)
                  00803798    000000be     lv_color.obj (.const:colors$2)
                  00803856    00000002     --HOLE-- [fill = 0]
                  00803858    000000b6     lv_math.obj (.const:sin0_90_table)
                  0080390e    00000002     --HOLE-- [fill = 0]
                  00803910    000000b0     lv_keyboard.obj (.const:default_kb_map_lc)
                  008039c0    000000b0     lv_keyboard.obj (.const:default_kb_map_spec)
                  00803a70    000000b0     lv_keyboard.obj (.const:default_kb_map_uc)
                  00803b20    0000009e     lv_font_montserrat_14.obj (.const:.string:kern_left_class_mapping)
                  00803bbe    00000002     --HOLE-- [fill = 0]
                  00803bc0    0000009e     lv_font_montserrat_14.obj (.const:.string:kern_right_class_mapping)
                  00803c5e    00000002     --HOLE-- [fill = 0]
                  00803c60    00000098     lv_color.obj (.const:colors$3)
                  00803cf8    0000007c     lv_font_montserrat_14.obj (.const:unicode_list_1)
                  00803d74    00000004     lv_obj_pos.obj (.const:$P$T0$2)
                  00803d78    00000070     lv_style.obj (.const:.string:_lv_style_builtin_prop_flag_lookup_table)
                  00803de8    00000064     lv_calendar_header_arrow.obj (.const:.string)
                  00803e4c    00000004     lv_obj_scroll.obj (.const:$P$T1$2)
                  00803e50    00000054     lv_keyboard.obj (.const:default_kb_map_num)
                  00803ea4    00000004     lv_obj_pos.obj (.const:$P$T1$3)
                  00803ea8    00000050     lv_keyboard.obj (.const:default_kb_ctrl_lc_map)
                  00803ef8    00000050     lv_keyboard.obj (.const:default_kb_ctrl_spec_map)
                  00803f48    00000050     lv_keyboard.obj (.const:default_kb_ctrl_uc_map)
                  00803f98    00000034     lv_refr.obj (.const:.string)
                  00803fcc    00000030     lv_roller.obj (.const:.string)
                  00803ffc    00000004     lv_chart.obj (.const:.string)
                  00804000    0000002c     lv_theme_default.obj (.const:trans_props$1)
                  0080402c    00000004     lv_draw_label.obj (.const:.string)
                  00804030    00000028     lv_font_montserrat_14.obj (.const:cmaps)
                  00804058    00000026     lv_color.obj (.const:colors$1)
                  0080407e    00000002     --HOLE-- [fill = 0]
                  00804080    00000024     lv_dropdown.obj (.const:.string)
                  008040a4    00000024     main.obj (.const:.string)
                  008040c8    00000022     lv_keyboard.obj (.const:default_kb_ctrl_num_map)
                  008040ea    00000002     --HOLE-- [fill = 0]
                  008040ec    00000004     lv_fs.obj (.const:.string)
                  008040f0    00000021     lv_draw_sw_line.obj (.const:.string:wcorr$1)
                  00804111    00000003     --HOLE-- [fill = 0]
                  00804114    0000001c     lv_draw_sw_rect.obj (.const:$P$T0$1)
                  00804130    0000001c     lv_btnmatrix.obj (.const:.string)
                  0080414c    0000001c     lv_calendar.obj (.const:.string)
                  00804168    0000001c     utils.lib : uartStdio.obj (.const:.string)
                  00804184    0000001c     lv_arc.obj (.const:lv_arc_class)
                  008041a0    0000001c     lv_bar.obj (.const:lv_bar_class)
                  008041bc    0000001c     lv_btn.obj (.const:lv_btn_class)
                  008041d8    0000001c     lv_btnmatrix.obj (.const:lv_btnmatrix_class)
                  008041f4    0000001c     lv_calendar.obj (.const:lv_calendar_class)
                  00804210    0000001c     lv_calendar_header_arrow.obj (.const:lv_calendar_header_arrow_class)
                  0080422c    0000001c     lv_calendar_header_dropdown.obj (.const:lv_calendar_header_dropdown_class)
                  00804248    0000001c     lv_chart.obj (.const:lv_chart_class)
                  00804264    0000001c     lv_checkbox.obj (.const:lv_checkbox_class)
                  00804280    0000001c     lv_colorwheel.obj (.const:lv_colorwheel_class)
                  0080429c    0000001c     lv_dropdown.obj (.const:lv_dropdown_class)
                  008042b8    0000001c     lv_dropdown.obj (.const:lv_dropdownlist_class)
                  008042d4    0000001c     lv_font_montserrat_14.obj (.const:lv_font_montserrat_14)
                  008042f0    0000001c     lv_img.obj (.const:lv_img_class)
                  0080430c    0000001c     lv_keyboard.obj (.const:lv_keyboard_class)
                  00804328    0000001c     lv_label.obj (.const:lv_label_class)
                  00804344    0000001c     lv_led.obj (.const:lv_led_class)
                  00804360    0000001c     lv_line.obj (.const:lv_line_class)
                  0080437c    0000001c     lv_list.obj (.const:lv_list_btn_class)
                  00804398    0000001c     lv_list.obj (.const:lv_list_class)
                  008043b4    0000001c     lv_list.obj (.const:lv_list_text_class)
                  008043d0    0000001c     lv_menu.obj (.const:lv_menu_class)
                  008043ec    0000001c     lv_menu.obj (.const:lv_menu_cont_class)
                  00804408    0000001c     lv_menu.obj (.const:lv_menu_main_cont_class)
                  00804424    0000001c     lv_menu.obj (.const:lv_menu_main_header_cont_class)
                  00804440    0000001c     lv_menu.obj (.const:lv_menu_page_class)
                  0080445c    0000001c     lv_menu.obj (.const:lv_menu_section_class)
                  00804478    0000001c     lv_menu.obj (.const:lv_menu_separator_class)
                  00804494    0000001c     lv_menu.obj (.const:lv_menu_sidebar_cont_class)
                  008044b0    0000001c     lv_menu.obj (.const:lv_menu_sidebar_header_cont_class)
                  008044cc    0000001c     lv_meter.obj (.const:lv_meter_class)
                  008044e8    0000001c     lv_msgbox.obj (.const:lv_msgbox_backdrop_class)
                  00804504    0000001c     lv_msgbox.obj (.const:lv_msgbox_class)
                  00804520    0000001c     lv_obj.obj (.const:lv_obj_class)
                  0080453c    0000001c     lv_roller.obj (.const:lv_roller_class)
                  00804558    0000001c     lv_roller.obj (.const:lv_roller_label_class)
                  00804574    0000001c     lv_slider.obj (.const:lv_slider_class)
                  00804590    0000001c     lv_spinbox.obj (.const:lv_spinbox_class)
                  008045ac    0000001c     lv_spinner.obj (.const:lv_spinner_class)
                  008045c8    0000001c     lv_switch.obj (.const:lv_switch_class)
                  008045e4    0000001c     lv_table.obj (.const:lv_table_class)
                  00804600    0000001c     lv_tabview.obj (.const:lv_tabview_class)
                  0080461c    0000001c     lv_textarea.obj (.const:lv_textarea_class)
                  00804638    0000001c     lv_tileview.obj (.const:lv_tileview_class)
                  00804654    0000001c     lv_tileview.obj (.const:lv_tileview_tile_class)
                  00804670    0000001c     lv_win.obj (.const:lv_win_class)
                  0080468c    00000018     lv_font_montserrat_14.obj (.const:font_dsc)
                  008046a4    00000014     lv_example_get_started_1.obj (.const:.string)
                  008046b8    00000010     lv_img_buf.obj (.const:.string:$P$T2$2)
                  008046c8    00000010     lv_img_decoder.obj (.const:.string:$P$T3$3)
                  008046d8    00000010     lv_draw_sw_letter.obj (.const:.string:_lv_bpp4_opa_table)
                  008046e8    00000010     lv_font_montserrat_14.obj (.const:kern_classes)
                  008046f8    0000000c     lv_checkbox.obj (.const:.string)
                  00804704    0000000c     lv_txt.obj (.const:.string)
                  00804710    00000008     lv_draw_sw_polygon.obj (.const:$P$T0$1)
                  00804718    00000008     lv_tlsf.obj (.const:$P$T0$1)
                  00804720    00000008     lv_draw_img.obj (.const:.string)
                  00804728    00000008     lv_label.obj (.const:.string)
                  00804730    00000008     lv_textarea.obj (.const:.string)
                  00804738    00000004     lv_img_buf.obj (.const:.string:$P$T1$1)
                  0080473c    00000004     lv_img_decoder.obj (.const:.string)
                  00804740    00000004     lv_img_decoder.obj (.const:.string:$P$T2$2)
                  00804744    00000004     lv_menu.obj (.const:.string)
                  00804748    00000004     lv_draw_sw_letter.obj (.const:.string:_lv_bpp2_opa_table)
                  0080474c    00000004     lv_meter.obj (.const:.string)
                  00804750    00000004     lv_obj.obj (.const:.string)
                  00804754    00000004     lv_spinbox.obj (.const:.string)
                  00804758    00000004     lv_table.obj (.const:.string)
                  0080475c    00000004     lv_tabview.obj (.const:.string)
                  00804760    00000004     lv_theme_default.obj (.const:.string)
                  00804764    00000004     --HOLE-- [fill = 0]
                  00804768    00000002     lv_textarea.obj (.const:.string:$P$T0$1)
                  0080476a    00000006     --HOLE-- [fill = 0]
                  00804770    00000002     lv_img_decoder.obj (.const:.string:$P$T1$1)
                  00804772    00000006     --HOLE-- [fill = 0]
                  00804778    00000002     lv_draw_sw_letter.obj (.const:.string:_lv_bpp1_opa_table)

.switch    0    00806780    00000538     
                  00806780    000000dc     lv_style.obj (.switch:lv_style_prop_get_default)
                  0080685c    00000070     lv_event.obj (.switch:event_is_bubbled)
                  008068cc    0000005c     lv_printf.obj (.switch:_vsnprintf)
                  00806928    00000054     lv_area.obj (.switch:lv_area_align)
                  0080697c    00000054     lv_obj_pos.obj (.switch:lv_obj_align_to)
                  008069d0    00000044     lv_obj_pos.obj (.switch:calc_content_width)
                  00806a14    00000040     lv_tabview.obj (.switch:lv_tabview_constructor)
                  00806a54    0000003c     lv_draw_img.obj (.switch:lv_img_cf_get_px_size)
                  00806a90    0000003c     lv_disp.obj (.switch:lv_scr_load_anim)
                  00806acc    00000034     lv_draw_img.obj (.switch:lv_img_cf_has_alpha)
                  00806b00    0000002c     lv_img_buf.obj (.switch:lv_img_buf_get_img_size)
                  00806b2c    00000028     lv_hal_disp.obj (.switch:lv_disp_drv_use_generic_set_px_cb)
                  00806b54    00000024     utils.lib : uartStdio.obj (.switch:UARTprintf)
                  00806b78    00000020     lv_draw_sw_letter.obj (.switch:draw_letter_normal)
                  00806b98    00000020     lv_grid.obj (.switch:item_repos)
                  00806bb8    00000020     lv_obj_pos.obj (.switch:lv_obj_refr_pos)
                  00806bd8    0000001c     lv_grid.obj (.switch:grid_align)
                  00806bf4    0000001c     lv_obj_style.obj (.switch:trans_anim_cb)
                  00806c10    00000018     lv_draw_label.obj (.switch:hex_char_to_num)
                  00806c28    00000014     lv_chart.obj (.switch:get_tick_gsc)
                  00806c3c    00000014     lv_chart.obj (.switch:lv_chart_set_range)
                  00806c50    00000014     lv_color.obj (.switch:lv_color_hsv_to_rgb)
                  00806c64    00000014     lv_flex.obj (.switch:place_content)
                  00806c78    00000010     drivers.lib : gpio.obj (.switch:GPIOIntTypeSet)
                  00806c88    00000010     lv_obj_pos.obj (.switch:calc_content_height)
                  00806c98    00000010     lv_img_decoder.obj (.switch:lv_img_decoder_built_in_line_alpha)
                  00806ca8    00000010     lv_img_decoder.obj (.switch:lv_img_decoder_built_in_line_indexed)

.cinit     0    00806ec0    00000158     
                  00806ec0    000000ba     (.cinit..fardata.load) [load image, compression = rle]
                  00806f7a    0000004a     (.cinit..neardata.load) [load image, compression = rle]
                  00806fc4    0000000d     (.cinit..far.load) [load image, compression = rle]
                  00806fd1    0000000a     (.cinit..rodata.load) [load image, compression = rle]
                  00806fdb    00000009     (.cinit..bss.load) [load image, compression = rle]
                  00806fe4    00000008     (__TI_handler_table)
                  00806fec    00000004     --HOLE-- [fill = 0]
                  00806ff0    00000028     (__TI_cinit_table)

.init_array 
*          0    00800000    00000000     UNINITIALIZED

.neardata 
*          0    00806cb8    0000007f     UNINITIALIZED
                  00806cb8    00000020     lv_txt.obj (.neardata)
                  00806cd8    00000010     lv_timer.obj (.neardata)
                  00806ce8    00000009     lv_draw_sw_gradient.obj (.neardata)
                  00806cf1    00000003     lv_hal_disp.obj (.neardata)
                  00806cf4    00000008     lv_calendar_header_dropdown.obj (.neardata)
                  00806cfc    00000008     lv_draw_sw_letter.obj (.neardata)
                  00806d04    00000008     lv_indev.obj (.neardata)
                  00806d0c    00000008     lv_obj.obj (.neardata)
                  00806d14    00000006     lv_style.obj (.neardata)
                  00806d1a    00000005     lv_colorwheel.obj (.neardata)
                  00806d1f    00000001     lv_example_get_started_1.obj (.neardata)
                  00806d20    00000004     lv_event.obj (.neardata)
                  00806d24    00000004     lv_hal_tick.obj (.neardata)
                  00806d28    00000004     lv_math.obj (.neardata)
                  00806d2c    00000004     lv_mem.obj (.neardata)
                  00806d30    00000004     lv_port_indev_c674x.obj (.neardata)
                  00806d34    00000001     lv_obj_pos.obj (.neardata)
                  00806d35    00000001     lv_obj_style.obj (.neardata)
                  00806d36    00000001     lv_theme_default.obj (.neardata)

.rodata    0    00806d38    00000004     UNINITIALIZED
                  00806d38    00000004     utils.lib : uartStdio.obj (.rodata)

.bss       0    00806d3c    000000b6     UNINITIALIZED
                  00806d3c    0000000c     lv_anim.obj (.bss)
                  00806d48    0000000c     lv_tileview.obj (.bss)
                  00806d54    00000008     lv_refr.obj (.bss)
                  00806d5c    00000008     lv_spinner.obj (.bss)
                  00806d64    00000008     lv_theme_default.obj (.bss)
                  00806d6c    00000004     lv_event.obj (.bss)
                  00806d70    00000004     lv_group.obj (.bss)
                  00806d74    00000004     lv_hal_disp.obj (.bss)
                  00806d78    00000004     lv_indev.obj (.bss)
                  00806d7c    00000004     lv_mem.obj (.bss)
                  00806d80    00000004     lv_obj_pos.obj (.bss)
                  00806d84    00000004     lv_tabview.obj (.bss)
                  00806d88    00000004     lv_textarea.obj (.bss)
                  00806d8c    00000004     (.common:LV_LAYOUT_FLEX)
                  00806d90    00000004     (.common:LV_LAYOUT_GRID)
                  00806d94    00000004     (.common:LV_STYLE_FLEX_CROSS_PLACE)
                  00806d98    00000004     (.common:LV_STYLE_FLEX_FLOW)
                  00806d9c    00000004     (.common:LV_STYLE_FLEX_GROW)
                  00806da0    00000004     (.common:LV_STYLE_FLEX_MAIN_PLACE)
                  00806da4    00000004     (.common:LV_STYLE_FLEX_TRACK_PLACE)
                  00806da8    00000004     (.common:LV_STYLE_GRID_CELL_COLUMN_POS)
                  00806dac    00000004     (.common:LV_STYLE_GRID_CELL_COLUMN_SPAN)
                  00806db0    00000004     (.common:LV_STYLE_GRID_CELL_ROW_POS)
                  00806db4    00000004     (.common:LV_STYLE_GRID_CELL_ROW_SPAN)
                  00806db8    00000004     (.common:LV_STYLE_GRID_CELL_X_ALIGN)
                  00806dbc    00000004     (.common:LV_STYLE_GRID_CELL_Y_ALIGN)
                  00806dc0    00000004     (.common:LV_STYLE_GRID_COLUMN_ALIGN)
                  00806dc4    00000004     (.common:LV_STYLE_GRID_COLUMN_DSC_ARRAY)
                  00806dc8    00000004     (.common:LV_STYLE_GRID_ROW_ALIGN)
                  00806dcc    00000004     (.common:LV_STYLE_GRID_ROW_DSC_ARRAY)
                  00806dd0    00000004     (.common:_lv_grad_cache_mem)
                  00806dd4    00000004     (.common:_lv_layout_list)
                  00806dd8    00000004     (.common:_lv_style_custom_prop_flag_lookup_table)
                  00806ddc    00000004     (.common:_lv_theme_basic_styles)
                  00806de0    00000004     (.common:_lv_theme_default_styles)
                  00806de4    00000004     (.common:_lv_timer_act)
                  00806de8    00000004     (.common:indev_touchpad)
                  00806dec    00000002     lv_timer.obj (.bss)
                  00806dee    00000002     lv_win.obj (.bss)
                  00806df0    00000001     lv_colorwheel.obj (.bss)
                  00806df1    00000001     lv_hal_tick.obj (.bss)

.fardata   0    00806df8    000000c8     UNINITIALIZED
                  00806df8    00000030     lv_calendar_header_arrow.obj (.fardata:month_names_def)
                  00806e28    00000024     lv_keyboard.obj (.fardata:kb_ctrl)
                  00806e4c    00000002     lv_hal_disp.obj (.fardata:bg_color_save$4)
                  00806e4e    00000002     lv_hal_disp.obj (.fardata:fg_color_save$3)
                  00806e50    00000024     lv_keyboard.obj (.fardata:kb_map)
                  00806e74    00000002     lv_hal_disp.obj (.fardata:res_color_saved$5)
                  00806e76    00000002     --HOLE--
                  00806e78    0000001c     lv_calendar.obj (.fardata:day_names_def)
                  00806e94    00000004     --HOLE--
                  00806e98    0000001c     lv_btnmatrix.obj (.fardata:lv_btnmatrix_def_map)
                  00806eb4    0000000c     rts6740_elf.lib : exit.c.obj (.fardata)

.far       0    c0000000    000c3b9e     UNINITIALIZED
                  c0000000    000bb824     (.common:g_pucBuffer)
                  c00bb824    00000002     lv_theme_default.obj (.far:color_card)
                  c00bb826    00000002     lv_theme_default.obj (.far:color_grey)
                  c00bb828    00003e80     lv_port_disp_c674x.obj (.far:buf_1$2)
                  c00bf6a8    00003e80     lv_port_disp_c674x.obj (.far:buf_2$3)
                  c00c3528    00000240     system_config.lib : interrupt.obj (.far)
                  c00c3768    00000100     lv_draw_sw_letter.obj (.far:opa_table$1)
                  c00c3868    00000080     (.common:_lv_draw_mask_list)
                  c00c38e8    00000080     (.common:lv_mem_buf)
                  c00c3968    00000070     (.common:_lv_circle_cache)
                  c00c39d8    0000004c     (.common:disp_drv)
                  c00c3a24    0000002c     (.common:_lv_img_cache_single)
                  c00c3a50    0000002a     (.common:TouchInfo)
                  c00c3a7a    00000002     lv_theme_default.obj (.far:color_scr)
                  c00c3a7c    00000024     lv_theme_default.obj (.far:theme)
                  c00c3aa0    00000020     lv_port_indev_c674x.obj (.far:indev_drv$1)
                  c00c3ac0    0000001c     lv_port_disp_c674x.obj (.far:draw_buf_dsc$1)
                  c00c3adc    00000018     lv_refr.obj (.far:perf_monitor)
                  c00c3af4    00000014     lv_theme_default.obj (.far:trans_delayed$2)
                  c00c3b08    00000014     lv_theme_default.obj (.far:trans_normal$3)
                  c00c3b1c    0000000c     (.common:_lv_anim_ll)
                  c00c3b28    0000000c     (.common:_lv_disp_ll)
                  c00c3b34    0000000c     (.common:_lv_fsdrv_ll)
                  c00c3b40    0000000c     (.common:_lv_group_ll)
                  c00c3b4c    0000000c     (.common:_lv_img_decoder_ll)
                  c00c3b58    0000000c     (.common:_lv_indev_ll)
                  c00c3b64    0000000c     (.common:_lv_obj_style_trans_ll)
                  c00c3b70    0000000c     (.common:_lv_timer_ll)
                  c00c3b7c    00000008     lv_font_montserrat_14.obj (.far:cache)
                  c00c3b84    00000008     lv_theme_default.obj (.far:dark_filter$4)
                  c00c3b8c    00000008     lv_theme_default.obj (.far:grey_filter$5)
                  c00c3b94    00000008     lv_refr.obj (.far:mem_monitor)
                  c00c3b9c    00000002     lv_theme_default.obj (.far:color_text)

MODULE SUMMARY

       Module                            code     ro data   rw data
       ------                            ----     -------   -------
    .\
       LCD.obj                           864      0         768036 
       Timer.obj                         256      0         0      
       main.obj                          160      36        0      
       Touch.obj                         0        0         42     
    +--+---------------------------------+--------+---------+---------+
       Total:                            1280     36        768078 
                                                                   
    .\LVGL\examples\get_started\
       lv_example_get_started_1.obj      288      20        1      
    +--+---------------------------------+--------+---------+---------+
       Total:                            288      20        1      
                                                                   
    .\LVGL\porting\
       lv_port_disp_c674x.obj            416      0         32104  
       lv_port_indev_c674x.obj           288      0         40     
    +--+---------------------------------+--------+---------+---------+
       Total:                            704      0         32144  
                                                                   
    .\LVGL\src\core\
       lv_obj_pos.obj                    12672    208       5      
       lv_obj_scroll.obj                 10656    8         0      
       lv_obj_style.obj                  10208    28        1      
       lv_refr.obj                       9440     52        40     
       lv_indev.obj                      9440     0         12     
       lv_obj.obj                        8512     32        8      
       lv_indev_scroll.obj               6944     0         0      
       lv_obj_draw.obj                   5632     0         0      
       lv_event.obj                      4256     112       8      
       lv_obj_style_gen.obj              4064     0         0      
       lv_disp.obj                       3488     60        0      
       lv_group.obj                      3456     0         4      
       lv_obj_tree.obj                   3232     0         0      
       lv_obj_class.obj                  1248     0         0      
       lv_theme.obj                      512      0         0      
    +--+---------------------------------+--------+---------+---------+
       Total:                            93760    500       78     
                                                                   
    .\LVGL\src\draw\
       lv_draw_mask.obj                  17792    0         0      
       lv_img_buf.obj                    10848    64        0      
       lv_img_decoder.obj                6016     58        0      
       lv_draw_label.obj                 3840     28        0      
       lv_draw_arc.obj                   2848     0         0      
       lv_draw_img.obj                   2176     120       0      
       lv_draw_rect.obj                  544      0         0      
       lv_draw_line.obj                  288      0         0      
       lv_img_cache.obj                  256      0         0      
       lv_draw.obj                       32       0         0      
    +--+---------------------------------+--------+---------+---------+
       Total:                            44640    270       0      
                                                                   
    .\LVGL\src\draw\sw\
       lv_draw_sw_rect.obj               16640    28        0      
       lv_draw_sw_blend.obj              8448     0         0      
       lv_draw_sw_arc.obj                7424     0         0      
       lv_draw_sw_line.obj               4512     33        0      
       lv_draw_sw_img.obj                3168     0         0      
       lv_draw_sw_letter.obj             2464     310       264    
       lv_draw_sw_gradient.obj           2592     0         9      
       lv_draw_sw_polygon.obj            2048     8         0      
       lv_draw_sw.obj                    608      0         0      
    +--+---------------------------------+--------+---------+---------+
       Total:                            47904    379       273    
                                                                   
    .\LVGL\src\extra\
       lv_extra.obj                      32       0         0      
    +--+---------------------------------+--------+---------+---------+
       Total:                            32       0         0      
                                                                   
    .\LVGL\src\extra\layouts\flex\
       lv_flex.obj                       7488     20        24     
    +--+---------------------------------+--------+---------+---------+
       Total:                            7488     20        24     
                                                                   
    .\LVGL\src\extra\layouts\grid\
       lv_grid.obj                       7776     60        44     
    +--+---------------------------------+--------+---------+---------+
       Total:                            7776     60        44     
                                                                   
    .\LVGL\src\extra\themes\default\
       lv_theme_default.obj              20768    48        109    
    +--+---------------------------------+--------+---------+---------+
       Total:                            20768    48        109    
                                                                   
    .\LVGL\src\extra\widgets\calendar\
       lv_calendar.obj                   3392     56        28     
       lv_calendar_header_dropdown.obj   608      680       8      
       lv_calendar_header_arrow.obj      864      128       48     
    +--+---------------------------------+--------+---------+---------+
       Total:                            4864     864       84     
                                                                   
    .\LVGL\src\extra\widgets\chart\
       lv_chart.obj                      20416    72        0      
    +--+---------------------------------+--------+---------+---------+
       Total:                            20416    72        0      
                                                                   
    .\LVGL\src\extra\widgets\colorwheel\
       lv_colorwheel.obj                 6752     28        6      
    +--+---------------------------------+--------+---------+---------+
       Total:                            6752     28        6      
                                                                   
    .\LVGL\src\extra\widgets\keyboard\
       lv_keyboard.obj                   2080     1146      72     
    +--+---------------------------------+--------+---------+---------+
       Total:                            2080     1146      72     
                                                                   
    .\LVGL\src\extra\widgets\led\
       lv_led.obj                        1696     28        0      
    +--+---------------------------------+--------+---------+---------+
       Total:                            1696     28        0      
                                                                   
    .\LVGL\src\extra\widgets\list\
       lv_list.obj                       0        84        0      
    +--+---------------------------------+--------+---------+---------+
       Total:                            0        84        0      
                                                                   
    .\LVGL\src\extra\widgets\menu\
       lv_menu.obj                       4640     256       0      
    +--+---------------------------------+--------+---------+---------+
       Total:                            4640     256       0      
                                                                   
    .\LVGL\src\extra\widgets\meter\
       lv_meter.obj                      7968     32        0      
    +--+---------------------------------+--------+---------+---------+
       Total:                            7968     32        0      
                                                                   
    .\LVGL\src\extra\widgets\msgbox\
       lv_msgbox.obj                     0        56        0      
    +--+---------------------------------+--------+---------+---------+
       Total:                            0        56        0      
                                                                   
    .\LVGL\src\extra\widgets\spinbox\
       lv_spinbox.obj                    3872     32        0      
    +--+---------------------------------+--------+---------+---------+
       Total:                            3872     32        0      
                                                                   
    .\LVGL\src\extra\widgets\spinner\
       lv_spinner.obj                    576      28        8      
    +--+---------------------------------+--------+---------+---------+
       Total:                            576      28        8      
                                                                   
    .\LVGL\src\extra\widgets\tabview\
       lv_tabview.obj                    2752     96        4      
    +--+---------------------------------+--------+---------+---------+
       Total:                            2752     96        4      
                                                                   
    .\LVGL\src\extra\widgets\tileview\
       lv_tileview.obj                   1280     56        12     
    +--+---------------------------------+--------+---------+---------+
       Total:                            1280     56        12     
                                                                   
    .\LVGL\src\extra\widgets\win\
       lv_win.obj                        480      28        2      
    +--+---------------------------------+--------+---------+---------+
       Total:                            480      28        2      
                                                                   
    .\LVGL\src\font\
       lv_font_montserrat_14.obj         0        13633     8      
       lv_font_fmt_txt.obj               2336     0         0      
       lv_font.obj                       544      0         0      
    +--+---------------------------------+--------+---------+---------+
       Total:                            2880     13633     8      
                                                                   
    .\LVGL\src\hal\
       lv_hal_disp.obj                   5760     40        13     
       lv_hal_indev.obj                  832      0         0      
       lv_hal_tick.obj                   160      0         5      
    +--+---------------------------------+--------+---------+---------+
       Total:                            6752     40        18     
                                                                   
    .\LVGL\src\misc\
       lv_tlsf.obj                       7552     8         0      
       lv_txt.obj                        5152     12        32     
       lv_printf.obj                     5024     92        0      
       lv_mem.obj                        4416     0         8      
       lv_area.obj                       4288     84        0      
       lv_fs.obj                         3872     4         0      
       lv_style_gen.obj                  3648     0         0      
       lv_anim.obj                       3424     0         12     
       lv_style.obj                      2720     332       6      
       lv_color.obj                      2624     400       0      
       lv_math.obj                       1760     182       4      
       lv_ll.obj                         1536     0         0      
       lv_timer.obj                      1312     0         18     
       lv_gc.obj                         320      0         532    
       lv_async.obj                      192      0         0      
       lv_utils.obj                      192      0         0      
    +--+---------------------------------+--------+---------+---------+
       Total:                            48032    1114      612    
                                                                   
    .\LVGL\src\widgets\
       lv_btnmatrix.obj                  11712    56        28     
       lv_table.obj                      11456    32        0      
       lv_label.obj                      10720    36        0      
       lv_textarea.obj                   10656    38        4      
       lv_dropdown.obj                   9280     92        0      
       lv_arc.obj                        8480     28        0      
       lv_img.obj                        7968     28        0      
       lv_roller.obj                     6624     104       0      
       lv_bar.obj                        6048     28        0      
       lv_slider.obj                     5568     28        0      
       lv_checkbox.obj                   2368     40        0      
       lv_switch.obj                     2304     28        0      
       lv_line.obj                       1504     28        0      
       lv_btn.obj                        96       28        0      
    +--+---------------------------------+--------+---------+---------+
       Total:                            94784    594       32     
                                                                   
    ../../Library/StarterWare/Drivers/Debug/drivers.lib
       raster.obj                        3584     0         0      
       timer.obj                         2080     0         0      
       gpio.obj                          1408     16        0      
       uart.obj                          1408     0         0      
       psc.obj                           320      0         0      
    +--+---------------------------------+--------+---------+---------+
       Total:                            8800     16        0      
                                                                   
    ../../Library/StarterWare/Platform/Debug/Platform.lib
       UARTConsole.obj                   320      0         0      
    +--+---------------------------------+--------+---------+---------+
       Total:                            320      0         0      
                                                                   
    ../../Library/StarterWare/SystemConfig/Debug/system_config.lib
       interrupt.obj                     8320     0         576    
       intvecs.obj                       512      0         0      
    +--+---------------------------------+--------+---------+---------+
       Total:                            8832     0         576    
                                                                   
    ../../Library/StarterWare/utils/Debug/utils.lib
       uartStdio.obj                     2912     68        0      
    +--+---------------------------------+--------+---------+---------+
       Total:                            2912     68        0      
                                                                   
    C:\ti\ti-cgt-c6000_8.3.12\lib\rts6740_elf.lib
       imath64.c.obj                     800      0         0      
       copy_decompress_rle.c.obj         288      0         0      
       exit.c.obj                        256      0         12     
       divi.asm.obj                      224      0         0      
       llshift.c.obj                     224      0         0      
       memset.c.obj                      224      0         0      
       autoinit.c.obj                    192      0         0      
       divu.asm.obj                      192      0         0      
       remi.asm.obj                      192      0         0      
       tls.c.obj                         192      0         0      
       memcpy64.asm.obj                  160      0         0      
       remu.asm.obj                      160      0         0      
       boot.c.obj                        128      0         0      
       strcat.c.obj                      128      0         0      
       strcmp.c.obj                      96       0         0      
       strcpy.c.obj                      96       0         0      
       args_main.c.obj                   64       0         0      
       strlen.c.obj                      64       0         0      
       copy_decompress_none.c.obj        32       0         0      
       pre_init.c.obj                    32       0         0      
       startup.c.obj                     32       0         0      
    +--+---------------------------------+--------+---------+---------+
       Total:                            3776     0         12     
                                                                   
       Heap:                             0        0         4096   
       Stack:                            0        0         4096   
       Linker Generated:                 0        340       0      
    +--+---------------------------------+--------+---------+---------+
       Grand Total:                      459104   19944     810389 


LINKER GENERATED COPY TABLES

__TI_cinit_table @ 00806ff0 records: 5, size/record: 8, table size: 40
	.fardata: load addr=00806ec0, load size=000000ba bytes, run addr=00806df8, run size=000000c8 bytes, compression=rle
	.neardata: load addr=00806f7a, load size=0000004a bytes, run addr=00806cb8, run size=0000007f bytes, compression=rle
	.far: load addr=00806fc4, load size=0000000d bytes, run addr=c0000000, run size=000c3b9e bytes, compression=rle
	.rodata: load addr=00806fd1, load size=0000000a bytes, run addr=00806d38, run size=00000004 bytes, compression=rle
	.bss: load addr=00806fdb, load size=00000009 bytes, run addr=00806d3c, run size=000000b6 bytes, compression=rle


LINKER GENERATED HANDLER TABLE

__TI_handler_table @ 00806fe4 records: 2, size/record: 4, table size: 8
	index: 0, handler: __TI_decompress_rle24
	index: 1, handler: __TI_decompress_none


GLOBAL SYMBOLS: SORTED ALPHABETICALLY BY Name 

address   name                                        
-------   ----                                        
c0133cc0  C$$EXIT                                     
c012e9d8  ExcCombineAdd                               
c012ea20  ExcCombineRemove                            
c012e9b8  ExcGlobalEnable                             
c012f004  GPIOBankIntDisable                          
c012efd4  GPIOBankIntEnable                           
c012f030  GPIOBankPinsWrite                           
c012ebf8  GPIODirModeGet                              
c012eb60  GPIODirModeSet                              
c012eea4  GPIOIntTypeGet                              
c012ed38  GPIOIntTypeSet                              
c012ef8c  GPIOPinIntClear                             
c012ef2c  GPIOPinIntStatus                            
c012ecd8  GPIOPinRead                                 
c012ec58  GPIOPinWrite                                
c012e580  IntDSPINTCInit                              
c012e930  IntDisable                                  
c012e900  IntEnable                                   
c012e6f8  IntEventClear                               
c012e834  IntEventCombineAdd                          
c012e730  IntEventCombineInit                         
c012e8d8  IntEventCombineRegister                     
c012e888  IntEventCombineRemove                       
c012e63c  IntEventMap                                 
c012e6c4  IntEventSet                                 
c012e98c  IntGlobalDisable                            
c012e978  IntGlobalEnable                             
c012e9a0  IntGlobalRestore                            
c012e5f0  IntRegister                                 
c012e964  IntReset                                    
c012e614  IntUnRegister                               
c0130704  InterruptInit                               
c0130680  LCDBacklightDisable                         
c0130654  LCDBacklightEnable                          
c0130738  LCDInit                                     
c01306ac  LCDIsr                                      
c0130730  LCDVersionGet                               
00806d8c  LV_LAYOUT_FLEX                              
00806d90  LV_LAYOUT_GRID                              
00806d94  LV_STYLE_FLEX_CROSS_PLACE                   
00806d98  LV_STYLE_FLEX_FLOW                          
00806d9c  LV_STYLE_FLEX_GROW                          
00806da0  LV_STYLE_FLEX_MAIN_PLACE                    
00806da4  LV_STYLE_FLEX_TRACK_PLACE                   
00806da8  LV_STYLE_GRID_CELL_COLUMN_POS               
00806dac  LV_STYLE_GRID_CELL_COLUMN_SPAN              
00806db0  LV_STYLE_GRID_CELL_ROW_POS                  
00806db4  LV_STYLE_GRID_CELL_ROW_SPAN                 
00806db8  LV_STYLE_GRID_CELL_X_ALIGN                  
00806dbc  LV_STYLE_GRID_CELL_Y_ALIGN                  
00806dc0  LV_STYLE_GRID_COLUMN_ALIGN                  
00806dc4  LV_STYLE_GRID_COLUMN_DSC_ARRAY              
00806dc8  LV_STYLE_GRID_ROW_ALIGN                     
00806dcc  LV_STYLE_GRID_ROW_DSC_ARRAY                 
c01326c0  PSCModuleControl                            
c011e9d4  RasterAutoUnderFlowDisable                  
c011e9b4  RasterAutoUnderFlowEnable                   
c011ef08  RasterByteSwapDisable                       
c011eee4  RasterByteSwapEnable                        
c011f094  RasterClearGetIntStatus                     
c011e960  RasterClkConfig                             
c011f2f4  RasterClocksEnable                          
c011f64c  RasterContextRestore                        
c011f564  RasterContextSave                           
c011eea8  RasterDMAConfig                             
c011f04c  RasterDMAFBConfig                           
c011f380  RasterDMASoftWareClkDisable                 
c011f358  RasterDMASoftWareClkEnable                  
c011ea18  RasterDisable                               
c011f488  RasterDmaMasterPrioritySet                  
c011e9f4  RasterEnable                                
c011ef50  RasterEndOfFrameIntDisable                  
c011ef2c  RasterEndOfFrameIntEnable                   
c011ec20  RasterFIFODMADelayConfig                    
c011ec68  RasterHparamConfig                          
c011e9a0  RasterIdGet                                 
c011f518  RasterIdleModeConfig                        
c011eb88  RasterIntDisable                            
c011eb20  RasterIntEnable                             
c011efd4  RasterIntRawStatus                          
c011f020  RasterIntRawStatusSet                       
c011ef74  RasterIntStatus                             
c011eae0  RasterLSBDataOrderSelect                    
c011eb00  RasterMSBDataOrderSelect                    
c011ea40  RasterModeConfig                            
c011ec00  RasterNibbleModeDisable                     
c011ebe0  RasterNibbleModeEnable                      
c011f334  RasterSoftWareClkDisable                    
c011f310  RasterSoftWareClkEnable                     
c011f414  RasterSoftWareResetControlDisable           
c011f3a4  RasterSoftWareResetControlEnable            
c011f4d0  RasterStandbyModeConfig                     
c011f150  RasterSubPanelConfig                        
c011f12c  RasterSubPanelDisable                       
c011f10c  RasterSubPanelEnable                        
c011ee34  RasterTiming2Configure                      
c011ed44  RasterVparamConfig                          
c012b8ac  TimerCaptureConfigure                       
c012b6a8  TimerCaptureGet                             
c012ba54  TimerClockModeSet                           
c012b6f8  TimerCompareGet                             
c012b6d4  TimerCompareSet                             
c012b474  TimerConfigure                              
c012b614  TimerCounterGet                             
c012b5e0  TimerCounterSet                             
c012b43c  TimerDisable                                
c012b890  TimerDivDwnRatio34Get                       
c012b844  TimerDivDwnRatio34Set                       
c012b3e0  TimerEnable                                 
c0131f84  TimerInit                                   
c012b9b8  TimerInputGateDisable                       
c012b980  TimerInputGateEnable                        
c012b748  TimerIntDisable                             
c012b718  TimerIntEnable                              
c012b798  TimerIntStatusClear                         
c012b774  TimerIntStatusGet                           
c012bb34  TimerInvertINDisable                        
c012bafc  TimerInvertINEnable                         
c012bbac  TimerInvertOUTDisable                       
c012bb70  TimerInvertOUTEnable                        
c0131f00  TimerIsr                                    
c012bacc  TimerOUTStatusGet                           
c012b5b0  TimerPeriodGet                              
c012b574  TimerPeriodSet                              
c012b828  TimerPreScalarCount34Get                    
c012b7d4  TimerPreScalarCount34Set                    
c012ba90  TimerPulseModeSet                           
c012b9f0  TimerPulseWidthSet                          
c012b948  TimerReadResetDisable                       
c012b90c  TimerReadResetEnable                        
c012b678  TimerReloadGet                              
c012b644  TimerReloadSet                              
c012b4ec  TimerWatchdogActivate                       
c012b52c  TimerWatchdogReactivate                     
c00c3a50  TouchInfo                                   
c012f544  UARTBreakCtl                                
c012f434  UARTCharGet                                 
c012f408  UARTCharGetNonBlocking                      
c012f470  UARTCharPut                                 
c012f3c8  UARTCharPutNonBlocking                      
c012f378  UARTCharsAvail                              
c012f174  UARTConfigGetExpClk                         
c012f0e0  UARTConfigSetExpClk                         
c01326a0  UARTConsoleGetc                             
c01325e0  UARTConsoleInit                             
c0132678  UARTConsolePutc                             
c012f24c  UARTDMADisable                              
c012f22c  UARTDMAEnable                               
c012f2f4  UARTDisable                                 
c012f2d8  UARTEnable                                  
c012f334  UARTFIFODisable                             
c012f320  UARTFIFOEnable                              
c012f208  UARTFIFOLevelSet                            
c01249d4  UARTGetHexNum                               
c0124914  UARTGetNum                                  
c0124c84  UARTGetc                                    
c01246c4  UARTGets                                    
c012f4f0  UARTIntDisable                              
c012f4c8  UARTIntEnable                               
c012f518  UARTIntStatus                               
c012f5d0  UARTModemControlClear                       
c012f604  UARTModemControlGet                         
c012f578  UARTModemControlSet                         
c012f624  UARTModemStatusGet                          
c012f2b4  UARTParityModeGet                           
c012f26c  UARTParityModeSet                           
c0124824  UARTPutHexNum                               
c0124760  UARTPutNum                                  
c0124c6c  UARTPutc                                    
c012462c  UARTPuts                                    
c012f3a8  UARTRxErrorGet                              
c012f34c  UARTSpaceAvail                              
c0124620  UARTStdioInit                               
c0124cf4  UARTprintf                                  
c0124c90  UARTwrite                                   
00806ff0  __TI_CINIT_Base                             
00807018  __TI_CINIT_Limit                            
00806fe4  __TI_Handler_Table_Base                     
00806fec  __TI_Handler_Table_Limit                    
00805780  __TI_STACK_END                              
00001000  __TI_STACK_SIZE                             
00806cb8  __TI_STATIC_BASE                            
00001000  __TI_SYSMEM_SIZE                            
UNDEFED   __TI_TLS_INIT_Base                          
UNDEFED   __TI_TLS_INIT_Limit                         
c0133140  __TI_auto_init_nobinit_nopinit              
00806eb4  __TI_cleanup_ptr                            
c0133ce0  __TI_decompress_none                        
c0133d00  __TI_decompress_rle24                       
00806eb8  __TI_dtors_ptr                              
00806ebc  __TI_enable_exit_profile_output             
ffffffff  __TI_pprof_out_hndl                         
ffffffff  __TI_prof_data_size                         
ffffffff  __TI_prof_data_start                        
c0133500  __TI_tls_init                               
ffffffff  __binit__                                   
c0132ea0  __c6xabi_divi                               
c0133200  __c6xabi_divu                               
c0130f60  __c6xabi_divull                             
c0133840  __c6xabi_llshl                              
c01339c0  __c6xabi_llshru                             
c01332c0  __c6xabi_remi                               
c01335c0  __c6xabi_remu                               
c0133a20  __c6xabi_remull                             
ffffffff  __c_args__                                  
c0132ea0  __divi                                      
c0133200  __divu                                      
c01332c0  __remi                                      
c01335c0  __remu                                      
c0133c00  _args_main                                  
c0106f98  _c674x_mask_int10_isr                       
c0107160  _c674x_mask_int11_isr                       
c0107324  _c674x_mask_int12_isr                       
c01074e8  _c674x_mask_int13_isr                       
c01076b0  _c674x_mask_int14_isr                       
c0107878  _c674x_mask_int15_isr                       
c01064f0  _c674x_mask_int4_isr                        
c01066b8  _c674x_mask_int5_isr                        
c0106880  _c674x_mask_int6_isr                        
c0106a44  _c674x_mask_int7_isr                        
c0106c08  _c674x_mask_int8_isr                        
c0106dd0  _c674x_mask_int9_isr                        
c0105fa0  _c674x_nmi_isr                              
c0106164  _c674x_rsvd_int2_isr                        
c0106328  _c674x_rsvd_int3_isr                        
c01338c0  _c_int00                                    
c0132000  _intcVectorTable                            
c0121280  _lv_anim_core_init                          
c00c3b1c  _lv_anim_ll                                 
c0117f20  _lv_area_intersect                          
c01186c4  _lv_area_is_equal                           
c011840c  _lv_area_is_in                              
c01183a4  _lv_area_is_on                              
c0118574  _lv_area_is_out                             
c01180c4  _lv_area_is_point_on                        
c0118010  _lv_area_join                               
c0117da4  _lv_area_set_pos                            
00804778  _lv_bpp1_opa_table                          
00804748  _lv_bpp2_opa_table                          
008046d8  _lv_bpp4_opa_table                          
008035b0  _lv_bpp8_opa_table                          
c00c3968  _lv_circle_cache                            
c0120310  _lv_disp_get_refr_timer                     
c00c3b28  _lv_disp_ll                                 
c00eea44  _lv_disp_refr_timer                         
c00ce228  _lv_draw_mask_cleanup                       
c00c3868  _lv_draw_mask_list                          
c0118fa0  _lv_event_mark_deleted                      
c0129b58  _lv_font_clean_up_fmt_txt                   
c011ade0  _lv_fs_init                                 
c00c3b34  _lv_fsdrv_ll                                
c0132800  _lv_gc_clear_roots                          
00806dd0  _lv_grad_cache_mem                          
c0120500  _lv_group_init                              
c00c3b40  _lv_group_ll                                
c00e07b0  _lv_img_buf_get_transformed_area            
c00e0e0c  _lv_img_buf_transform                       
c00e1228  _lv_img_buf_transform_anti_alias            
c00e04ac  _lv_img_buf_transform_init                  
c0132da0  _lv_img_cache_open                          
c00c3a24  _lv_img_cache_single                        
c010c704  _lv_img_decoder_init                        
c00c3b4c  _lv_img_decoder_ll                          
c00c3b58  _lv_indev_ll                                
c0130e70  _lv_indev_read                              
c0104550  _lv_indev_scroll_handler                    
c0104778  _lv_indev_scroll_throw_handler              
c00ee804  _lv_inv_area                                
00806dd4  _lv_layout_list                             
c012dc80  _lv_ll_chg_list                             
c012dc34  _lv_ll_clear                                
c012dd54  _lv_ll_get_head                             
c012ddec  _lv_ll_get_len                              
c012dda4  _lv_ll_get_next                             
c012ddcc  _lv_ll_get_prev                             
c012dd80  _lv_ll_get_tail                             
c012d9a0  _lv_ll_init                                 
c012d9d4  _lv_ll_ins_head                             
c012da54  _lv_ll_ins_prev                             
c012daf8  _lv_ll_ins_tail                             
c012decc  _lv_ll_is_empty                             
c012de2c  _lv_ll_move_before                          
c012db78  _lv_ll_remove                               
c0130308  _lv_obj_destruct                            
c01109e4  _lv_obj_get_ext_draw_size                   
c00ea728  _lv_obj_style_apply_color_filter            
c00ea40c  _lv_obj_style_create_transition             
c00e99e8  _lv_obj_style_init                          
c00ea7b0  _lv_obj_style_state_compare                 
c00c3b64  _lv_obj_style_trans_ll                      
c00eea18  _lv_refr_get_disp_refreshing                
c00ee560  _lv_refr_init                               
c00eea28  _lv_refr_set_disp_refreshing                
00803d78  _lv_style_builtin_prop_flag_lookup_table    
00806dd8  _lv_style_custom_prop_flag_lookup_table     
00806d14  _lv_style_custom_prop_flag_lookup_table_size
c0127134  _lv_style_get_prop_group                    
c0127170  _lv_style_prop_lookup_flags                 
00806ddc  _lv_theme_basic_styles                      
00806de0  _lv_theme_default_styles                    
00806de4  _lv_timer_act                               
c012f660  _lv_timer_core_init                         
c00c3b70  _lv_timer_ll                                
c0112a64  _lv_txt_cut                                 
00806cc0  _lv_txt_encoded_conv_wc                     
00806ccc  _lv_txt_encoded_get_byte_id                 
00806cd0  _lv_txt_encoded_get_char_id                 
c0112b74  _lv_txt_encoded_letter_next_2               
00806cc4  _lv_txt_encoded_next                        
00806cc8  _lv_txt_encoded_prev                        
00806cb8  _lv_txt_encoded_size                        
00806cd4  _lv_txt_get_encoded_length                  
c0112574  _lv_txt_get_next_line                       
c01129a4  _lv_txt_ins                                 
c01128ec  _lv_txt_is_cmd                              
c0112b0c  _lv_txt_set_text_vfmt                       
00806cbc  _lv_txt_unicode_to_encoded                  
c0133440  _lv_utils_bsearch                           
00804780  _stack                                      
c0133a80  _subcull                                    
00805780  _sys_memory                                 
c0133c80  _system_post_cinit                          
c0133ca0  _system_pre_init                            
c0133cc0  abort                                       
ffffffff  binit                                       
c00c39d8  disp_drv                                    
c00d568c  draw_border_generic                         
c0132f80  exit                                        
c0000000  g_pucBuffer                                 
c00cdc6c  get_tick_gsc                                
00806de8  indev_touchpad                              
c01216b8  lv_anim_count_running                       
c0121558  lv_anim_del                                 
c0121620  lv_anim_del_all                             
c0121638  lv_anim_get                                 
c0121484  lv_anim_get_playtime                        
c01212c0  lv_anim_init                                
c01219b4  lv_anim_path_bounce                         
c01217f4  lv_anim_path_ease_in                        
c01218d4  lv_anim_path_ease_in_out                    
c0121864  lv_anim_path_ease_out                       
c0121794  lv_anim_path_linear                         
c0121944  lv_anim_path_overshoot                      
c0121b70  lv_anim_path_step                           
c0121788  lv_anim_refr_now                            
c0121730  lv_anim_speed_to_time                       
c0121328  lv_anim_start                               
00804184  lv_arc_class                                
c00f4ec8  lv_arc_create                               
c00f5804  lv_arc_get_angle_end                        
c00f57e8  lv_arc_get_angle_start                      
c00f5840  lv_arc_get_bg_angle_end                     
c00f5820  lv_arc_get_bg_angle_start                   
c00f58a0  lv_arc_get_max_value                        
c00f5880  lv_arc_get_min_value                        
c00f58c0  lv_arc_get_mode                             
c00f5860  lv_arc_get_value                            
c00f51c4  lv_arc_set_angles                           
c00f54b0  lv_arc_set_bg_angles                        
c00f5354  lv_arc_set_bg_end_angle                     
c00f51f4  lv_arc_set_bg_start_angle                   
c00f57c0  lv_arc_set_change_rate                      
c00f5060  lv_arc_set_end_angle                        
c00f5514  lv_arc_set_mode                             
c00f5700  lv_arc_set_range                            
c00f54e4  lv_arc_set_rotation                         
c00f4ef4  lv_arc_set_start_angle                      
c00f564c  lv_arc_set_value                            
c0118734  lv_area_align                               
c0117e08  lv_area_get_size                            
c0117e48  lv_area_increase                            
c0117eb0  lv_area_move                                
c0117cf0  lv_area_set                                 
c0117d74  lv_area_set_height                          
c0117d48  lv_area_set_width                           
c0133380  lv_async_call                               
c012ced4  lv_atan2                                    
008041a0  lv_bar_class                                
c010b0e4  lv_bar_create                               
c010b44c  lv_bar_get_max_value                        
c010b430  lv_bar_get_min_value                        
c010b468  lv_bar_get_mode                             
c010b3e0  lv_bar_get_start_value                      
c010b3a8  lv_bar_get_value                            
c010b338  lv_bar_set_mode                             
c010b280  lv_bar_set_range                            
c010b1c8  lv_bar_set_start_value                      
c010b110  lv_bar_set_value                            
c012cd74  lv_bezier3                                  
008041bc  lv_btn_class                                
c0133ae0  lv_btn_create                               
008041d8  lv_btnmatrix_class                          
c00d9c08  lv_btnmatrix_clear_btn_ctrl                 
c00d9cf4  lv_btnmatrix_clear_btn_ctrl_all             
c00d9660  lv_btnmatrix_create                         
c00d9e78  lv_btnmatrix_get_btn_text                   
c00d9e40  lv_btnmatrix_get_map                        
c00d9ff0  lv_btnmatrix_get_one_checked                
c012bdc0  lv_btnmatrix_get_popovers                   
c00d9e60  lv_btnmatrix_get_selected_btn               
c00d9f80  lv_btnmatrix_has_btn_ctrl                   
c00d9b60  lv_btnmatrix_set_btn_ctrl                   
c00d9c84  lv_btnmatrix_set_btn_ctrl_all               
c00d9d68  lv_btnmatrix_set_btn_width                  
c00d9aa8  lv_btnmatrix_set_ctrl_map                   
c00d968c  lv_btnmatrix_set_map                        
c00d9df4  lv_btnmatrix_set_one_checked                
c00d9ae8  lv_btnmatrix_set_selected_btn               
008041f4  lv_calendar_class                           
c0122024  lv_calendar_create                          
c01224a0  lv_calendar_get_btnmatrix                   
c0122500  lv_calendar_get_highlighted_dates           
c0122520  lv_calendar_get_highlighted_dates_num       
c0122538  lv_calendar_get_pressed_date                
c01224e0  lv_calendar_get_showed_date                 
c01224c0  lv_calendar_get_today_date                  
00804210  lv_calendar_header_arrow_class              
c0130904  lv_calendar_header_arrow_create             
0080422c  lv_calendar_header_dropdown_class           
c01311c0  lv_calendar_header_dropdown_create          
c0122050  lv_calendar_set_day_names                   
c0122100  lv_calendar_set_highlighted_dates           
c0122144  lv_calendar_set_showed_date                 
c01220a8  lv_calendar_set_today_date                  
c00c9d00  lv_chart_add_cursor                         
c00c9984  lv_chart_add_series                         
00804248  lv_chart_class                              
c00c8ed0  lv_chart_create                             
c00c9e40  lv_chart_get_cursor_point                   
c00c9544  lv_chart_get_point_count                    
c00c9580  lv_chart_get_point_pos_by_id                
c00ca214  lv_chart_get_pressed_point                  
c00c9cc0  lv_chart_get_series_next                    
c00c9520  lv_chart_get_type                           
c00ca1f4  lv_chart_get_x_array                        
c00c9560  lv_chart_get_x_start_point                  
c00ca1d4  lv_chart_get_y_array                        
c00c93ec  lv_chart_get_zoom_x                         
c00c9408  lv_chart_get_zoom_y                         
c00c9be4  lv_chart_hide_series                        
c00c9974  lv_chart_refresh                            
c00c9b80  lv_chart_remove_series                      
c00c9e60  lv_chart_set_all_value                      
c00c9424  lv_chart_set_axis_tick                      
c00c9de0  lv_chart_set_cursor_point                   
c00c9d90  lv_chart_set_cursor_pos                     
c00c92c0  lv_chart_set_div_line_count                 
c00ca174  lv_chart_set_ext_x_array                    
c00ca114  lv_chart_set_ext_y_array                    
c00c9ef0  lv_chart_set_next_value                     
c00c9f6c  lv_chart_set_next_value2                    
c00c9060  lv_chart_set_point_count                    
c00c9158  lv_chart_set_range                          
c00c9c40  lv_chart_set_series_color                   
c00c8f00  lv_chart_set_type                           
c00c9254  lv_chart_set_update_mode                    
c00ca00c  lv_chart_set_value_by_id                    
c00ca074  lv_chart_set_value_by_id2                   
c00c9c74  lv_chart_set_x_start_point                  
c00c9334  lv_chart_set_zoom_x                         
c00c9390  lv_chart_set_zoom_y                         
00804264  lv_checkbox_class                           
c01291f0  lv_checkbox_create                          
c0129320  lv_checkbox_get_text                        
c0129220  lv_checkbox_set_text                        
c01292b4  lv_checkbox_set_text_static                 
c00d8b70  lv_clamp_height                             
c00d89e0  lv_clamp_width                              
c0127590  lv_color_change_lightness                   
c0127560  lv_color_darken                             
c01273e0  lv_color_fill                               
c0127608  lv_color_hsv_to_rgb                         
c012752c  lv_color_lighten                            
c0127850  lv_color_rgb_to_hsv                         
c0127acc  lv_color_to_hsv                             
00804280  lv_colorwheel_class                         
c0107cb4  lv_colorwheel_create                        
c0107ee8  lv_colorwheel_get_color_mode                
c0107f0c  lv_colorwheel_get_color_mode_fixed          
c0107ea0  lv_colorwheel_get_hsv                       
c0107eb8  lv_colorwheel_get_rgb                       
c0107cf8  lv_colorwheel_set_hsv                       
c0107e10  lv_colorwheel_set_mode                      
c0107e60  lv_colorwheel_set_mode_fixed                
c0107dd0  lv_colorwheel_set_rgb                       
c00f3238  lv_deinit                                   
c01202c4  lv_disp_clean_dcache                        
c010e334  lv_disp_draw_buf_init                       
c010e24c  lv_disp_drv_init                            
c010e380  lv_disp_drv_register                        
c010e604  lv_disp_drv_update                          
c010ee90  lv_disp_drv_use_generic_set_px_cb           
c010ed74  lv_disp_flush_is_last                       
c010ed50  lv_disp_flush_ready                         
c010ecc0  lv_disp_get_antialiasing                    
c010e940  lv_disp_get_default                         
c010ed10  lv_disp_get_dpi                             
c010edcc  lv_disp_get_draw_buf                        
c010e94c  lv_disp_get_hor_res                         
c0120214  lv_disp_get_inactive_time                   
c011f984  lv_disp_get_layer_sys                       
c011f954  lv_disp_get_layer_top                       
c010ed98  lv_disp_get_next                            
c010eb70  lv_disp_get_offset_x                        
c010ec14  lv_disp_get_offset_y                        
c010ea20  lv_disp_get_physical_hor_res                
c010eac8  lv_disp_get_physical_ver_res                
c010ee54  lv_disp_get_rotation                        
c011f854  lv_disp_get_scr_act                         
[...]
c0121484  lv_anim_get_playtime                        
c0121558  lv_anim_del                                 
c0121620  lv_anim_del_all                             
c0121638  lv_anim_get                                 
c01216b8  lv_anim_count_running                       
c0121730  lv_anim_speed_to_time                       
c0121788  lv_anim_refr_now                            
c0121794  lv_anim_path_linear                         
c01217f4  lv_anim_path_ease_in                        
c0121864  lv_anim_path_ease_out                       
c01218d4  lv_anim_path_ease_in_out                    
c0121944  lv_anim_path_overshoot                      
c01219b4  lv_anim_path_bounce                         
c0121b70  lv_anim_path_step                           
c0122024  lv_calendar_create                          
c0122050  lv_calendar_set_day_names                   
c01220a8  lv_calendar_set_today_date                  
c0122100  lv_calendar_set_highlighted_dates           
c0122144  lv_calendar_set_showed_date                 
c01224a0  lv_calendar_get_btnmatrix                   
c01224c0  lv_calendar_get_today_date                  
c01224e0  lv_calendar_get_showed_date                 
c0122500  lv_calendar_get_highlighted_dates           
c0122520  lv_calendar_get_highlighted_dates_num       
c0122538  lv_calendar_get_pressed_date                
c0122db8  lv_obj_del                                  
c0122e88  lv_obj_clean                                
c0122f00  lv_obj_del_delayed                          
c0122f64  lv_obj_del_anim_ready_cb                    
c0122f78  lv_obj_del_async                            
c0122f98  lv_obj_set_parent                           
c0123190  lv_obj_move_to_index                        
c01232cc  lv_obj_swap                                 
c01233b0  lv_obj_get_screen                           
c01233d8  lv_obj_get_disp                             
c012348c  lv_obj_get_parent                           
c01234b0  lv_obj_get_child                            
c0123548  lv_obj_get_child_cnt                        
c0123570  lv_obj_get_index                            
c01235d0  lv_obj_tree_walk                            
c0123c40  lv_draw_sw_img_decoded                      
c0124620  UARTStdioInit                               
c012462c  UARTPuts                                    
c01246c4  UARTGets                                    
c0124760  UARTPutNum                                  
c0124824  UARTPutHexNum                               
c0124914  UARTGetNum                                  
c01249d4  UARTGetHexNum                               
c0124c6c  UARTPutc                                    
c0124c84  UARTGetc                                    
c0124c90  UARTwrite                                   
c0124cf4  UARTprintf                                  
c0125214  lv_draw_arc_dsc_init                        
c0125248  lv_draw_arc                                 
c01252b4  lv_draw_arc_get_area                        
c0125d58  lv_tabview_create                           
c0125da8  lv_tabview_add_tab                          
c0125fe4  lv_tabview_set_act                          
c012612c  lv_tabview_get_tab_act                      
c0126148  lv_tabview_get_content                      
c0126158  lv_tabview_get_tab_btns                     
c0126958  lv_style_init                               
c012696c  lv_style_reset                              
c01269a8  lv_style_register_prop                      
c0126a64  lv_style_get_num_custom_props               
c0126a78  lv_style_remove_prop                        
c0126ce0  lv_style_set_prop                           
c0126f8c  lv_style_get_prop                           
c0126fa4  lv_style_transition_dsc_init                
c0127010  lv_style_prop_get_default                   
c0127108  lv_style_is_empty                           
c0127134  _lv_style_get_prop_group                    
c0127170  _lv_style_prop_lookup_flags                 
c01273e0  lv_color_fill                               
c012752c  lv_color_lighten                            
c0127560  lv_color_darken                             
c0127590  lv_color_change_lightness                   
c0127608  lv_color_hsv_to_rgb                         
c0127850  lv_color_rgb_to_hsv                         
c0127acc  lv_color_to_hsv                             
c0127b04  lv_palette_main                             
c0127b34  lv_palette_lighten                          
c0127bac  lv_palette_darken                           
c0128188  lv_gradient_free_cache                      
c01281b4  lv_gradient_set_cache_size                  
c0128200  lv_gradient_get                             
c0128350  lv_gradient_calculate                       
c0128628  lv_gradient_cleanup                         
c01286d4  lv_draw_sw_letter                           
c01291f0  lv_checkbox_create                          
c0129220  lv_checkbox_set_text                        
c01292b4  lv_checkbox_set_text_static                 
c0129320  lv_checkbox_get_text                        
c0129940  lv_font_get_bitmap_fmt_txt                  
c01299c8  lv_font_get_glyph_dsc_fmt_txt               
c0129b58  _lv_font_clean_up_fmt_txt                   
c012a438  lv_switch_create                            
c012aca8  lv_draw_img_dsc_init                        
c012acf0  lv_draw_img                                 
c012ad80  lv_img_cf_get_px_size                       
c012ae0c  lv_img_cf_is_chroma_keyed                   
c012ae60  lv_img_cf_has_alpha                         
c012aec8  lv_img_src_get_type                         
c012af50  lv_draw_img_decoded                         
c012b3e0  TimerEnable                                 
c012b43c  TimerDisable                                
c012b474  TimerConfigure                              
c012b4ec  TimerWatchdogActivate                       
c012b52c  TimerWatchdogReactivate                     
c012b574  TimerPeriodSet                              
c012b5b0  TimerPeriodGet                              
c012b5e0  TimerCounterSet                             
c012b614  TimerCounterGet                             
c012b644  TimerReloadSet                              
c012b678  TimerReloadGet                              
c012b6a8  TimerCaptureGet                             
c012b6d4  TimerCompareSet                             
c012b6f8  TimerCompareGet                             
c012b718  TimerIntEnable                              
c012b748  TimerIntDisable                             
c012b774  TimerIntStatusGet                           
c012b798  TimerIntStatusClear                         
c012b7d4  TimerPreScalarCount34Set                    
c012b828  TimerPreScalarCount34Get                    
c012b844  TimerDivDwnRatio34Set                       
c012b890  TimerDivDwnRatio34Get                       
c012b8ac  TimerCaptureConfigure                       
c012b90c  TimerReadResetEnable                        
c012b948  TimerReadResetDisable                       
c012b980  TimerInputGateEnable                        
c012b9b8  TimerInputGateDisable                       
c012b9f0  TimerPulseWidthSet                          
c012ba54  TimerClockModeSet                           
c012ba90  TimerPulseModeSet                           
c012bacc  TimerOUTStatusGet                           
c012bafc  TimerInvertINEnable                         
c012bb34  TimerInvertINDisable                        
c012bb70  TimerInvertOUTEnable                        
c012bbac  TimerInvertOUTDisable                       
c012bc00  lv_keyboard_create                          
c012bc2c  lv_keyboard_set_textarea                    
c012bc80  lv_keyboard_set_mode                        
c012bcc4  lv_keyboard_set_popovers                    
c012bd28  lv_keyboard_set_map                         
c012bd80  lv_keyboard_get_textarea                    
c012bda0  lv_keyboard_get_mode                        
c012bdc0  lv_btnmatrix_get_popovers                   
c012bdec  lv_keyboard_def_event_cb                    
c012c420  lv_draw_sw_polygon                          
c012cc20  lv_trigo_sin                                
c012cd74  lv_bezier3                                  
c012ce64  lv_sqrt                                     
c012ced4  lv_atan2                                    
c012d128  lv_pow                                      
c012d1d4  lv_map                                      
c012d288  lv_rand                                     
c012d520  lv_led_create                               
c012d54c  lv_led_set_color                            
c012d580  lv_led_set_brightness                       
c012d604  lv_led_on                                   
c012d610  lv_led_off                                  
c012d620  lv_led_toggle                               
c012d654  lv_led_get_brightness                       
c012d9a0  _lv_ll_init                                 
c012d9d4  _lv_ll_ins_head                             
c012da54  _lv_ll_ins_prev                             
c012daf8  _lv_ll_ins_tail                             
c012db78  _lv_ll_remove                               
c012dc34  _lv_ll_clear                                
c012dc80  _lv_ll_chg_list                             
c012dd54  _lv_ll_get_head                             
c012dd80  _lv_ll_get_tail                             
c012dda4  _lv_ll_get_next                             
c012ddcc  _lv_ll_get_prev                             
c012ddec  _lv_ll_get_len                              
c012de2c  _lv_ll_move_before                          
c012decc  _lv_ll_is_empty                             
c012dfc0  lv_line_create                              
c012dfec  lv_line_set_points                          
c012e034  lv_line_set_y_invert                        
c012e0ac  lv_line_get_y_invert                        
c012e580  IntDSPINTCInit                              
c012e5f0  IntRegister                                 
c012e614  IntUnRegister                               
c012e63c  IntEventMap                                 
c012e6c4  IntEventSet                                 
c012e6f8  IntEventClear                               
c012e730  IntEventCombineInit                         
c012e834  IntEventCombineAdd                          
c012e888  IntEventCombineRemove                       
c012e8d8  IntEventCombineRegister                     
c012e900  IntEnable                                   
c012e930  IntDisable                                  
c012e964  IntReset                                    
c012e978  IntGlobalEnable                             
c012e98c  IntGlobalDisable                            
c012e9a0  IntGlobalRestore                            
c012e9b8  ExcGlobalEnable                             
c012e9d8  ExcCombineAdd                               
c012ea20  ExcCombineRemove                            
c012eb60  GPIODirModeSet                              
c012ebf8  GPIODirModeGet                              
c012ec58  GPIOPinWrite                                
c012ecd8  GPIOPinRead                                 
c012ed38  GPIOIntTypeSet                              
c012eea4  GPIOIntTypeGet                              
c012ef2c  GPIOPinIntStatus                            
c012ef8c  GPIOPinIntClear                             
c012efd4  GPIOBankIntEnable                           
c012f004  GPIOBankIntDisable                          
c012f030  GPIOBankPinsWrite                           
c012f0e0  UARTConfigSetExpClk                         
c012f174  UARTConfigGetExpClk                         
c012f208  UARTFIFOLevelSet                            
c012f22c  UARTDMAEnable                               
c012f24c  UARTDMADisable                              
c012f26c  UARTParityModeSet                           
c012f2b4  UARTParityModeGet                           
c012f2d8  UARTEnable                                  
c012f2f4  UARTDisable                                 
c012f320  UARTFIFOEnable                              
c012f334  UARTFIFODisable                             
c012f34c  UARTSpaceAvail                              
c012f378  UARTCharsAvail                              
c012f3a8  UARTRxErrorGet                              
c012f3c8  UARTCharPutNonBlocking                      
c012f408  UARTCharGetNonBlocking                      
c012f434  UARTCharGet                                 
c012f470  UARTCharPut                                 
c012f4c8  UARTIntEnable                               
c012f4f0  UARTIntDisable                              
c012f518  UARTIntStatus                               
c012f544  UARTBreakCtl                                
c012f578  UARTModemControlSet                         
c012f5d0  UARTModemControlClear                       
c012f604  UARTModemControlGet                         
c012f624  UARTModemStatusGet                          
c012f660  _lv_timer_core_init                         
c012f678  lv_timer_handler                            
c012f874  lv_timer_create_basic                       
c012f88c  lv_timer_create                             
c012f920  lv_timer_set_cb                             
c012f938  lv_timer_del                                
c012f968  lv_timer_pause                              
c012f98c  lv_timer_resume                             
c012f9b0  lv_timer_set_period                         
c012f9cc  lv_timer_ready                              
c012f9ec  lv_timer_set_repeat_count                   
c012fa08  lv_timer_reset                              
c012fa20  lv_timer_enable                             
c012fa40  lv_timer_get_idle                           
c012fa4c  lv_timer_get_next                           
c012fb80  lv_tileview_create                          
c012fbac  lv_tileview_add_tile                        
c012fc08  lv_obj_set_tile                             
c012fc74  lv_obj_set_tile_id                          
c012fd6c  lv_tileview_get_tile_act                    
c0130080  lv_obj_class_create_obj                     
c0130254  lv_obj_class_init_obj                       
c0130308  _lv_obj_destruct                            
c0130370  lv_obj_is_editable                          
c01303f4  lv_obj_is_group_def                         
c0130654  LCDBacklightEnable                          
c0130680  LCDBacklightDisable                         
c01306ac  LCDIsr                                      
c0130704  InterruptInit                               
c0130730  LCDVersionGet                               
c0130738  LCDInit                                     
c0130904  lv_calendar_header_arrow_create             
c0130c20  lv_indev_drv_init                           
c0130c84  lv_indev_drv_register                       
c0130d24  lv_indev_drv_update                         
c0130dd8  lv_indev_delete                             
c0130e38  lv_indev_get_next                           
c0130e70  _lv_indev_read                              
c0130f60  __c6xabi_divull                             
c01311c0  lv_calendar_header_dropdown_create          
c0131448  lv_draw_sw_init_ctx                         
c0131520  lv_draw_sw_deinit_ctx                       
c0131540  lv_draw_sw_wait_for_finish                  
c0131550  lv_draw_sw_buffer_copy                      
c0131750  lv_spinner_create                           
c01319c0  lv_draw_rect_dsc_init                       
c0131a88  lv_draw_rect                                
c0131ae0  lv_font_get_glyph_bitmap                    
c0131b0c  lv_font_get_glyph_dsc                       
c0131cb8  lv_font_get_glyph_width                     
c0131d14  lv_theme_get_from_obj                       
c0131d44  lv_theme_apply                              
c0131d70  lv_theme_set_parent                         
c0131d8c  lv_theme_set_apply_cb                       
c0131da8  lv_theme_get_font_small                     
c0131dd4  lv_theme_get_font_normal                    
c0131e04  lv_theme_get_font_large                     
c0131e30  lv_theme_get_color_primary                  
c0131e68  lv_theme_get_color_secondary                
c0131f00  TimerIsr                                    
c0131f84  TimerInit                                   
c0132000  _intcVectorTable                            
c0132200  lv_win_create                               
c0132248  lv_win_add_title                            
c0132290  lv_win_add_btn                              
c01322f4  lv_win_get_header                           
c0132308  lv_win_get_content                          
c01323e0  lv_port_disp_init                           
c01325e0  UARTConsoleInit                             
c0132678  UARTConsolePutc                             
c01326a0  UARTConsoleGetc                             
c01326c0  PSCModuleControl                            
c0132800  _lv_gc_clear_roots                          
c01329d4  lv_draw_line_dsc_init                       
c0132a04  lv_draw_line                                
c0132af0  lv_example_get_started_1                    
c0132b80  lv_port_indev_init                          
c0132da0  _lv_img_cache_open                          
c0132e60  lv_img_cache_set_size                       
c0132e74  lv_img_cache_invalidate_src                 
c0132ea0  __c6xabi_divi                               
c0132ea0  __divi                                      
c0132f80  exit                                        
c0133060  memset                                      
c0133140  __TI_auto_init_nobinit_nopinit              
c0133200  __c6xabi_divu                               
c0133200  __divu                                      
c01332c0  __c6xabi_remi                               
c01332c0  __remi                                      
c0133380  lv_async_call                               
c0133440  _lv_utils_bsearch                           
c0133500  __TI_tls_init                               
c01335c0  __c6xabi_remu                               
c01335c0  __remu                                      
c0133660  lv_tick_inc                                 
c0133688  lv_tick_get                                 
c01336c0  lv_tick_elaps                               
c0133740  main                                        
c01337a0  memcpy                                      
c0133840  __c6xabi_llshl                              
c01338c0  _c_int00                                    
c0133940  strcat                                      
c01339c0  __c6xabi_llshru                             
c0133a20  __c6xabi_remull                             
c0133a80  _subcull                                    
c0133ae0  lv_btn_create                               
c0133b40  strcmp                                      
c0133ba0  strcpy                                      
c0133c00  _args_main                                  
c0133c40  strlen                                      
c0133c80  _system_post_cinit                          
c0133ca0  _system_pre_init                            
c0133cc0  C$$EXIT                                     
c0133cc0  abort                                       
c0133ce0  __TI_decompress_none                        
c0133d00  __TI_decompress_rle24                       
c0133d20  lv_draw_init                                
c0133d40  lv_extra_init                               
ffffffff  __TI_pprof_out_hndl                         
ffffffff  __TI_prof_data_size                         
ffffffff  __TI_prof_data_start                        
ffffffff  __binit__                                   
ffffffff  __c_args__                                  
ffffffff  binit                                       
UNDEFED   __TI_TLS_INIT_Base                          
UNDEFED   __TI_TLS_INIT_Limit                         

[1357 symbols]
