******************************************************************************
               TMS320C6x Linker PC v8.3.12                     
******************************************************************************
>> Linked Sun Apr 24 11:44:54 2022

OUTPUT FILE NAME:   <LEDNixie.out>
ENTRY POINT SYMBOL: "_c_int00"  address: 008010a0


MEMORY CONFIGURATION

         name            origin    length      used     unused   attr    fill
----------------------  --------  ---------  --------  --------  ----  --------
  DSPL2RAM              00800000   00040000  0000223c  0003ddc4  RWIX
  SHRAM                 80000000   00020000  00000000  00020000  RWIX
  DDR2                  c0000000   08000000  00000000  08000000  RWIX


SEGMENT ALLOCATION MAP

run origin  load origin   length   init length attrs members
----------  ----------- ---------- ----------- ----- -------
00800000    00800000    00001200   00001200    r-x
  00800000    00800000    00001200   00001200    r-x .text
00801200    00801200    00001000   00000000    rw-
  00801200    00801200    00001000   00000000    rw- .stack
00802200    00802200    00000010   00000010    r--
  00802200    00802200    00000010   00000010    r-- .switch
00802210    00802210    0000000c   00000000    rw-
  00802210    00802210    0000000c   00000000    rw- .fardata
00802220    00802220    00000020   00000020    r--
  00802220    00802220    00000020   00000020    r-- .cinit


SECTION ALLOCATION MAP

 output                                  attributes/
section   page    origin      length       input sections
--------  ----  ----------  ----------   ----------------
.text      0    00800000    00001200     
                  00800000    00000580     drivers.lib : gpio.obj (.text)
                  00800580    00000420     SoftI2C.obj (.text)
                  008009a0    00000140     drivers.lib : psc.obj (.text)
                  00800ae0    00000100     rts6740_elf.lib : copy_decompress_rle.c.obj (.text:__TI_decompress_rle_core)
                  00800be0    000000e0                     : exit.c.obj (.text:exit)
                  00800cc0    000000e0     main.obj (.text)
                  00800da0    000000e0     rts6740_elf.lib : memset.c.obj (.text:memset)
                  00800e80    000000c0                     : autoinit.c.obj (.text:__TI_auto_init_nobinit_nopinit:__TI_auto_init_nobinit_nopinit)
                  00800f40    000000c0                     : tls.c.obj (.text:tls:init:__TI_tls_init)
                  00801000    000000a0                     : memcpy64.asm.obj (.text:memcpy)
                  008010a0    00000080                     : boot.c.obj (.text:_c_int00)
                  00801120    00000040                     : args_main.c.obj (.text:_args_main)
                  00801160    00000020                     : startup.c.obj (.text:_system_post_cinit)
                  00801180    00000020                     : pre_init.c.obj (.text:_system_pre_init)
                  008011a0    00000020                     : exit.c.obj (.text:abort)
                  008011c0    00000020                     : copy_decompress_none.c.obj (.text:decompress:none:__TI_decompress_none)
                  008011e0    00000020                     : copy_decompress_rle.c.obj (.text:decompress:rle24:__TI_decompress_rle24)

.stack     0    00801200    00001000     UNINITIALIZED
                  00801200    00000008     rts6740_elf.lib : boot.c.obj (.stack)
                  00801208    00000ff8     --HOLE--

.switch    0    00802200    00000010     
                  00802200    00000010     drivers.lib : gpio.obj (.switch:GPIOIntTypeSet)

.cinit     0    00802220    00000020     
                  00802220    0000000d     (.cinit..fardata.load) [load image, compression = rle]
                  0080222d    00000003     --HOLE-- [fill = 0]
                  00802230    00000008     (__TI_handler_table)
                  00802238    00000008     (__TI_cinit_table)

.init_array 
*          0    00800000    00000000     UNINITIALIZED

.fardata   0    00802210    0000000c     UNINITIALIZED
                  00802210    0000000c     rts6740_elf.lib : exit.c.obj (.fardata)

MODULE SUMMARY

       Module                       code   ro data   rw data
       ------                       ----   -------   -------
    .\
       SoftI2C.obj                  1056   0         0      
       main.obj                     224    0         0      
    +--+----------------------------+------+---------+---------+
       Total:                       1280   0         0      
                                                            
    ../../Library/StarterWare/Drivers/Debug/drivers.lib
       gpio.obj                     1408   16        0      
       psc.obj                      320    0         0      
    +--+----------------------------+------+---------+---------+
       Total:                       1728   16        0      
                                                            
    C:\ti\ti-cgt-c6000_8.3.12\lib\rts6740_elf.lib
       copy_decompress_rle.c.obj    288    0         0      
       exit.c.obj                   256    0         12     
       memset.c.obj                 224    0         0      
       autoinit.c.obj               192    0         0      
       tls.c.obj                    192    0         0      
       memcpy64.asm.obj             160    0         0      
       boot.c.obj                   128    0         0      
       args_main.c.obj              64     0         0      
       copy_decompress_none.c.obj   32     0         0      
       pre_init.c.obj               32     0         0      
       startup.c.obj                32     0         0      
    +--+----------------------------+------+---------+---------+
       Total:                       1600   0         12     
                                                            
       Stack:                       0      0         4096   
       Linker Generated:            0      29        0      
    +--+----------------------------+------+---------+---------+
       Grand Total:                 4608   45        4108   


LINKER GENERATED COPY TABLES

__TI_cinit_table @ 00802238 records: 1, size/record: 8, table size: 8
	.fardata: load addr=00802220, load size=0000000d bytes, run addr=00802210, run size=0000000c bytes, compression=rle


LINKER GENERATED HANDLER TABLE

__TI_handler_table @ 00802230 records: 2, size/record: 4, table size: 8
	index: 0, handler: __TI_decompress_rle24
	index: 1, handler: __TI_decompress_none


GLOBAL SYMBOLS: SORTED ALPHABETICALLY BY Name 

address   name                           
-------   ----                           
008011a0  C$$EXIT                        
00800d04  CH452Read                      
00800cc0  CH452Write                     
008005b0  Delay                          
008004a4  GPIOBankIntDisable             
00800474  GPIOBankIntEnable              
008004d0  GPIOBankPinsWrite              
00800098  GPIODirModeGet                 
00800000  GPIODirModeSet                 
00800344  GPIOIntTypeGet                 
008001d8  GPIOIntTypeSet                 
0080042c  GPIOPinIntClear                
008003cc  GPIOPinIntStatus               
00800178  GPIOPinRead                    
008000f8  GPIOPinWrite                   
008009a0  PSCModuleControl               
00800970  SoftI2CInit                    
0080084c  SoftI2CRead                    
008005e0  SoftI2CStart                   
00800680  SoftI2CStop                    
0080070c  SoftI2CWrite                   
00802238  __TI_CINIT_Base                
00802240  __TI_CINIT_Limit               
00802230  __TI_Handler_Table_Base        
00802238  __TI_Handler_Table_Limit       
00802200  __TI_STACK_END                 
00001000  __TI_STACK_SIZE                
00000000  __TI_STATIC_BASE               
UNDEFED   __TI_TLS_INIT_Base             
UNDEFED   __TI_TLS_INIT_Limit            
00800e80  __TI_auto_init_nobinit_nopinit 
00802210  __TI_cleanup_ptr               
008011c0  __TI_decompress_none           
008011e0  __TI_decompress_rle24          
00802214  __TI_dtors_ptr                 
00802218  __TI_enable_exit_profile_output
ffffffff  __TI_pprof_out_hndl            
ffffffff  __TI_prof_data_size            
ffffffff  __TI_prof_data_start           
00800f40  __TI_tls_init                  
ffffffff  __binit__                      
ffffffff  __c_args__                     
00801120  _args_main                     
008010a0  _c_int00                       
00801200  _stack                         
00801160  _system_post_cinit             
00801180  _system_pre_init               
008011a0  abort                          
ffffffff  binit                          
00800be0  exit                           
00800d2c  main                           
00801000  memcpy                         
00800da0  memset                         


GLOBAL SYMBOLS: SORTED BY Symbol Address 

address   name                           
-------   ----                           
00000000  __TI_STATIC_BASE               
00001000  __TI_STACK_SIZE                
00800000  GPIODirModeSet                 
00800098  GPIODirModeGet                 
008000f8  GPIOPinWrite                   
00800178  GPIOPinRead                    
008001d8  GPIOIntTypeSet                 
00800344  GPIOIntTypeGet                 
008003cc  GPIOPinIntStatus               
0080042c  GPIOPinIntClear                
00800474  GPIOBankIntEnable              
008004a4  GPIOBankIntDisable             
008004d0  GPIOBankPinsWrite              
008005b0  Delay                          
008005e0  SoftI2CStart                   
00800680  SoftI2CStop                    
0080070c  SoftI2CWrite                   
0080084c  SoftI2CRead                    
00800970  SoftI2CInit                    
008009a0  PSCModuleControl               
00800be0  exit                           
00800cc0  CH452Write                     
00800d04  CH452Read                      
00800d2c  main                           
00800da0  memset                         
00800e80  __TI_auto_init_nobinit_nopinit 
00800f40  __TI_tls_init                  
00801000  memcpy                         
008010a0  _c_int00                       
00801120  _args_main                     
00801160  _system_post_cinit             
00801180  _system_pre_init               
008011a0  C$$EXIT                        
008011a0  abort                          
008011c0  __TI_decompress_none           
008011e0  __TI_decompress_rle24          
00801200  _stack                         
00802200  __TI_STACK_END                 
00802210  __TI_cleanup_ptr               
00802214  __TI_dtors_ptr                 
00802218  __TI_enable_exit_profile_output
00802230  __TI_Handler_Table_Base        
00802238  __TI_CINIT_Base                
00802238  __TI_Handler_Table_Limit       
00802240  __TI_CINIT_Limit               
ffffffff  __TI_pprof_out_hndl            
ffffffff  __TI_prof_data_size            
ffffffff  __TI_prof_data_start           
ffffffff  __binit__                      
ffffffff  __c_args__                     
ffffffff  binit                          
UNDEFED   __TI_TLS_INIT_Base             
UNDEFED   __TI_TLS_INIT_Limit            

[53 symbols]
