******************************************************************************
               TMS320C6x Linker PC v8.3.12                     
******************************************************************************
>> Linked Sun Apr 24 18:00:03 2022

OUTPUT FILE NAME:   <SPI_FLASH.out>
ENTRY POINT SYMBOL: "_c_int00"  address: 00804ac0


MEMORY CONFIGURATION

         name            origin    length      used     unused   attr    fill
----------------------  --------  ---------  --------  --------  ----  --------
  DSPL2RAM              00800000   00040000  00006370  00039c90  RWIX
  SHRAM                 80000000   00020000  00000000  00020000  RWIX
  DDR2                  c0000000   08000000  00000000  08000000  RWIX


SEGMENT ALLOCATION MAP

run origin  load origin   length   init length attrs members
----------  ----------- ---------- ----------- ----- -------
00800000    00800000    00004bc0   00004bc0    r-x
  00800000    00800000    00004bc0   00004bc0    r-x .text
00804bc0    00804bc0    00001554   00000000    rw-
  00804bc0    00804bc0    00001000   00000000    rw- .stack
  00805bc0    00805bc0    00000554   00000000    rw- .far
00806114    00806114    000001d0   000001d0    r--
  00806114    00806114    0000018c   0000018c    r-- .const
  008062a0    008062a0    00000044   00000044    r-- .switch
008062e4    008062e4    00000004   00000000    rw-
  008062e4    008062e4    00000004   00000000    rw- .neardata
008062e8    008062e8    00000004   00000000    r--
  008062e8    008062e8    00000004   00000000    r-- .rodata
008062ec    008062ec    0000001c   00000000    rw-
  008062ec    008062ec    00000010   00000000    rw- .bss
  008062fc    008062fc    0000000c   00000000    rw- .fardata
00806308    00806308    00000068   00000068    r--
  00806308    00806308    00000068   00000068    r-- .cinit


SECTION ALLOCATION MAP

 output                                  attributes/
section   page    origin      length       input sections
--------  ----  ----------  ----------   ----------------
.text      0    00800000    00004bc0     
                  00800000    00001aa0     system_config.lib : interrupt.obj (.text:retain)
                  00801aa0    00000b60     utils.lib : uartStdio.obj (.text)
                  00802600    000005e0     system_config.lib : interrupt.obj (.text)
                  00802be0    000005a0     drivers.lib : spi.obj (.text)
                  00803180    00000580                 : uart.obj (.text)
                  00803700    00000460     main.obj (.text)
                  00803b60    00000440     SPI.obj (.text)
                  00803fa0    00000040     rts6740_elf.lib : args_main.c.obj (.text:_args_main)
                  00803fe0    00000020                     : startup.c.obj (.text:_system_post_cinit)
                  00804000    00000200     system_config.lib : intvecs.obj (.text)
                  00804200    00000140     Platform.lib : UARTConsole.obj (.text)
                  00804340    00000140     drivers.lib : psc.obj (.text)
                  00804480    00000100     rts6740_elf.lib : copy_decompress_rle.c.obj (.text:__TI_decompress_rle_core)
                  00804580    000000e0                     : exit.c.obj (.text:exit)
                  00804660    000000e0                     : memset.c.obj (.text:memset)
                  00804740    000000c0                     : autoinit.c.obj (.text:__TI_auto_init_nobinit_nopinit:__TI_auto_init_nobinit_nopinit)
                  00804800    000000c0                     : divu.asm.obj (.text:__divu)
                  008048c0    000000c0                     : tls.c.obj (.text:tls:init:__TI_tls_init)
                  00804980    000000a0                     : remu.asm.obj (.text:__remu)
                  00804a20    000000a0                     : memcpy64.asm.obj (.text:memcpy)
                  00804ac0    00000080                     : boot.c.obj (.text:_c_int00)
                  00804b40    00000020                     : pre_init.c.obj (.text:_system_pre_init)
                  00804b60    00000020                     : exit.c.obj (.text:abort)
                  00804b80    00000020                     : copy_decompress_none.c.obj (.text:decompress:none:__TI_decompress_none)
                  00804ba0    00000020                     : copy_decompress_rle.c.obj (.text:decompress:rle24:__TI_decompress_rle24)

.stack     0    00804bc0    00001000     UNINITIALIZED
                  00804bc0    00000008     rts6740_elf.lib : boot.c.obj (.stack)
                  00804bc8    00000ff8     --HOLE--

.const     0    00806114    0000018c     
                  00806114    00000170     main.obj (.const:.string)
                  00806284    0000001c     utils.lib : uartStdio.obj (.const:.string)

.switch    0    008062a0    00000044     
                  008062a0    00000024     utils.lib : uartStdio.obj (.switch:UARTprintf)
                  008062c4    00000020     SPI.obj (.switch:SPI1CSPinMuxSet)

.far       0    00805bc0    00000554     UNINITIALIZED
                  00805bc0    00000240     system_config.lib : interrupt.obj (.far)
                  00805e00    00000104     (.common:rx_data)
                  00805f04    00000004     --HOLE--
                  00805f08    00000104     (.common:tx_data)
                  0080600c    00000004     --HOLE--
                  00806010    00000104     (.common:vrf_data)

.neardata 
*          0    008062e4    00000004     UNINITIALIZED
                  008062e4    00000004     SPI.obj (.neardata)

.rodata    0    008062e8    00000004     UNINITIALIZED
                  008062e8    00000004     utils.lib : uartStdio.obj (.rodata)

.bss       0    008062ec    00000010     UNINITIALIZED
                  008062ec    00000004     (.common:p_rx)
                  008062f0    00000004     (.common:p_tx)
                  008062f4    00000004     (.common:rx_len)
                  008062f8    00000004     (.common:tx_len)

.cinit     0    00806308    00000068     
                  00806308    0000000d     (.cinit..fardata.load) [load image, compression = rle]
                  00806315    0000000b     (.cinit..far.load) [load image, compression = rle]
                  00806320    0000000a     (.cinit..neardata.load) [load image, compression = rle]
                  0080632a    0000000a     (.cinit..rodata.load) [load image, compression = rle]
                  00806334    00000009     (.cinit..bss.load) [load image, compression = rle]
                  0080633d    00000003     --HOLE-- [fill = 0]
                  00806340    00000008     (__TI_handler_table)
                  00806348    00000028     (__TI_cinit_table)

.init_array 
*          0    00800000    00000000     UNINITIALIZED

.fardata   0    008062fc    0000000c     UNINITIALIZED
                  008062fc    0000000c     rts6740_elf.lib : exit.c.obj (.fardata)

MODULE SUMMARY

       Module                       code    ro data   rw data
       ------                       ----    -------   -------
    .\
       main.obj                     1120    368       260    
       SPI.obj                      1088    32        540    
    +--+----------------------------+-------+---------+---------+
       Total:                       2208    400       800    
                                                             
    ../../Library/StarterWare/Drivers/Debug/drivers.lib
       spi.obj                      1440    0         0      
       uart.obj                     1408    0         0      
       psc.obj                      320     0         0      
    +--+----------------------------+-------+---------+---------+
       Total:                       3168    0         0      
                                                             
    ../../Library/StarterWare/Platform/Debug/Platform.lib
       UARTConsole.obj              320     0         0      
    +--+----------------------------+-------+---------+---------+
       Total:                       320     0         0      
                                                             
    ../../Library/StarterWare/SystemConfig/Debug/system_config.lib
       interrupt.obj                8320    0         576    
       intvecs.obj                  512     0         0      
    +--+----------------------------+-------+---------+---------+
       Total:                       8832    0         576    
                                                             
    ../../Library/StarterWare/utils/Debug/utils.lib
       uartStdio.obj                2912    68        0      
    +--+----------------------------+-------+---------+---------+
       Total:                       2912    68        0      
                                                             
    C:\ti\ti-cgt-c6000_8.3.12\lib\rts6740_elf.lib
       copy_decompress_rle.c.obj    288     0         0      
       exit.c.obj                   256     0         12     
       memset.c.obj                 224     0         0      
       autoinit.c.obj               192     0         0      
       divu.asm.obj                 192     0         0      
       tls.c.obj                    192     0         0      
       memcpy64.asm.obj             160     0         0      
       remu.asm.obj                 160     0         0      
       boot.c.obj                   128     0         0      
       args_main.c.obj              64      0         0      
       copy_decompress_none.c.obj   32      0         0      
       pre_init.c.obj               32      0         0      
       startup.c.obj                32      0         0      
    +--+----------------------------+-------+---------+---------+
       Total:                       1952    0         12     
                                                             
       Stack:                       0       0         4096   
       Linker Generated:            0       101       0      
    +--+----------------------------+-------+---------+---------+
       Grand Total:                 19392   569       5484   


LINKER GENERATED COPY TABLES

__TI_cinit_table @ 00806348 records: 5, size/record: 8, table size: 40
	.fardata: load addr=00806308, load size=0000000d bytes, run addr=008062fc, run size=0000000c bytes, compression=rle
	.far: load addr=00806315, load size=0000000b bytes, run addr=00805bc0, run size=00000554 bytes, compression=rle
	.neardata: load addr=00806320, load size=0000000a bytes, run addr=008062e4, run size=00000004 bytes, compression=rle
	.rodata: load addr=0080632a, load size=0000000a bytes, run addr=008062e8, run size=00000004 bytes, compression=rle
	.bss: load addr=00806334, load size=00000009 bytes, run addr=008062ec, run size=00000010 bytes, compression=rle


LINKER GENERATED HANDLER TABLE

__TI_handler_table @ 00806340 records: 2, size/record: 4, table size: 8
	index: 0, handler: __TI_decompress_rle24
	index: 1, handler: __TI_decompress_none


GLOBAL SYMBOLS: SORTED ALPHABETICALLY BY Name 

address   name                           
-------   ----                           
00804b60  C$$EXIT                        
00802a58  ExcCombineAdd                  
00802aa0  ExcCombineRemove               
00802a38  ExcGlobalEnable                
00802600  IntDSPINTCInit                 
008029b0  IntDisable                     
00802980  IntEnable                      
00802778  IntEventClear                  
008028b4  IntEventCombineAdd             
008027b0  IntEventCombineInit            
00802958  IntEventCombineRegister        
00802908  IntEventCombineRemove          
008026bc  IntEventMap                    
00802744  IntEventSet                    
00802a0c  IntGlobalDisable               
008029f8  IntGlobalEnable                
00802a20  IntGlobalRestore               
00802670  IntRegister                    
008029e4  IntReset                       
00802694  IntUnRegister                  
00803a6c  InterruptInit                  
00803780  IsFlashBusy                    
00804340  PSCModuleControl               
008038d8  ReadFlash                      
00803b60  SPI1CSPinMuxSet                
00802e58  SPICSTimerDisable              
00802e80  SPICSTimerEnable               
00802ea8  SPICharLengthSet               
00802be0  SPIClkConfigure                
00802ef8  SPIConfigClkFormat             
00802dc8  SPIDat1Config                  
00803e8c  SPIDataFormatConfig            
00803130  SPIDataReceive                 
00802da4  SPIDefaultCSSet                
00802ce4  SPIDelayConfigure              
00802c28  SPIEnable                      
00803ed0  SPIInit                        
008030d0  SPIIntDisable                  
008030ac  SPIIntEnable                   
00803084  SPIIntLevelSet                 
0080310c  SPIIntStatus                   
008030f4  SPIIntStatusClear              
0080314c  SPIInterruptVectorGet          
00803d28  SPIIsr                         
00802c74  SPIModeConfigure               
00802c60  SPIOutOfReset                  
00802fd4  SPIParityDisable               
00802f80  SPIParityEnable                
00802c98  SPIPinControl                  
00802c44  SPIReset                       
00802f54  SPIShiftLsbFirst               
00802f2c  SPIShiftMsbFirst               
00802e2c  SPITransmitData1               
00803058  SPIWaitDisable                 
00803030  SPIWaitEnable                  
00803000  SPIWdelaySet                   
008037b0  SectorErase                    
00803e28  SpiTransfer                    
00803700  StatusGet                      
008035e4  UARTBreakCtl                   
008034d4  UARTCharGet                    
008034a8  UARTCharGetNonBlocking         
00803510  UARTCharPut                    
00803468  UARTCharPutNonBlocking         
00803418  UARTCharsAvail                 
00803214  UARTConfigGetExpClk            
00803180  UARTConfigSetExpClk            
00804320  UARTConsoleGetc                
00804260  UARTConsoleInit                
008042f8  UARTConsolePutc                
008032ec  UARTDMADisable                 
008032cc  UARTDMAEnable                  
00803394  UARTDisable                    
00803378  UARTEnable                     
008033d4  UARTFIFODisable                
008033c0  UARTFIFOEnable                 
008032a8  UARTFIFOLevelSet               
00801e54  UARTGetHexNum                  
00801d94  UARTGetNum                     
00802104  UARTGetc                       
00801b44  UARTGets                       
00803590  UARTIntDisable                 
00803568  UARTIntEnable                  
008035b8  UARTIntStatus                  
00803670  UARTModemControlClear          
008036a4  UARTModemControlGet            
00803618  UARTModemControlSet            
008036c4  UARTModemStatusGet             
00803354  UARTParityModeGet              
0080330c  UARTParityModeSet              
00801ca4  UARTPutHexNum                  
00801be0  UARTPutNum                     
008020ec  UARTPutc                       
00801aac  UARTPuts                       
00803448  UARTRxErrorGet                 
008033ec  UARTSpaceAvail                 
00801aa0  UARTStdioInit                  
00802174  UARTprintf                     
00802110  UARTwrite                      
00803960  VerifyData                     
00803740  WriteEnable                    
00803808  WriteFlash                     
00806348  __TI_CINIT_Base                
00806370  __TI_CINIT_Limit               
00806340  __TI_Handler_Table_Base        
00806348  __TI_Handler_Table_Limit       
00805bc0  __TI_STACK_END                 
00001000  __TI_STACK_SIZE                
008062e4  __TI_STATIC_BASE               
UNDEFED   __TI_TLS_INIT_Base             
UNDEFED   __TI_TLS_INIT_Limit            
00804740  __TI_auto_init_nobinit_nopinit 
008062fc  __TI_cleanup_ptr               
00804b80  __TI_decompress_none           
00804ba0  __TI_decompress_rle24          
00806300  __TI_dtors_ptr                 
00806304  __TI_enable_exit_profile_output
ffffffff  __TI_pprof_out_hndl            
ffffffff  __TI_prof_data_size            
ffffffff  __TI_prof_data_start           
008048c0  __TI_tls_init                  
ffffffff  __binit__                      
00804800  __c6xabi_divu                  
00804980  __c6xabi_remu                  
ffffffff  __c_args__                     
00804800  __divu                         
00804980  __remu                         
00803fa0  _args_main                     
00800ff8  _c674x_mask_int10_isr          
008011c0  _c674x_mask_int11_isr          
00801384  _c674x_mask_int12_isr          
00801548  _c674x_mask_int13_isr          
00801710  _c674x_mask_int14_isr          
008018d8  _c674x_mask_int15_isr          
00800550  _c674x_mask_int4_isr           
00800718  _c674x_mask_int5_isr           
008008e0  _c674x_mask_int6_isr           
00800aa4  _c674x_mask_int7_isr           
00800c68  _c674x_mask_int8_isr           
00800e30  _c674x_mask_int9_isr           
00800000  _c674x_nmi_isr                 
008001c4  _c674x_rsvd_int2_isr           
00800388  _c674x_rsvd_int3_isr           
00804ac0  _c_int00                       
00804000  _intcVectorTable               
00804bc0  _stack                         
00803fe0  _system_post_cinit             
00804b40  _system_pre_init               
00804b60  abort                          
ffffffff  binit                          
00804580  exit                           
00803aa4  main                           
00804a20  memcpy                         
00804660  memset                         
008062ec  p_rx                           
008062f0  p_tx                           
00805e00  rx_data                        
008062f4  rx_len                         
008062e4  spi_flag                       
00805f08  tx_data                        
008062f8  tx_len                         
00806010  vrf_data                       


GLOBAL SYMBOLS: SORTED BY Symbol Address 

address   name                           
-------   ----                           
00001000  __TI_STACK_SIZE                
00800000  _c674x_nmi_isr                 
008001c4  _c674x_rsvd_int2_isr           
00800388  _c674x_rsvd_int3_isr           
00800550  _c674x_mask_int4_isr           
00800718  _c674x_mask_int5_isr           
008008e0  _c674x_mask_int6_isr           
00800aa4  _c674x_mask_int7_isr           
00800c68  _c674x_mask_int8_isr           
00800e30  _c674x_mask_int9_isr           
00800ff8  _c674x_mask_int10_isr          
008011c0  _c674x_mask_int11_isr          
00801384  _c674x_mask_int12_isr          
00801548  _c674x_mask_int13_isr          
00801710  _c674x_mask_int14_isr          
008018d8  _c674x_mask_int15_isr          
00801aa0  UARTStdioInit                  
00801aac  UARTPuts                       
00801b44  UARTGets                       
00801be0  UARTPutNum                     
00801ca4  UARTPutHexNum                  
00801d94  UARTGetNum                     
00801e54  UARTGetHexNum                  
008020ec  UARTPutc                       
00802104  UARTGetc                       
00802110  UARTwrite                      
00802174  UARTprintf                     
00802600  IntDSPINTCInit                 
00802670  IntRegister                    
00802694  IntUnRegister                  
008026bc  IntEventMap                    
00802744  IntEventSet                    
00802778  IntEventClear                  
008027b0  IntEventCombineInit            
008028b4  IntEventCombineAdd             
00802908  IntEventCombineRemove          
00802958  IntEventCombineRegister        
00802980  IntEnable                      
008029b0  IntDisable                     
008029e4  IntReset                       
008029f8  IntGlobalEnable                
00802a0c  IntGlobalDisable               
00802a20  IntGlobalRestore               
00802a38  ExcGlobalEnable                
00802a58  ExcCombineAdd                  
00802aa0  ExcCombineRemove               
00802be0  SPIClkConfigure                
00802c28  SPIEnable                      
00802c44  SPIReset                       
00802c60  SPIOutOfReset                  
00802c74  SPIModeConfigure               
00802c98  SPIPinControl                  
00802ce4  SPIDelayConfigure              
00802da4  SPIDefaultCSSet                
00802dc8  SPIDat1Config                  
00802e2c  SPITransmitData1               
00802e58  SPICSTimerDisable              
00802e80  SPICSTimerEnable               
00802ea8  SPICharLengthSet               
00802ef8  SPIConfigClkFormat             
00802f2c  SPIShiftMsbFirst               
00802f54  SPIShiftLsbFirst               
00802f80  SPIParityEnable                
00802fd4  SPIParityDisable               
00803000  SPIWdelaySet                   
00803030  SPIWaitEnable                  
00803058  SPIWaitDisable                 
00803084  SPIIntLevelSet                 
008030ac  SPIIntEnable                   
008030d0  SPIIntDisable                  
008030f4  SPIIntStatusClear              
0080310c  SPIIntStatus                   
00803130  SPIDataReceive                 
0080314c  SPIInterruptVectorGet          
00803180  UARTConfigSetExpClk            
00803214  UARTConfigGetExpClk            
008032a8  UARTFIFOLevelSet               
008032cc  UARTDMAEnable                  
008032ec  UARTDMADisable                 
0080330c  UARTParityModeSet              
00803354  UARTParityModeGet              
00803378  UARTEnable                     
00803394  UARTDisable                    
008033c0  UARTFIFOEnable                 
008033d4  UARTFIFODisable                
008033ec  UARTSpaceAvail                 
00803418  UARTCharsAvail                 
00803448  UARTRxErrorGet                 
00803468  UARTCharPutNonBlocking         
008034a8  UARTCharGetNonBlocking         
008034d4  UARTCharGet                    
00803510  UARTCharPut                    
00803568  UARTIntEnable                  
00803590  UARTIntDisable                 
008035b8  UARTIntStatus                  
008035e4  UARTBreakCtl                   
00803618  UARTModemControlSet            
00803670  UARTModemControlClear          
008036a4  UARTModemControlGet            
008036c4  UARTModemStatusGet             
00803700  StatusGet                      
00803740  WriteEnable                    
00803780  IsFlashBusy                    
008037b0  SectorErase                    
00803808  WriteFlash                     
008038d8  ReadFlash                      
00803960  VerifyData                     
00803a6c  InterruptInit                  
00803aa4  main                           
00803b60  SPI1CSPinMuxSet                
00803d28  SPIIsr                         
00803e28  SpiTransfer                    
00803e8c  SPIDataFormatConfig            
00803ed0  SPIInit                        
00803fa0  _args_main                     
00803fe0  _system_post_cinit             
00804000  _intcVectorTable               
00804260  UARTConsoleInit                
008042f8  UARTConsolePutc                
00804320  UARTConsoleGetc                
00804340  PSCModuleControl               
00804580  exit                           
00804660  memset                         
00804740  __TI_auto_init_nobinit_nopinit 
00804800  __c6xabi_divu                  
00804800  __divu                         
008048c0  __TI_tls_init                  
00804980  __c6xabi_remu                  
00804980  __remu                         
00804a20  memcpy                         
00804ac0  _c_int00                       
00804b40  _system_pre_init               
00804b60  C$$EXIT                        
00804b60  abort                          
00804b80  __TI_decompress_none           
00804ba0  __TI_decompress_rle24          
00804bc0  _stack                         
00805bc0  __TI_STACK_END                 
00805e00  rx_data                        
00805f08  tx_data                        
00806010  vrf_data                       
008062e4  __TI_STATIC_BASE               
008062e4  spi_flag                       
008062ec  p_rx                           
008062f0  p_tx                           
008062f4  rx_len                         
008062f8  tx_len                         
008062fc  __TI_cleanup_ptr               
00806300  __TI_dtors_ptr                 
00806304  __TI_enable_exit_profile_output
00806340  __TI_Handler_Table_Base        
00806348  __TI_CINIT_Base                
00806348  __TI_Handler_Table_Limit       
00806370  __TI_CINIT_Limit               
ffffffff  __TI_pprof_out_hndl            
ffffffff  __TI_prof_data_size            
ffffffff  __TI_prof_data_start           
ffffffff  __binit__                      
ffffffff  __c_args__                     
ffffffff  binit                          
UNDEFED   __TI_TLS_INIT_Base             
UNDEFED   __TI_TLS_INIT_Limit            

[162 symbols]
