******************************************************************************
               TMS320C6x Linker PC v8.3.12                     
******************************************************************************
>> Linked Sun Apr 24 23:04:57 2022

OUTPUT FILE NAME:   <WM8960_LINE_OUT_WAV.out>
ENTRY POINT SYMBOL: "_c_int00"  address: 11807800


MEMORY CONFIGURATION

         name            origin    length      used     unused   attr    fill
----------------------  --------  ---------  --------  --------  ----  --------
  DSPL2RAM              11800000   00040000  00008a30  000375d0  RWIX
  SHRAM                 80000000   00020000  00000000  00020000  RWIX
  DDR2                  c0000000   08000000  032002b6  04dffd4a  RWIX


SEGMENT ALLOCATION MAP

run origin  load origin   length   init length attrs members
----------  ----------- ---------- ----------- ----- -------
11800000    11800000    00007900   00007900    r-x
  11800000    11800000    00007900   00007900    r-x .text
11807900    11807900    00001000   00000000    rw-
  11807900    11807900    00001000   00000000    rw- .stack
11808900    11808900    000000a8   000000a4    r--
  11808900    11808900    00000080   00000080    r-- .const
  11808980    11808980    00000024   00000024    r-- .switch
  118089a4    118089a4    00000004   00000000    r-- .rodata
118089a8    118089a8    00000018   00000000    rw-
  118089a8    118089a8    00000018   00000000    rw- .bss
118089c0    118089c0    00000070   00000070    r--
  118089c0    118089c0    00000070   00000070    r-- .cinit
c0000000    c0000000    032002b8   00000000    rw-
  c0000000    c0000000    032002aa   00000000    rw- .far
  c32002ac    c32002ac    0000000c   00000000    rw- .fardata


SECTION ALLOCATION MAP

 output                                  attributes/
section   page    origin      length       input sections
--------  ----  ----------  ----------   ----------------
.text      0    11800000    00007900     
                  11800000    00001aa0     system_config.lib : interrupt.obj (.text:retain)
                  11801aa0    000017a0     drivers.lib : edma.obj (.text)
                  11803240    000010c0                 : mcasp.obj (.text)
                  11804300    00000b60     utils.lib : uartStdio.obj (.text)
                  11804e60    000005e0     main.obj (.text)
                  11805440    000005e0     system_config.lib : interrupt.obj (.text)
                  11805a20    00000580     drivers.lib : uart.obj (.text)
                  11805fa0    000004c0                 : i2c.obj (.text)
                  11806460    00000400     McASPInit.obj (.text)
                  11806860    00000340     I2C.obj (.text)
                  11806ba0    00000040     rts6740_elf.lib : args_main.c.obj (.text:_args_main)
                  11806be0    00000020                     : startup.c.obj (.text:_system_post_cinit)
                  11806c00    00000200     system_config.lib : intvecs.obj (.text)
                  11806e00    00000140     Platform.lib : UARTConsole.obj (.text)
                  11806f40    00000140     WM8960Init.obj (.text)
                  11807080    00000140     drivers.lib : psc.obj (.text)
                  118071c0    00000100     rts6740_elf.lib : copy_decompress_rle.c.obj (.text:__TI_decompress_rle_core)
                  118072c0    000000e0                     : exit.c.obj (.text:exit)
                  118073a0    000000e0                     : memset.c.obj (.text:memset)
                  11807480    000000c0                     : autoinit.c.obj (.text:__TI_auto_init_nobinit_nopinit:__TI_auto_init_nobinit_nopinit)
                  11807540    000000c0                     : divu.asm.obj (.text:__divu)
                  11807600    000000c0                     : tls.c.obj (.text:tls:init:__TI_tls_init)
                  118076c0    000000a0                     : remu.asm.obj (.text:__remu)
                  11807760    000000a0                     : memcpy64.asm.obj (.text:memcpy)
                  11807800    00000080                     : boot.c.obj (.text:_c_int00)
                  11807880    00000020                     : pre_init.c.obj (.text:_system_pre_init)
                  118078a0    00000020                     : exit.c.obj (.text:abort)
                  118078c0    00000020                     : copy_decompress_none.c.obj (.text:decompress:none:__TI_decompress_none)
                  118078e0    00000020                     : copy_decompress_rle.c.obj (.text:decompress:rle24:__TI_decompress_rle24)

.stack     0    11807900    00001000     UNINITIALIZED
                  11807900    00000008     rts6740_elf.lib : boot.c.obj (.stack)
                  11807908    00000ff8     --HOLE--

.const     0    11808900    00000080     
                  11808900    00000064     main.obj (.const:.string)
                  11808964    0000001c     utils.lib : uartStdio.obj (.const:.string)

.switch    0    11808980    00000024     
                  11808980    00000024     utils.lib : uartStdio.obj (.switch:UARTprintf)

.cinit     0    118089c0    00000070     
                  118089c0    00000022     (.cinit..far.load) [load image, compression = rle]
                  118089e2    0000000d     (.cinit..fardata.load) [load image, compression = rle]
                  118089ef    0000000a     (.cinit..rodata.load) [load image, compression = rle]
                  118089f9    00000009     (.cinit..bss.load) [load image, compression = rle]
                  11808a02    00000002     --HOLE-- [fill = 0]
                  11808a04    00000008     (__TI_handler_table)
                  11808a0c    00000004     --HOLE-- [fill = 0]
                  11808a10    00000020     (__TI_cinit_table)

.init_array 
*          0    11800000    00000000     UNINITIALIZED

.neardata 
*          0    118089a4    00000000     UNINITIALIZED

.rodata    0    118089a4    00000004     UNINITIALIZED
                  118089a4    00000004     utils.lib : uartStdio.obj (.rodata)

.bss       0    118089a8    00000018     UNINITIALIZED
                  118089a8    00000004     drivers.lib : edma.obj (.bss)
                  118089ac    00000004     (.common:channel_num)
                  118089b0    00000004     (.common:data_length)
                  118089b4    00000004     (.common:data_start)
                  118089b8    00000004     (.common:sample_rate)
                  118089bc    00000004     (.common:slot_size)

.far       0    c0000000    032002aa     UNINITIALIZED
                  c0000000    03200000     (.common:wav_sound)
                  c3200000    00000240     system_config.lib : interrupt.obj (.far)
                  c3200240    00000060     main.obj (.far:dmaPar$1)
                  c32002a0    0000000a     (.common:I2CData)

.fardata   0    c32002ac    0000000c     UNINITIALIZED
                  c32002ac    0000000c     rts6740_elf.lib : exit.c.obj (.fardata)

MODULE SUMMARY

       Module                       code    ro data   rw data 
       ------                       ----    -------   ------- 
    .\
       main.obj                     1504    100       52428916
       McASPInit.obj                1024    0         0       
       I2C.obj                      832     0         10      
       WM8960Init.obj               320     0         0       
    +--+----------------------------+-------+---------+----------+
       Total:                       3680    100       52428926
                                                              
    ../../Library/StarterWare/Drivers/Debug/drivers.lib
       edma.obj                     6048    0         4       
       mcasp.obj                    4288    0         0       
       uart.obj                     1408    0         0       
       i2c.obj                      1216    0         0       
       psc.obj                      320     0         0       
    +--+----------------------------+-------+---------+----------+
       Total:                       13280   0         4       
                                                              
    ../../Library/StarterWare/Platform/Debug/Platform.lib
       UARTConsole.obj              320     0         0       
    +--+----------------------------+-------+---------+----------+
       Total:                       320     0         0       
                                                              
    ../../Library/StarterWare/SystemConfig/Debug/system_config.lib
       interrupt.obj                8320    0         576     
       intvecs.obj                  512     0         0       
    +--+----------------------------+-------+---------+----------+
       Total:                       8832    0         576     
                                                              
    ../../Library/StarterWare/utils/Debug/utils.lib
       uartStdio.obj                2912    68        0       
    +--+----------------------------+-------+---------+----------+
       Total:                       2912    68        0       
                                                              
    C:\ti\ti-cgt-c6000_8.3.12\lib\rts6740_elf.lib
       copy_decompress_rle.c.obj    288     0         0       
       exit.c.obj                   256     0         12      
       memset.c.obj                 224     0         0       
       autoinit.c.obj               192     0         0       
       divu.asm.obj                 192     0         0       
       tls.c.obj                    192     0         0       
       memcpy64.asm.obj             160     0         0       
       remu.asm.obj                 160     0         0       
       boot.c.obj                   128     0         0       
       args_main.c.obj              64      0         0       
       copy_decompress_none.c.obj   32      0         0       
       pre_init.c.obj               32      0         0       
       startup.c.obj                32      0         0       
    +--+----------------------------+-------+---------+----------+
       Total:                       1952    0         12      
                                                              
       Stack:                       0       0         4096    
       Linker Generated:            0       106       0       
    +--+----------------------------+-------+---------+----------+
       Grand Total:                 30976   274       52433614


LINKER GENERATED COPY TABLES

__TI_cinit_table @ 11808a10 records: 4, size/record: 8, table size: 32
	.far: load addr=118089c0, load size=00000022 bytes, run addr=c0000000, run size=032002aa bytes, compression=rle
	.fardata: load addr=118089e2, load size=0000000d bytes, run addr=c32002ac, run size=0000000c bytes, compression=rle
	.rodata: load addr=118089ef, load size=0000000a bytes, run addr=118089a4, run size=00000004 bytes, compression=rle
	.bss: load addr=118089f9, load size=00000009 bytes, run addr=118089a8, run size=00000018 bytes, compression=rle


LINKER GENERATED HANDLER TABLE

__TI_handler_table @ 11808a04 records: 2, size/record: 4, table size: 8
	index: 0, handler: __TI_decompress_rle24
	index: 1, handler: __TI_decompress_none


GLOBAL SYMBOLS: SORTED ALPHABETICALLY BY Name 

address   name                           
-------   ----                           
118078a0  C$$EXIT                        
11801e20  EDMA3ChannelToParamMap         
11802bc0  EDMA3ClearErrorBits            
118021c0  EDMA3ClrCCErr                  
11802264  EDMA3ClrEvt                    
11802658  EDMA3ClrIntr                   
118020b4  EDMA3ClrMissEvt                
11803054  EDMA3ContextRestore            
11802e78  EDMA3ContextSave               
11802d58  EDMA3Deinit                    
11801d5c  EDMA3DisableChInShadowReg      
11802370  EDMA3DisableDmaEvt             
118025d0  EDMA3DisableEvtIntr            
11802428  EDMA3DisableQdmaEvt            
11802b30  EDMA3DisableTransfer           
11801c94  EDMA3EnableChInShadowReg       
118022e8  EDMA3EnableDmaEvt              
11802548  EDMA3EnableEvtIntr             
118023f4  EDMA3EnableQdmaEvt             
11802aa8  EDMA3EnableTransfer            
11802500  EDMA3ErrIntrHighStatusGet      
11802a08  EDMA3FreeChannel               
11802458  EDMA3GetCCErrStatus            
118024d8  EDMA3GetErrIntrStatus          
11802480  EDMA3GetIntrStatus             
118026c4  EDMA3GetPaRAM                  
11801aa0  EDMA3Init                      
118024ac  EDMA3IntrStatusHighGet         
11801e44  EDMA3MapChToEvtQ               
11801f8c  EDMA3MapQdmaChToPaRAM          
11801c80  EDMA3PeripheralIdGet           
11802168  EDMA3QdmaClrMissEvt            
11802524  EDMA3QdmaGetErrIntrStatus      
11802720  EDMA3QdmaGetPaRAM              
11802898  EDMA3QdmaGetPaRAMEntry         
118027ec  EDMA3QdmaSetPaRAM              
11802858  EDMA3QdmaSetPaRAMEntry         
118028e4  EDMA3RequestChannel            
118021e0  EDMA3SetEvt                    
11802788  EDMA3SetPaRAM                  
11802078  EDMA3SetQdmaTrigWord           
11801f08  EDMA3UnmapChToEvtQ             
11805238  EDMAVersionGet                 
11805898  ExcCombineAdd                  
118058e0  ExcCombineRemove               
11805878  ExcGlobalEnable                
11806424  I2CDMARxEventDisable           
118063d8  I2CDMARxEventEnable            
11806400  I2CDMATxEventDisable           
118063b4  I2CDMATxEventEnable            
118063a0  I2CDMATxRxEventDisable         
c32002a0  I2CData                        
11806b40  I2CInit                        
11806368  I2CInterruptVectorGet          
118061c8  I2CMasterBusBusy               
11806210  I2CMasterControl               
118062e0  I2CMasterDataGet               
118062b8  I2CMasterDataPut               
11806078  I2CMasterDisable               
11806040  I2CMasterEnable                
11806290  I2CMasterErr                   
11805fa0  I2CMasterInitExpClk            
11806184  I2CMasterIntClearEx            
118060e4  I2CMasterIntDisableEx          
11806098  I2CMasterIntEnableEx           
1180612c  I2CMasterIntStatus             
118061ec  I2CMasterIsBusy                
118061b0  I2CMasterSlaveAddrSet          
11806238  I2CMasterStart                 
11806258  I2CMasterStop                  
11806350  I2COwnAddressSet               
11806990  I2CRcvBlocking                 
11806ac4  I2CRegRead                     
11806a84  I2CRegWrite                    
118068ac  I2CSendBlocking                
11806338  I2CSetDataCount                
11806384  I2CSlaveAddressGet             
11806320  I2CSlaveDataGet                
118062f8  I2CSlaveDataPut                
11806198  I2CSlaveIntClearEx             
11806108  I2CSlaveIntDisableEx           
118060c0  I2CSlaveIntEnableEx            
11806148  I2CSlaveIntStatus              
11806164  I2CSlaveIntStatusEx            
11806278  I2CStatusClear                 
118067b0  I2SDataTxRxActivate            
11806478  InputSample                    
11805440  IntDSPINTCInit                 
118057f0  IntDisable                     
118057c0  IntEnable                      
118055b8  IntEventClear                  
118056f4  IntEventCombineAdd             
118055f0  IntEventCombineInit            
11805798  IntEventCombineRegister        
11805748  IntEventCombineRemove          
118054fc  IntEventMap                    
11805584  IntEventSet                    
1180584c  IntGlobalDisable               
11805838  IntGlobalEnable                
11805860  IntGlobalRestore               
118054b0  IntRegister                    
11805824  IntReset                       
118054d4  IntUnRegister                  
118039c8  McASPAMUTEINActivate           
11803918  McASPAMuteDisable              
118038f0  McASPAMuteEnable               
118040cc  McASPContextRestore            
11803e98  McASPContextSave               
118066f8  McASPI2SConfigure              
11806490  McASPI2SRxConfigure            
118065c4  McASPI2STxConfigure            
11806784  McASPIntInit                   
11803888  McASPPinDirInputSet            
11803858  McASPPinDirOutputSet           
11803800  McASPPinGPIOSet                
1180382c  McASPPinMcASPSet               
118032b8  McASPReadFifoEnable            
11803e18  McASPRxBufRead                 
1180352c  McASPRxClkCfg                  
11803984  McASPRxClkCheckConfig          
11803618  McASPRxClkPolaritySet          
11803c48  McASPRxClkStart                
11803d88  McASPRxEnable                  
118033cc  McASPRxFmtI2SSet               
11803318  McASPRxFmtMaskSet              
11803354  McASPRxFmtSet                  
11803454  McASPRxFrameSyncCfg            
118036a0  McASPRxHFClkPolaritySet        
11803a94  McASPRxIntDisable              
11803a40  McASPRxIntEnable               
11803258  McASPRxReset                   
11803b34  McASPRxSerActivate             
11803e80  McASPRxStatusGet               
118038d4  McASPRxTimeSlotSet             
118037d0  McASPSerializerInactivate      
11803778  McASPSerializerRxSet           
11803724  McASPSerializerTxSet           
11803e40  McASPTxBufWrite                
11803484  McASPTxClkCfg                  
11803940  McASPTxClkCheckConfig          
118035d8  McASPTxClkPolaritySet          
11803b90  McASPTxClkStart                
11803cd8  McASPTxEnable                  
11803370  McASPTxFmtI2SSet               
118032f8  McASPTxFmtMaskSet              
11803334  McASPTxFmtSet                  
11803424  McASPTxFrameSyncCfg            
11803660  McASPTxHFClkPolaritySet        
11803a6c  McASPTxIntDisable              
11803a18  McASPTxIntEnable               
11803240  McASPTxReset                   
11803704  McASPTxRxClkSyncDisable        
118036e4  McASPTxRxClkSyncEnable         
11803ac4  McASPTxSerActivate             
11803e64  McASPTxStatusGet               
118038b4  McASPTxTimeSlotSet             
11803274  McASPWriteFifoEnable           
11806460  OutputSample                   
11807080  PSCModuleControl               
11805e84  UARTBreakCtl                   
11805d74  UARTCharGet                    
11805d48  UARTCharGetNonBlocking         
11805db0  UARTCharPut                    
11805d08  UARTCharPutNonBlocking         
11805cb8  UARTCharsAvail                 
11805ab4  UARTConfigGetExpClk            
11805a20  UARTConfigSetExpClk            
11806f20  UARTConsoleGetc                
11806e60  UARTConsoleInit                
11806ef8  UARTConsolePutc                
11805b8c  UARTDMADisable                 
11805b6c  UARTDMAEnable                  
11805c34  UARTDisable                    
11805c18  UARTEnable                     
11805c74  UARTFIFODisable                
11805c60  UARTFIFOEnable                 
11805b48  UARTFIFOLevelSet               
118046b4  UARTGetHexNum                  
118045f4  UARTGetNum                     
11804964  UARTGetc                       
118043a4  UARTGets                       
11805e30  UARTIntDisable                 
11805e08  UARTIntEnable                  
11805e58  UARTIntStatus                  
11805f10  UARTModemControlClear          
11805f44  UARTModemControlGet            
11805eb8  UARTModemControlSet            
11805f64  UARTModemStatusGet             
11805bf4  UARTParityModeGet              
11805bac  UARTParityModeSet              
11804504  UARTPutHexNum                  
11804440  UARTPutNum                     
1180494c  UARTPutc                       
1180430c  UARTPuts                       
11805ce8  UARTRxErrorGet                 
11805c8c  UARTSpaceAvail                 
11804300  UARTStdioInit                  
118049d4  UARTprintf                     
11804970  UARTwrite                      
11806f84  WM8960Init                     
11806f40  WM8960WriteReg                 
11808a10  __TI_CINIT_Base                
11808a30  __TI_CINIT_Limit               
11808a04  __TI_Handler_Table_Base        
11808a0c  __TI_Handler_Table_Limit       
11808900  __TI_STACK_END                 
00001000  __TI_STACK_SIZE                
118089a4  __TI_STATIC_BASE               
UNDEFED   __TI_TLS_INIT_Base             
UNDEFED   __TI_TLS_INIT_Limit            
11807480  __TI_auto_init_nobinit_nopinit 
c32002ac  __TI_cleanup_ptr               
118078c0  __TI_decompress_none           
118078e0  __TI_decompress_rle24          
c32002b0  __TI_dtors_ptr                 
c32002b4  __TI_enable_exit_profile_output
ffffffff  __TI_pprof_out_hndl            
ffffffff  __TI_prof_data_size            
ffffffff  __TI_prof_data_start           
11807600  __TI_tls_init                  
ffffffff  __binit__                      
11807540  __c6xabi_divu                  
118076c0  __c6xabi_remu                  
ffffffff  __c_args__                     
11807540  __divu                         
118076c0  __remu                         
11806ba0  _args_main                     
11800ff8  _c674x_mask_int10_isr          
118011c0  _c674x_mask_int11_isr          
11801384  _c674x_mask_int12_isr          
11801548  _c674x_mask_int13_isr          
11801710  _c674x_mask_int14_isr          
118018d8  _c674x_mask_int15_isr          
11800550  _c674x_mask_int4_isr           
11800718  _c674x_mask_int5_isr           
118008e0  _c674x_mask_int6_isr           
11800aa4  _c674x_mask_int7_isr           
11800c68  _c674x_mask_int8_isr           
11800e30  _c674x_mask_int9_isr           
11800000  _c674x_nmi_isr                 
118001c4  _c674x_rsvd_int2_isr           
11800388  _c674x_rsvd_int3_isr           
11807800  _c_int00                       
11806c00  _intcVectorTable               
11807900  _stack                         
11806be0  _system_post_cinit             
11807880  _system_pre_init               
118078a0  abort                          
ffffffff  binit                          
118089ac  channel_num                    
118089b0  data_length                    
118089b4  data_start                     
118072c0  exit                           
11805244  main                           
11807760  memcpy                         
118073a0  memset                         
118089a8  regionId                       
118089b8  sample_rate                    
118089bc  slot_size                      
c0000000  wav_sound                      


GLOBAL SYMBOLS: SORTED BY Symbol Address 

address   name                           
-------   ----                           
00001000  __TI_STACK_SIZE                
11800000  _c674x_nmi_isr                 
118001c4  _c674x_rsvd_int2_isr           
11800388  _c674x_rsvd_int3_isr           
11800550  _c674x_mask_int4_isr           
11800718  _c674x_mask_int5_isr           
118008e0  _c674x_mask_int6_isr           
11800aa4  _c674x_mask_int7_isr           
11800c68  _c674x_mask_int8_isr           
11800e30  _c674x_mask_int9_isr           
11800ff8  _c674x_mask_int10_isr          
118011c0  _c674x_mask_int11_isr          
11801384  _c674x_mask_int12_isr          
11801548  _c674x_mask_int13_isr          
11801710  _c674x_mask_int14_isr          
118018d8  _c674x_mask_int15_isr          
11801aa0  EDMA3Init                      
11801c80  EDMA3PeripheralIdGet           
11801c94  EDMA3EnableChInShadowReg       
11801d5c  EDMA3DisableChInShadowReg      
11801e20  EDMA3ChannelToParamMap         
11801e44  EDMA3MapChToEvtQ               
11801f08  EDMA3UnmapChToEvtQ             
11801f8c  EDMA3MapQdmaChToPaRAM          
11802078  EDMA3SetQdmaTrigWord           
118020b4  EDMA3ClrMissEvt                
11802168  EDMA3QdmaClrMissEvt            
118021c0  EDMA3ClrCCErr                  
118021e0  EDMA3SetEvt                    
11802264  EDMA3ClrEvt                    
118022e8  EDMA3EnableDmaEvt              
11802370  EDMA3DisableDmaEvt             
118023f4  EDMA3EnableQdmaEvt             
11802428  EDMA3DisableQdmaEvt            
11802458  EDMA3GetCCErrStatus            
11802480  EDMA3GetIntrStatus             
118024ac  EDMA3IntrStatusHighGet         
118024d8  EDMA3GetErrIntrStatus          
11802500  EDMA3ErrIntrHighStatusGet      
11802524  EDMA3QdmaGetErrIntrStatus      
11802548  EDMA3EnableEvtIntr             
118025d0  EDMA3DisableEvtIntr            
11802658  EDMA3ClrIntr                   
118026c4  EDMA3GetPaRAM                  
11802720  EDMA3QdmaGetPaRAM              
11802788  EDMA3SetPaRAM                  
118027ec  EDMA3QdmaSetPaRAM              
11802858  EDMA3QdmaSetPaRAMEntry         
11802898  EDMA3QdmaGetPaRAMEntry         
118028e4  EDMA3RequestChannel            
11802a08  EDMA3FreeChannel               
11802aa8  EDMA3EnableTransfer            
11802b30  EDMA3DisableTransfer           
11802bc0  EDMA3ClearErrorBits            
11802d58  EDMA3Deinit                    
11802e78  EDMA3ContextSave               
11803054  EDMA3ContextRestore            
11803240  McASPTxReset                   
11803258  McASPRxReset                   
11803274  McASPWriteFifoEnable           
118032b8  McASPReadFifoEnable            
118032f8  McASPTxFmtMaskSet              
11803318  McASPRxFmtMaskSet              
11803334  McASPTxFmtSet                  
11803354  McASPRxFmtSet                  
11803370  McASPTxFmtI2SSet               
118033cc  McASPRxFmtI2SSet               
11803424  McASPTxFrameSyncCfg            
11803454  McASPRxFrameSyncCfg            
11803484  McASPTxClkCfg                  
1180352c  McASPRxClkCfg                  
118035d8  McASPTxClkPolaritySet          
11803618  McASPRxClkPolaritySet          
11803660  McASPTxHFClkPolaritySet        
118036a0  McASPRxHFClkPolaritySet        
118036e4  McASPTxRxClkSyncEnable         
11803704  McASPTxRxClkSyncDisable        
11803724  McASPSerializerTxSet           
11803778  McASPSerializerRxSet           
118037d0  McASPSerializerInactivate      
11803800  McASPPinGPIOSet                
1180382c  McASPPinMcASPSet               
11803858  McASPPinDirOutputSet           
11803888  McASPPinDirInputSet            
118038b4  McASPTxTimeSlotSet             
118038d4  McASPRxTimeSlotSet             
118038f0  McASPAMuteEnable               
11803918  McASPAMuteDisable              
11803940  McASPTxClkCheckConfig          
11803984  McASPRxClkCheckConfig          
118039c8  McASPAMUTEINActivate           
11803a18  McASPTxIntEnable               
11803a40  McASPRxIntEnable               
11803a6c  McASPTxIntDisable              
11803a94  McASPRxIntDisable              
11803ac4  McASPTxSerActivate             
11803b34  McASPRxSerActivate             
11803b90  McASPTxClkStart                
11803c48  McASPRxClkStart                
11803cd8  McASPTxEnable                  
11803d88  McASPRxEnable                  
11803e18  McASPRxBufRead                 
11803e40  McASPTxBufWrite                
11803e64  McASPTxStatusGet               
11803e80  McASPRxStatusGet               
11803e98  McASPContextSave               
118040cc  McASPContextRestore            
11804300  UARTStdioInit                  
1180430c  UARTPuts                       
118043a4  UARTGets                       
11804440  UARTPutNum                     
11804504  UARTPutHexNum                  
118045f4  UARTGetNum                     
118046b4  UARTGetHexNum                  
1180494c  UARTPutc                       
11804964  UARTGetc                       
11804970  UARTwrite                      
118049d4  UARTprintf                     
11805238  EDMAVersionGet                 
11805244  main                           
11805440  IntDSPINTCInit                 
118054b0  IntRegister                    
118054d4  IntUnRegister                  
118054fc  IntEventMap                    
11805584  IntEventSet                    
118055b8  IntEventClear                  
118055f0  IntEventCombineInit            
118056f4  IntEventCombineAdd             
11805748  IntEventCombineRemove          
11805798  IntEventCombineRegister        
118057c0  IntEnable                      
118057f0  IntDisable                     
11805824  IntReset                       
11805838  IntGlobalEnable                
1180584c  IntGlobalDisable               
11805860  IntGlobalRestore               
11805878  ExcGlobalEnable                
11805898  ExcCombineAdd                  
118058e0  ExcCombineRemove               
11805a20  UARTConfigSetExpClk            
11805ab4  UARTConfigGetExpClk            
11805b48  UARTFIFOLevelSet               
11805b6c  UARTDMAEnable                  
11805b8c  UARTDMADisable                 
11805bac  UARTParityModeSet              
11805bf4  UARTParityModeGet              
11805c18  UARTEnable                     
11805c34  UARTDisable                    
11805c60  UARTFIFOEnable                 
11805c74  UARTFIFODisable                
11805c8c  UARTSpaceAvail                 
11805cb8  UARTCharsAvail                 
11805ce8  UARTRxErrorGet                 
11805d08  UARTCharPutNonBlocking         
11805d48  UARTCharGetNonBlocking         
11805d74  UARTCharGet                    
11805db0  UARTCharPut                    
11805e08  UARTIntEnable                  
11805e30  UARTIntDisable                 
11805e58  UARTIntStatus                  
11805e84  UARTBreakCtl                   
11805eb8  UARTModemControlSet            
11805f10  UARTModemControlClear          
11805f44  UARTModemControlGet            
11805f64  UARTModemStatusGet             
11805fa0  I2CMasterInitExpClk            
11806040  I2CMasterEnable                
11806078  I2CMasterDisable               
11806098  I2CMasterIntEnableEx           
118060c0  I2CSlaveIntEnableEx            
118060e4  I2CMasterIntDisableEx          
11806108  I2CSlaveIntDisableEx           
1180612c  I2CMasterIntStatus             
11806148  I2CSlaveIntStatus              
11806164  I2CSlaveIntStatusEx            
11806184  I2CMasterIntClearEx            
11806198  I2CSlaveIntClearEx             
118061b0  I2CMasterSlaveAddrSet          
118061c8  I2CMasterBusBusy               
118061ec  I2CMasterIsBusy                
11806210  I2CMasterControl               
11806238  I2CMasterStart                 
11806258  I2CMasterStop                  
11806278  I2CStatusClear                 
11806290  I2CMasterErr                   
118062b8  I2CMasterDataPut               
118062e0  I2CMasterDataGet               
118062f8  I2CSlaveDataPut                
11806320  I2CSlaveDataGet                
11806338  I2CSetDataCount                
11806350  I2COwnAddressSet               
11806368  I2CInterruptVectorGet          
11806384  I2CSlaveAddressGet             
118063a0  I2CDMATxRxEventDisable         
118063b4  I2CDMATxEventEnable            
118063d8  I2CDMARxEventEnable            
11806400  I2CDMATxEventDisable           
11806424  I2CDMARxEventDisable           
11806460  OutputSample                   
11806478  InputSample                    
11806490  McASPI2SRxConfigure            
118065c4  McASPI2STxConfigure            
118066f8  McASPI2SConfigure              
11806784  McASPIntInit                   
118067b0  I2SDataTxRxActivate            
118068ac  I2CSendBlocking                
11806990  I2CRcvBlocking                 
11806a84  I2CRegWrite                    
11806ac4  I2CRegRead                     
11806b40  I2CInit                        
11806ba0  _args_main                     
11806be0  _system_post_cinit             
11806c00  _intcVectorTable               
11806e60  UARTConsoleInit                
11806ef8  UARTConsolePutc                
11806f20  UARTConsoleGetc                
11806f40  WM8960WriteReg                 
11806f84  WM8960Init                     
11807080  PSCModuleControl               
118072c0  exit                           
118073a0  memset                         
11807480  __TI_auto_init_nobinit_nopinit 
11807540  __c6xabi_divu                  
11807540  __divu                         
11807600  __TI_tls_init                  
118076c0  __c6xabi_remu                  
118076c0  __remu                         
11807760  memcpy                         
11807800  _c_int00                       
11807880  _system_pre_init               
118078a0  C$$EXIT                        
118078a0  abort                          
118078c0  __TI_decompress_none           
118078e0  __TI_decompress_rle24          
11807900  _stack                         
11808900  __TI_STACK_END                 
118089a4  __TI_STATIC_BASE               
118089a8  regionId                       
118089ac  channel_num                    
118089b0  data_length                    
118089b4  data_start                     
118089b8  sample_rate                    
118089bc  slot_size                      
11808a04  __TI_Handler_Table_Base        
11808a0c  __TI_Handler_Table_Limit       
11808a10  __TI_CINIT_Base                
11808a30  __TI_CINIT_Limit               
c0000000  wav_sound                      
c32002a0  I2CData                        
c32002ac  __TI_cleanup_ptr               
c32002b0  __TI_dtors_ptr                 
c32002b4  __TI_enable_exit_profile_output
ffffffff  __TI_pprof_out_hndl            
ffffffff  __TI_prof_data_size            
ffffffff  __TI_prof_data_start           
ffffffff  __binit__                      
ffffffff  __c_args__                     
ffffffff  binit                          
UNDEFED   __TI_TLS_INIT_Base             
UNDEFED   __TI_TLS_INIT_Limit            

[260 symbols]
